Archive member included to satisfy reference by file (symbol)

F:/Development/Programs/Programing/STM32/STM32IDE/STM32CubeIDE_1.12.1/STM32CubeIDE/plugins/com.st.stm32cube.ide.mcu.externaltools.gnu-tools-for-stm32.11.3.rel1.win32_1.1.100.202309141235/tools/bin/../lib/gcc/arm-none-eabi/11.3.1/../../../../arm-none-eabi/lib/thumb/v7-m/nofp\libc_nano.a(libc_a-exit.o)
                              F:/Development/Programs/Programing/STM32/STM32IDE/STM32CubeIDE_1.12.1/STM32CubeIDE/plugins/com.st.stm32cube.ide.mcu.externaltools.gnu-tools-for-stm32.11.3.rel1.win32_1.1.100.202309141235/tools/bin/../lib/gcc/arm-none-eabi/11.3.1/../../../../arm-none-eabi/lib/thumb/v7-m/nofp/crt0.o (exit)
F:/Development/Programs/Programing/STM32/STM32IDE/STM32CubeIDE_1.12.1/STM32CubeIDE/plugins/com.st.stm32cube.ide.mcu.externaltools.gnu-tools-for-stm32.11.3.rel1.win32_1.1.100.202309141235/tools/bin/../lib/gcc/arm-none-eabi/11.3.1/../../../../arm-none-eabi/lib/thumb/v7-m/nofp\libc_nano.a(libc_a-malloc.o)
                              ./Core/Src/Button.o (malloc)
F:/Development/Programs/Programing/STM32/STM32IDE/STM32CubeIDE_1.12.1/STM32CubeIDE/plugins/com.st.stm32cube.ide.mcu.externaltools.gnu-tools-for-stm32.11.3.rel1.win32_1.1.100.202309141235/tools/bin/../lib/gcc/arm-none-eabi/11.3.1/../../../../arm-none-eabi/lib/thumb/v7-m/nofp\libc_nano.a(libc_a-mallocr.o)
                              F:/Development/Programs/Programing/STM32/STM32IDE/STM32CubeIDE_1.12.1/STM32CubeIDE/plugins/com.st.stm32cube.ide.mcu.externaltools.gnu-tools-for-stm32.11.3.rel1.win32_1.1.100.202309141235/tools/bin/../lib/gcc/arm-none-eabi/11.3.1/../../../../arm-none-eabi/lib/thumb/v7-m/nofp\libc_nano.a(libc_a-malloc.o) (_malloc_r)
F:/Development/Programs/Programing/STM32/STM32IDE/STM32CubeIDE_1.12.1/STM32CubeIDE/plugins/com.st.stm32cube.ide.mcu.externaltools.gnu-tools-for-stm32.11.3.rel1.win32_1.1.100.202309141235/tools/bin/../lib/gcc/arm-none-eabi/11.3.1/../../../../arm-none-eabi/lib/thumb/v7-m/nofp\libc_nano.a(libc_a-mlock.o)
                              F:/Development/Programs/Programing/STM32/STM32IDE/STM32CubeIDE_1.12.1/STM32CubeIDE/plugins/com.st.stm32cube.ide.mcu.externaltools.gnu-tools-for-stm32.11.3.rel1.win32_1.1.100.202309141235/tools/bin/../lib/gcc/arm-none-eabi/11.3.1/../../../../arm-none-eabi/lib/thumb/v7-m/nofp\libc_nano.a(libc_a-mallocr.o) (__malloc_lock)
F:/Development/Programs/Programing/STM32/STM32IDE/STM32CubeIDE_1.12.1/STM32CubeIDE/plugins/com.st.stm32cube.ide.mcu.externaltools.gnu-tools-for-stm32.11.3.rel1.win32_1.1.100.202309141235/tools/bin/../lib/gcc/arm-none-eabi/11.3.1/../../../../arm-none-eabi/lib/thumb/v7-m/nofp\libc_nano.a(libc_a-findfp.o)
                              F:/Development/Programs/Programing/STM32/STM32IDE/STM32CubeIDE_1.12.1/STM32CubeIDE/plugins/com.st.stm32cube.ide.mcu.externaltools.gnu-tools-for-stm32.11.3.rel1.win32_1.1.100.202309141235/tools/bin/../lib/gcc/arm-none-eabi/11.3.1/../../../../arm-none-eabi/lib/thumb/v7-m/nofp\libc_nano.a(libc_a-exit.o) (__stdio_exit_handler)
F:/Development/Programs/Programing/STM32/STM32IDE/STM32CubeIDE_1.12.1/STM32CubeIDE/plugins/com.st.stm32cube.ide.mcu.externaltools.gnu-tools-for-stm32.11.3.rel1.win32_1.1.100.202309141235/tools/bin/../lib/gcc/arm-none-eabi/11.3.1/../../../../arm-none-eabi/lib/thumb/v7-m/nofp\libc_nano.a(libc_a-fwalk.o)
                              F:/Development/Programs/Programing/STM32/STM32IDE/STM32CubeIDE_1.12.1/STM32CubeIDE/plugins/com.st.stm32cube.ide.mcu.externaltools.gnu-tools-for-stm32.11.3.rel1.win32_1.1.100.202309141235/tools/bin/../lib/gcc/arm-none-eabi/11.3.1/../../../../arm-none-eabi/lib/thumb/v7-m/nofp\libc_nano.a(libc_a-findfp.o) (_fwalk_sglue)
F:/Development/Programs/Programing/STM32/STM32IDE/STM32CubeIDE_1.12.1/STM32CubeIDE/plugins/com.st.stm32cube.ide.mcu.externaltools.gnu-tools-for-stm32.11.3.rel1.win32_1.1.100.202309141235/tools/bin/../lib/gcc/arm-none-eabi/11.3.1/../../../../arm-none-eabi/lib/thumb/v7-m/nofp\libc_nano.a(libc_a-stdio.o)
                              F:/Development/Programs/Programing/STM32/STM32IDE/STM32CubeIDE_1.12.1/STM32CubeIDE/plugins/com.st.stm32cube.ide.mcu.externaltools.gnu-tools-for-stm32.11.3.rel1.win32_1.1.100.202309141235/tools/bin/../lib/gcc/arm-none-eabi/11.3.1/../../../../arm-none-eabi/lib/thumb/v7-m/nofp\libc_nano.a(libc_a-findfp.o) (__sread)
F:/Development/Programs/Programing/STM32/STM32IDE/STM32CubeIDE_1.12.1/STM32CubeIDE/plugins/com.st.stm32cube.ide.mcu.externaltools.gnu-tools-for-stm32.11.3.rel1.win32_1.1.100.202309141235/tools/bin/../lib/gcc/arm-none-eabi/11.3.1/../../../../arm-none-eabi/lib/thumb/v7-m/nofp\libc_nano.a(libc_a-memset.o)
                              F:/Development/Programs/Programing/STM32/STM32IDE/STM32CubeIDE_1.12.1/STM32CubeIDE/plugins/com.st.stm32cube.ide.mcu.externaltools.gnu-tools-for-stm32.11.3.rel1.win32_1.1.100.202309141235/tools/bin/../lib/gcc/arm-none-eabi/11.3.1/../../../../arm-none-eabi/lib/thumb/v7-m/nofp/crt0.o (memset)
[...]
Memory Configuration

Name             Origin             Length             Attributes
RAM              0x0000000020000000 0x0000000000005000 xrw
FLASH            0x0000000008000000 0x0000000000010000 xr
*default*        0x0000000000000000 0xffffffffffffffff

Linker script and memory map

LOAD F:/Development/Programs/Programing/STM32/STM32IDE/STM32CubeIDE_1.12.1/STM32CubeIDE/plugins/com.st.stm32cube.ide.mcu.externaltools.gnu-tools-for-stm32.11.3.rel1.win32_1.1.100.202309141235/tools/bin/../lib/gcc/arm-none-eabi/11.3.1/thumb/v7-m/nofp/crti.o
LOAD F:/Development/Programs/Programing/STM32/STM32IDE/STM32CubeIDE_1.12.1/STM32CubeIDE/plugins/com.st.stm32cube.ide.mcu.externaltools.gnu-tools-for-stm32.11.3.rel1.win32_1.1.100.202309141235/tools/bin/../lib/gcc/arm-none-eabi/11.3.1/thumb/v7-m/nofp/crtbegin.o
LOAD F:/Development/Programs/Programing/STM32/STM32IDE/STM32CubeIDE_1.12.1/STM32CubeIDE/plugins/com.st.stm32cube.ide.mcu.externaltools.gnu-tools-for-stm32.11.3.rel1.win32_1.1.100.202309141235/tools/bin/../lib/gcc/arm-none-eabi/11.3.1/../../../../arm-none-eabi/lib/thumb/v7-m/nofp/crt0.o
LOAD ./Core/Src/Button.o
LOAD ./Core/Src/Filter.o
LOAD ./Core/Src/Flash_Custom.o
LOAD ./Core/Src/OLED.o
LOAD ./Core/Src/PAC.o
LOAD ./Core/Src/PID.o
LOAD ./Core/Src/Soldering_Station.o
LOAD ./Core/Src/UI_Base_Func.o
LOAD ./Core/Src/UI_Face.o
LOAD ./Core/Src/UI_Menu.o
LOAD ./Core/Src/main.o
LOAD ./Core/Src/stm32f1xx_hal_msp.o
LOAD ./Core/Src/stm32f1xx_it.o
LOAD ./Core/Src/syscalls.o
LOAD ./Core/Src/sysmem.o
LOAD ./Core/Src/system_stm32f1xx.o
LOAD ./Core/Startup/startup_stm32f103c8tx.o
LOAD ./Drivers/STM32F1xx_HAL_Driver/Src/stm32f1xx_hal.o
LOAD ./Drivers/STM32F1xx_HAL_Driver/Src/stm32f1xx_hal_adc.o
LOAD ./Drivers/STM32F1xx_HAL_Driver/Src/stm32f1xx_hal_adc_ex.o
LOAD ./Drivers/STM32F1xx_HAL_Driver/Src/stm32f1xx_hal_cortex.o
LOAD ./Drivers/STM32F1xx_HAL_Driver/Src/stm32f1xx_hal_dma.o
LOAD ./Drivers/STM32F1xx_HAL_Driver/Src/stm32f1xx_hal_exti.o
LOAD ./Drivers/STM32F1xx_HAL_Driver/Src/stm32f1xx_hal_flash.o
LOAD ./Drivers/STM32F1xx_HAL_Driver/Src/stm32f1xx_hal_flash_ex.o
LOAD ./Drivers/STM32F1xx_HAL_Driver/Src/stm32f1xx_hal_gpio.o
LOAD ./Drivers/STM32F1xx_HAL_Driver/Src/stm32f1xx_hal_gpio_ex.o
LOAD ./Drivers/STM32F1xx_HAL_Driver/Src/stm32f1xx_hal_i2c.o
LOAD ./Drivers/STM32F1xx_HAL_Driver/Src/stm32f1xx_hal_pwr.o
LOAD ./Drivers/STM32F1xx_HAL_Driver/Src/stm32f1xx_hal_rcc.o
LOAD ./Drivers/STM32F1xx_HAL_Driver/Src/stm32f1xx_hal_rcc_ex.o
LOAD ./Drivers/STM32F1xx_HAL_Driver/Src/stm32f1xx_hal_tim.o
LOAD ./Drivers/STM32F1xx_HAL_Driver/Src/stm32f1xx_hal_tim_ex.o
START GROUP
LOAD F:/Development/Programs/Programing/STM32/STM32IDE/STM32CubeIDE_1.12.1/STM32CubeIDE/plugins/com.st.stm32cube.ide.mcu.externaltools.gnu-tools-for-stm32.11.3.rel1.win32_1.1.100.202309141235/tools/bin/../lib/gcc/arm-none-eabi/11.3.1/../../../../arm-none-eabi/lib/thumb/v7-m/nofp\libc_nano.a
LOAD F:/Development/Programs/Programing/STM32/STM32IDE/STM32CubeIDE_1.12.1/STM32CubeIDE/plugins/com.st.stm32cube.ide.mcu.externaltools.gnu-tools-for-stm32.11.3.rel1.win32_1.1.100.202309141235/tools/bin/../lib/gcc/arm-none-eabi/11.3.1/../../../../arm-none-eabi/lib/thumb/v7-m/nofp\libm.a
END GROUP
START GROUP
LOAD F:/Development/Programs/Programing/STM32/STM32IDE/STM32CubeIDE_1.12.1/STM32CubeIDE/plugins/com.st.stm32cube.ide.mcu.externaltools.gnu-tools-for-stm32.11.3.rel1.win32_1.1.100.202309141235/tools/bin/../lib/gcc/arm-none-eabi/11.3.1/thumb/v7-m/nofp\libgcc.a
LOAD F:/Development/Programs/Programing/STM32/STM32IDE/STM32CubeIDE_1.12.1/STM32CubeIDE/plugins/com.st.stm32cube.ide.mcu.externaltools.gnu-tools-for-stm32.11.3.rel1.win32_1.1.100.202309141235/tools/bin/../lib/gcc/arm-none-eabi/11.3.1/../../../../arm-none-eabi/lib/thumb/v7-m/nofp\libc_nano.a
END GROUP
START GROUP
LOAD F:/Development/Programs/Programing/STM32/STM32IDE/STM32CubeIDE_1.12.1/STM32CubeIDE/plugins/com.st.stm32cube.ide.mcu.externaltools.gnu-tools-for-stm32.11.3.rel1.win32_1.1.100.202309141235/tools/bin/../lib/gcc/arm-none-eabi/11.3.1/thumb/v7-m/nofp\libgcc.a
LOAD F:/Development/Programs/Programing/STM32/STM32IDE/STM32CubeIDE_1.12.1/STM32CubeIDE/plugins/com.st.stm32cube.ide.mcu.externaltools.gnu-tools-for-stm32.11.3.rel1.win32_1.1.100.202309141235/tools/bin/../lib/gcc/arm-none-eabi/11.3.1/../../../../arm-none-eabi/lib/thumb/v7-m/nofp\libc_nano.a
LOAD F:/Development/Programs/Programing/STM32/STM32IDE/STM32CubeIDE_1.12.1/STM32CubeIDE/plugins/com.st.stm32cube.ide.mcu.externaltools.gnu-tools-for-stm32.11.3.rel1.win32_1.1.100.202309141235/tools/bin/../lib/gcc/arm-none-eabi/11.3.1/../../../../arm-none-eabi/lib/thumb/v7-m/nofp\libnosys.a
END GROUP
START GROUP
LOAD F:/Development/Programs/Programing/STM32/STM32IDE/STM32CubeIDE_1.12.1/STM32CubeIDE/plugins/com.st.stm32cube.ide.mcu.externaltools.gnu-tools-for-stm32.11.3.rel1.win32_1.1.100.202309141235/tools/bin/../lib/gcc/arm-none-eabi/11.3.1/thumb/v7-m/nofp\libgcc.a
LOAD F:/Development/Programs/Programing/STM32/STM32IDE/STM32CubeIDE_1.12.1/STM32CubeIDE/plugins/com.st.stm32cube.ide.mcu.externaltools.gnu-tools-for-stm32.11.3.rel1.win32_1.1.100.202309141235/tools/bin/../lib/gcc/arm-none-eabi/11.3.1/../../../../arm-none-eabi/lib/thumb/v7-m/nofp\libc_nano.a
LOAD F:/Development/Programs/Programing/STM32/STM32IDE/STM32CubeIDE_1.12.1/STM32CubeIDE/plugins/com.st.stm32cube.ide.mcu.externaltools.gnu-tools-for-stm32.11.3.rel1.win32_1.1.100.202309141235/tools/bin/../lib/gcc/arm-none-eabi/11.3.1/../../../../arm-none-eabi/lib/thumb/v7-m/nofp\libnosys.a
END GROUP
LOAD F:/Development/Programs/Programing/STM32/STM32IDE/STM32CubeIDE_1.12.1/STM32CubeIDE/plugins/com.st.stm32cube.ide.mcu.externaltools.gnu-tools-for-stm32.11.3.rel1.win32_1.1.100.202309141235/tools/bin/../lib/gcc/arm-none-eabi/11.3.1/thumb/v7-m/nofp/crtend.o
LOAD F:/Development/Programs/Programing/STM32/STM32IDE/STM32CubeIDE_1.12.1/STM32CubeIDE/plugins/com.st.stm32cube.ide.mcu.externaltools.gnu-tools-for-stm32.11.3.rel1.win32_1.1.100.202309141235/tools/bin/../lib/gcc/arm-none-eabi/11.3.1/thumb/v7-m/nofp/crtn.o
                0x0000000020005000                _estack = (ORIGIN (RAM) + LENGTH (RAM))
                0x0000000000000200                _Min_Heap_Size = 0x200
                0x0000000000000400                _Min_Stack_Size = 0x400

.isr_vector     0x0000000008000000      0x10c
                0x0000000008000000                . = ALIGN (0x4)
 *(.isr_vector)
 .isr_vector    0x0000000008000000      0x10c ./Core/Startup/startup_stm32f103c8tx.o
                0x0000000008000000                g_pfnVectors
                0x000000000800010c                . = ALIGN (0x4)

.text           0x000000000800010c     0x9704
                0x000000000800010c                . = ALIGN (0x4)
 *(.text)
 .text          0x000000000800010c       0x40 F:/Development/Programs/Programing/STM32/STM32IDE/STM32CubeIDE_1.12.1/STM32CubeIDE/plugins/com.st.stm32cube.ide.mcu.externaltools.gnu-tools-for-stm32.11.3.rel1.win32_1.1.100.202309141235/tools/bin/../lib/gcc/arm-none-eabi/11.3.1/thumb/v7-m/nofp/crtbegin.o
 .text          0x000000000800014c       0x10 F:/Development/Programs/Programing/STM32/STM32IDE/STM32CubeIDE_1.12.1/STM32CubeIDE/plugins/com.st.stm32cube.ide.mcu.externaltools.gnu-tools-for-stm32.11.3.rel1.win32_1.1.100.202309141235/tools/bin/../lib/gcc/arm-none-eabi/11.3.1/../../../../arm-none-eabi/lib/thumb/v7-m/nofp\libc_nano.a(libc_a-strlen.o)
                0x000000000800014c                strlen
 .text          0x000000000800015c      0x21c F:/Development/Programs/Programing/STM32/STM32IDE/STM32CubeIDE_1.12.1/STM32CubeIDE/plugins/com.st.stm32cube.ide.mcu.externaltools.gnu-tools-for-stm32.11.3.rel1.win32_1.1.100.202309141235/tools/bin/../lib/gcc/arm-none-eabi/11.3.1/thumb/v7-m/nofp\libgcc.a(_arm_addsubsf3.o)
                0x000000000800015c                __aeabi_frsub
                0x0000000008000164                __subsf3
                0x0000000008000164                __aeabi_fsub
                0x0000000008000168                __aeabi_fadd
                0x0000000008000168                __addsf3
                0x00000000080002c8                __aeabi_ui2f
                0x00000000080002c8                __floatunsisf
                0x00000000080002d0                __aeabi_i2f
                0x00000000080002d0                __floatsisf
                0x00000000080002ec                __aeabi_ul2f
                0x00000000080002ec                __floatundisf
                0x00000000080002fc                __aeabi_l2f
                0x00000000080002fc                __floatdisf
 .text          0x0000000008000378      0x2a0 F:/Development/Programs/Programing/STM32/STM32IDE/STM32CubeIDE_1.12.1/STM32CubeIDE/plugins/com.st.stm32cube.ide.mcu.externaltools.gnu-tools-for-stm32.11.3.rel1.win32_1.1.100.202309141235/tools/bin/../lib/gcc/arm-none-eabi/11.3.1/thumb/v7-m/nofp\libgcc.a(_arm_muldivsf3.o)
                0x0000000008000378                __mulsf3
                0x0000000008000378                __aeabi_fmul
                0x00000000080004e0                __aeabi_fdiv
                0x00000000080004e0                __divsf3
 .text          0x0000000008000618       0xec F:/Development/Programs/Programing/STM32/STM32IDE/STM32CubeIDE_1.12.1/STM32CubeIDE/plugins/com.st.stm32cube.ide.mcu.externaltools.gnu-tools-for-stm32.11.3.rel1.win32_1.1.100.202309141235/tools/bin/../lib/gcc/arm-none-eabi/11.3.1/thumb/v7-m/nofp\libgcc.a(_arm_cmpsf2.o)
                0x0000000008000618                __gesf2
                0x0000000008000618                __gtsf2
                0x0000000008000620                __lesf2
                0x0000000008000620                __ltsf2
                0x0000000008000628                __nesf2
                0x0000000008000628                __eqsf2
                0x0000000008000628                __cmpsf2
                0x0000000008000688                __aeabi_cfrcmple
                0x0000000008000690                __aeabi_cfcmpeq
                0x0000000008000690                __aeabi_cfcmple
                0x00000000080006a0                __aeabi_fcmpeq
                0x00000000080006b4                __aeabi_fcmplt
                0x00000000080006c8                __aeabi_fcmple
                0x00000000080006dc                __aeabi_fcmpge
                0x00000000080006f0                __aeabi_fcmpgt
 .text          0x0000000008000704       0x4c F:/Development/Programs/Programing/STM32/STM32IDE/STM32CubeIDE_1.12.1/STM32CubeIDE/plugins/com.st.stm32cube.ide.mcu.externaltools.gnu-tools-for-stm32.11.3.rel1.win32_1.1.100.202309141235/tools/bin/../lib/gcc/arm-none-eabi/11.3.1/thumb/v7-m/nofp\libgcc.a(_arm_fixsfsi.o)
                0x0000000008000704                __aeabi_f2iz
                0x0000000008000704                __fixsfsi
 .text          0x0000000008000750       0x40 F:/Development/Programs/Programing/STM32/STM32IDE/STM32CubeIDE_1.12.1/STM32CubeIDE/plugins/com.st.stm32cube.ide.mcu.externaltools.gnu-tools-for-stm32.11.3.rel1.win32_1.1.100.202309141235/tools/bin/../lib/gcc/arm-none-eabi/11.3.1/thumb/v7-m/nofp\libgcc.a(_arm_fixunssfsi.o)
                0x0000000008000750                __fixunssfsi
                0x0000000008000750                __aeabi_f2uiz
 *(.text*)
 .text.Encoder_Handler
                0x0000000008000790       0xa6 ./Core/Src/Button.o
                0x0000000008000790                Encoder_Handler
 .text.Button_Handler
                0x0000000008000836       0x1c ./Core/Src/Button.o
                0x0000000008000836                Button_Handler
 .text.Rotary_Switch_Handler
                0x0000000008000852       0x2e ./Core/Src/Button.o
                0x0000000008000852                Rotary_Switch_Handler
 .text.Rotary_Switch_EXTI
                0x0000000008000880       0x46 ./Core/Src/Button.o
                0x0000000008000880                Rotary_Switch_EXTI
 .text.Button_EXTI
                0x00000000080008c6       0x30 ./Core/Src/Button.o
                0x00000000080008c6                Button_EXTI
 .text.Encoder_EXTI
                0x00000000080008f6       0x2a ./Core/Src/Button.o
                0x00000000080008f6                Encoder_EXTI
 .text.Button_MODE_it
                0x0000000008000920      0x176 ./Core/Src/Button.o
                0x0000000008000920                Button_MODE_it
 .text.Button_it
                0x0000000008000a96       0x90 ./Core/Src/Button.o
                0x0000000008000a96                Button_it
 .text.Encoder_it
                0x0000000008000b26       0x1a ./Core/Src/Button.o
                0x0000000008000b26                Encoder_it
 .text.Button_ini
                0x0000000008000b40       0x50 ./Core/Src/Button.o
                0x0000000008000b40                Button_ini
 .text.Button_Vector_Create
                0x0000000008000b90       0x78 ./Core/Src/Button.o
                0x0000000008000b90                Button_Vector_Create
 .text.Button_Vector_EXTI
                0x0000000008000c08       0x30 ./Core/Src/Button.o
                0x0000000008000c08                Button_Vector_EXTI
 .text.Button_Vector_it
                0x0000000008000c38       0x2c ./Core/Src/Button.o
                0x0000000008000c38                Button_Vector_it
 .text.Button_Get_Pin_State
                0x0000000008000c64       0x26 ./Core/Src/Button.o
                0x0000000008000c64                Button_Get_Pin_State
 .text.Button_Get_Event_State
                0x0000000008000c8a       0x1c ./Core/Src/Button.o
                0x0000000008000c8a                Button_Get_Event_State
 .text.Encoder_Reset_Rotary_Switch_Buffer
                0x0000000008000ca6       0x18 ./Core/Src/Button.o
                0x0000000008000ca6                Encoder_Reset_Rotary_Switch_Buffer
 .text.Encoder_Get_Rotary_Switch_Buffer
                0x0000000008000cbe       0x16 ./Core/Src/Button.o
                0x0000000008000cbe                Encoder_Get_Rotary_Switch_Buffer
 .text.Encoder_Reset_Button_State
                0x0000000008000cd4       0x1a ./Core/Src/Button.o
                0x0000000008000cd4                Encoder_Reset_Button_State
 .text.Encoder_Get_Button_State
                0x0000000008000cee       0x18 ./Core/Src/Button.o
                0x0000000008000cee                Encoder_Get_Button_State
 .text.Encoder_ini
                0x0000000008000d06       0x44 ./Core/Src/Button.o
                0x0000000008000d06                Encoder_ini
 .text.Filter_Mediana_3
                0x0000000008000d4a       0x5a ./Core/Src/Filter.o
                0x0000000008000d4a                Filter_Mediana_3
 .text.Filter_Mediana_9
                0x0000000008000da4       0x6c ./Core/Src/Filter.o
                0x0000000008000da4                Filter_Mediana_9
 .text.Filter_ini
                0x0000000008000e10       0x1a ./Core/Src/Filter.o
                0x0000000008000e10                Filter_ini
 .text.Filter_Exp_Mov_Average
                0x0000000008000e2a       0xb0 ./Core/Src/Filter.o
                0x0000000008000e2a                Filter_Exp_Mov_Average
 .text.Filter_Combined
                0x0000000008000eda       0x6a ./Core/Src/Filter.o
                0x0000000008000eda                Filter_Combined
 .text.Flash_Erase
                0x0000000008000f44       0x5e ./Core/Src/Flash_Custom.o
                0x0000000008000f44                Flash_Erase
 .text.Flash_Write
                0x0000000008000fa2       0x7a ./Core/Src/Flash_Custom.o
                0x0000000008000fa2                Flash_Write
 .text.Flash_Read
                0x000000000800101c       0x42 ./Core/Src/Flash_Custom.o
                0x000000000800101c                Flash_Read
 .text.OLED_Send_Command
                0x000000000800105e       0x38 ./Core/Src/OLED.o
                0x000000000800105e                OLED_Send_Command
 .text.OLED_Search_Adress
                0x0000000008001096       0x44 ./Core/Src/OLED.o
                0x0000000008001096                OLED_Search_Adress
 .text.OLED_ini
                0x00000000080010da       0x86 ./Core/Src/OLED.o
                0x00000000080010da                OLED_ini
 .text.OLED_Set_Cursor
                0x0000000008001160       0x54 ./Core/Src/OLED.o
                0x0000000008001160                OLED_Set_Cursor
 .text.OLED_Set_Char_Cursor
                0x00000000080011b4       0x60 ./Core/Src/OLED.o
                0x00000000080011b4                OLED_Set_Char_Cursor
 .text.OLED_Clear_Display
                0x0000000008001214       0x68 ./Core/Src/OLED.o
                0x0000000008001214                OLED_Clear_Display
 .text.OLED_Send_Char
                0x000000000800127c       0x80 ./Core/Src/OLED.o
                0x000000000800127c                OLED_Send_Char
 .text.OLED_Clear_Line
                0x00000000080012fc       0x4e ./Core/Src/OLED.o
                0x00000000080012fc                OLED_Clear_Line
 *fill*         0x000000000800134a        0x2 
 .text.OLED_Send_String
                0x000000000800134c      0x11c ./Core/Src/OLED.o
                0x000000000800134c                OLED_Send_String
 .text.PAC_Control_Vector_Create
                0x0000000008001468       0x5c ./Core/Src/PAC.o
                0x0000000008001468                PAC_Control_Vector_Create
 .text.PAC_Control_Vector_PIN_Reset
                0x00000000080014c4       0x30 ./Core/Src/PAC.o
                0x00000000080014c4                PAC_Control_Vector_PIN_Reset
 .text.PAC_Controll_Callback
                0x00000000080014f4       0x70 ./Core/Src/PAC.o
                0x00000000080014f4                PAC_Controll_Callback
 .text.ZCD_Falling_Adge_Callback
                0x0000000008001564       0x2c ./Core/Src/PAC.o
                0x0000000008001564                ZCD_Falling_Adge_Callback
 .text.ZCD_Rising_Adge_Callback
                0x0000000008001590       0x42 ./Core/Src/PAC.o
                0x0000000008001590                ZCD_Rising_Adge_Callback
 .text.ZCD_ini  0x00000000080015d2       0x38 ./Core/Src/PAC.o
                0x00000000080015d2                ZCD_ini
 .text.ZCD_OFF  0x000000000800160a       0x1e ./Core/Src/PAC.o
                0x000000000800160a                ZCD_OFF
 .text.ZCD_ON   0x0000000008001628       0x18 ./Core/Src/PAC.o
                0x0000000008001628                ZCD_ON
 .text.PAC_ON   0x0000000008001640       0x28 ./Core/Src/PAC.o
                0x0000000008001640                PAC_ON
 .text.PAC_OFF  0x0000000008001668       0x58 ./Core/Src/PAC.o
                0x0000000008001668                PAC_OFF
 .text.PAC_EXTI
                0x00000000080016c0       0x96 ./Core/Src/PAC.o
                0x00000000080016c0                PAC_EXTI
 *fill*         0x0000000008001756        0x2 
 .text.PAC_it   0x0000000008001758       0x64 ./Core/Src/PAC.o
                0x0000000008001758                PAC_it
 .text.PAC_Set_Control_Value
                0x00000000080017bc       0x1c ./Core/Src/PAC.o
                0x00000000080017bc                PAC_Set_Control_Value
 .text.PAC_Get_State
                0x00000000080017d8       0x16 ./Core/Src/PAC.o
                0x00000000080017d8                PAC_Get_State
 .text.PAC_Get_Frequency
                0x00000000080017ee       0x16 ./Core/Src/PAC.o
                0x00000000080017ee                PAC_Get_Frequency
 .text.PAC_Get_Max_Control_Value
                0x0000000008001804       0x16 ./Core/Src/PAC.o
                0x0000000008001804                PAC_Get_Max_Control_Value
 .text.PAC_ini  0x000000000800181a       0x18 ./Core/Src/PAC.o
                0x000000000800181a                PAC_ini
 .text.PID_ini  0x0000000008001832       0x22 ./Core/Src/PID.o
                0x0000000008001832                PID_ini
 .text.PID_it   0x0000000008001854      0x11c ./Core/Src/PID.o
                0x0000000008001854                PID_it
 .text.PID_Set_Point
                0x0000000008001970       0x1e ./Core/Src/PID.o
                0x0000000008001970                PID_Set_Point
 .text.PID_Set_Curent_Point
                0x000000000800198e       0x1e ./Core/Src/PID.o
                0x000000000800198e                PID_Set_Curent_Point
 .text.PID_Set_MAX_Control
                0x00000000080019ac       0x1c ./Core/Src/PID.o
                0x00000000080019ac                PID_Set_MAX_Control
 .text.Set_Temperature
                0x00000000080019c8       0xd4 ./Core/Src/Soldering_Station.o
                0x00000000080019c8                Set_Temperature
 .text.Temperatur_Correction
                0x0000000008001a9c       0xb4 ./Core/Src/Soldering_Station.o
                0x0000000008001a9c                Temperatur_Correction
 .text.Temperature_Presets_Corection_Converting
                0x0000000008001b50       0x86 ./Core/Src/Soldering_Station.o
                0x0000000008001b50                Temperature_Presets_Corection_Converting
 .text.Get_Temperature_Set_C
                0x0000000008001bd6       0x16 ./Core/Src/Soldering_Station.o
                0x0000000008001bd6                Get_Temperature_Set_C
 .text.Get_Current_Temperature_C
                0x0000000008001bec       0x3c ./Core/Src/Soldering_Station.o
                0x0000000008001bec                Get_Current_Temperature_C
 .text.Get_Manual_Preset_Temperature_C
                0x0000000008001c28       0x16 ./Core/Src/Soldering_Station.o
                0x0000000008001c28                Get_Manual_Preset_Temperature_C
 .text.Set_Manual_Preset_Temperature_C
                0x0000000008001c3e       0x1c ./Core/Src/Soldering_Station.o
                0x0000000008001c3e                Set_Manual_Preset_Temperature_C
 .text.Solder_Iron_it
                0x0000000008001c5a       0x7a ./Core/Src/Soldering_Station.o
                0x0000000008001c5a                Solder_Iron_it
 .text.Solder_Iron_Sleep_Time_Resset
                0x0000000008001cd4       0x30 ./Core/Src/Soldering_Station.o
                0x0000000008001cd4                Solder_Iron_Sleep_Time_Resset
 .text.Solder_Iron_tim_it
                0x0000000008001d04       0x88 ./Core/Src/Soldering_Station.o
                0x0000000008001d04                Solder_Iron_tim_it
 .text.Solder_Iron_ini
                0x0000000008001d8c       0x3c ./Core/Src/Soldering_Station.o
                0x0000000008001d8c                Solder_Iron_ini
 .text.Solder_Iron_ON
                0x0000000008001dc8       0x2c ./Core/Src/Soldering_Station.o
                0x0000000008001dc8                Solder_Iron_ON
 .text.Solder_Iron_OFF
                0x0000000008001df4       0x24 ./Core/Src/Soldering_Station.o
                0x0000000008001df4                Solder_Iron_OFF
 .text.Solder_Iron_Set_MODE_Temperature
                0x0000000008001e18       0x88 ./Core/Src/Soldering_Station.o
                0x0000000008001e18                Solder_Iron_Set_MODE_Temperature
 .text.Solder_Iron_Temperature_Presets_Corection_Converting
                0x0000000008001ea0       0x26 ./Core/Src/Soldering_Station.o
                0x0000000008001ea0                Solder_Iron_Temperature_Presets_Corection_Converting
 .text.Solder_Iron_Set_Manual_Temperature
                0x0000000008001ec6       0x34 ./Core/Src/Soldering_Station.o
                0x0000000008001ec6                Solder_Iron_Set_Manual_Temperature
 .text.Solder_Iron_Set_Preset1_Temperature
                0x0000000008001efa       0x1e ./Core/Src/Soldering_Station.o
                0x0000000008001efa                Solder_Iron_Set_Preset1_Temperature
 .text.Solder_Iron_Set_Preset2_Temperature
                0x0000000008001f18       0x1e ./Core/Src/Soldering_Station.o
                0x0000000008001f18                Solder_Iron_Set_Preset2_Temperature
 .text.Solder_Iron_Set_Manual_Preset_Temperature_C
                0x0000000008001f36       0x24 ./Core/Src/Soldering_Station.o
                0x0000000008001f36                Solder_Iron_Set_Manual_Preset_Temperature_C
 .text.Solder_Iron_Full_Power_ON
                0x0000000008001f5a       0x2c ./Core/Src/Soldering_Station.o
                0x0000000008001f5a                Solder_Iron_Full_Power_ON
 .text.Solder_Iron_Full_Power_OFF
                0x0000000008001f86       0x2c ./Core/Src/Soldering_Station.o
                0x0000000008001f86                Solder_Iron_Full_Power_OFF
 .text.Solder_Iron_Get_Full_Power_State
                0x0000000008001fb2       0x18 ./Core/Src/Soldering_Station.o
                0x0000000008001fb2                Solder_Iron_Get_Full_Power_State
 .text.Solder_Iron_Get_State
                0x0000000008001fca       0x18 ./Core/Src/Soldering_Station.o
                0x0000000008001fca                Solder_Iron_Get_State
 .text.Soldering_Iron_Get_Manual_Preset_Temperature_C
                0x0000000008001fe2       0x1c ./Core/Src/Soldering_Station.o
                0x0000000008001fe2                Soldering_Iron_Get_Manual_Preset_Temperature_C
 .text.Soldering_Iron_Get_Temperature_Set_C
                0x0000000008001ffe       0x1c ./Core/Src/Soldering_Station.o
                0x0000000008001ffe                Soldering_Iron_Get_Temperature_Set_C
 .text.Soldering_Iron_Get_Current_Temperature_C
                0x000000000800201a       0x1c ./Core/Src/Soldering_Station.o
                0x000000000800201a                Soldering_Iron_Get_Current_Temperature_C
 .text.Vibration_Sensor_it
                0x0000000008002036       0x5c ./Core/Src/Soldering_Station.o
                0x0000000008002036                Vibration_Sensor_it
 .text.Solder_Iron_Flash_Write_Struct
                0x0000000008002092       0x1e ./Core/Src/Soldering_Station.o
                0x0000000008002092                Solder_Iron_Flash_Write_Struct
 .text.Solder_Iron_Flash_Read_Struct
                0x00000000080020b0       0x44 ./Core/Src/Soldering_Station.o
                0x00000000080020b0                Solder_Iron_Flash_Read_Struct
 .text.Solder_Iron_Flash_Read_Manual_Temperature
                0x00000000080020f4       0x24 ./Core/Src/Soldering_Station.o
                0x00000000080020f4                Solder_Iron_Flash_Read_Manual_Temperature
 .text.Solder_Iron_Flash_Reset_Rewrite_Timer
                0x0000000008002118       0x1a ./Core/Src/Soldering_Station.o
                0x0000000008002118                Solder_Iron_Flash_Reset_Rewrite_Timer
 .text.Soldering_Heat_Gun_ini
                0x0000000008002132       0x32 ./Core/Src/Soldering_Station.o
                0x0000000008002132                Soldering_Heat_Gun_ini
 .text.Soldering_Heat_Gun_ON
                0x0000000008002164       0x64 ./Core/Src/Soldering_Station.o
                0x0000000008002164                Soldering_Heat_Gun_ON
 .text.Soldering_Heat_Gun_OFF
                0x00000000080021c8       0x58 ./Core/Src/Soldering_Station.o
                0x00000000080021c8                Soldering_Heat_Gun_OFF
 .text.Soldering_Heat_Gun_Set_MODE_Temperature
                0x0000000008002220       0x3e ./Core/Src/Soldering_Station.o
                0x0000000008002220                Soldering_Heat_Gun_Set_MODE_Temperature
 .text.Soldering_Heat_Gun_Temperature_Presets_Corection_Converting
                0x000000000800225e       0x26 ./Core/Src/Soldering_Station.o
                0x000000000800225e                Soldering_Heat_Gun_Temperature_Presets_Corection_Converting
 .text.Soldering_Heat_Gun_Temperature_Coolling_Converting
                0x0000000008002284       0x58 ./Core/Src/Soldering_Station.o
                0x0000000008002284                Soldering_Heat_Gun_Temperature_Coolling_Converting
 .text.Soldering_Heat_Gun_Set_Manual_Temperature
                0x00000000080022dc       0x2e ./Core/Src/Soldering_Station.o
                0x00000000080022dc                Soldering_Heat_Gun_Set_Manual_Temperature
 .text.Soldering_Heat_Gun_Set_Preset1_Temperature
                0x000000000800230a       0x18 ./Core/Src/Soldering_Station.o
                0x000000000800230a                Soldering_Heat_Gun_Set_Preset1_Temperature
 .text.Soldering_Heat_Gun_Set_Preset2_Temperature
                0x0000000008002322       0x18 ./Core/Src/Soldering_Station.o
                0x0000000008002322                Soldering_Heat_Gun_Set_Preset2_Temperature
 .text.Soldering_Heat_Gun_Set_Manual_Preset_Temperature_C
                0x000000000800233a       0x24 ./Core/Src/Soldering_Station.o
                0x000000000800233a                Soldering_Heat_Gun_Set_Manual_Preset_Temperature_C
 .text.Soldering_Heat_Gun_Set_PID_MAX_Control_Value
                0x000000000800235e       0x20 ./Core/Src/Soldering_Station.o
                0x000000000800235e                Soldering_Heat_Gun_Set_PID_MAX_Control_Value
 .text.Soldering_Heat_Gun_Get_State
                0x000000000800237e       0x18 ./Core/Src/Soldering_Station.o
                0x000000000800237e                Soldering_Heat_Gun_Get_State
 .text.Soldering_Heat_Gun_Get_Manual_Preset_Temperature_C
                0x0000000008002396       0x1c ./Core/Src/Soldering_Station.o
                0x0000000008002396                Soldering_Heat_Gun_Get_Manual_Preset_Temperature_C
 .text.Soldering_Heat_Gun_Get_Temperature_Set_C
                0x00000000080023b2       0x1c ./Core/Src/Soldering_Station.o
                0x00000000080023b2                Soldering_Heat_Gun_Get_Temperature_Set_C
 .text.Soldering_Heat_Gun_Get_Current_Temperature_C
                0x00000000080023ce       0x1c ./Core/Src/Soldering_Station.o
                0x00000000080023ce                Soldering_Heat_Gun_Get_Current_Temperature_C
 .text.Soldering_Heat_Gun_Get_PAC_Controll_State
                0x00000000080023ea       0x18 ./Core/Src/Soldering_Station.o
                0x00000000080023ea                Soldering_Heat_Gun_Get_PAC_Controll_State
 .text.Soldering_Heat_Gun_Get_PAC_Controll_Value
                0x0000000008002402       0x18 ./Core/Src/Soldering_Station.o
                0x0000000008002402                Soldering_Heat_Gun_Get_PAC_Controll_Value
 .text.Soldering_Heat_Gun_it
                0x000000000800241a       0xc8 ./Core/Src/Soldering_Station.o
                0x000000000800241a                Soldering_Heat_Gun_it
 .text.Soldering_Heat_Gun_Flash_Write_Struct
                0x00000000080024e2       0x1e ./Core/Src/Soldering_Station.o
                0x00000000080024e2                Soldering_Heat_Gun_Flash_Write_Struct
 .text.Soldering_Heat_Gun_Flash_Read_Struct
                0x0000000008002500       0x44 ./Core/Src/Soldering_Station.o
                0x0000000008002500                Soldering_Heat_Gun_Flash_Read_Struct
 .text.Soldering_Heat_Gun_Flash_Read_Manual_Temperature
                0x0000000008002544       0x24 ./Core/Src/Soldering_Station.o
                0x0000000008002544                Soldering_Heat_Gun_Flash_Read_Manual_Temperature
 .text.Soldering_Heat_Gun_Flash_Reset_Rewrite_Timer
                0x0000000008002568       0x1a ./Core/Src/Soldering_Station.o
                0x0000000008002568                Soldering_Heat_Gun_Flash_Reset_Rewrite_Timer
 .text.Soldering_Separator_ini
                0x0000000008002582       0x32 ./Core/Src/Soldering_Station.o
                0x0000000008002582                Soldering_Separator_ini
 .text.Soldering_Separator_ON
                0x00000000080025b4       0x3c ./Core/Src/Soldering_Station.o
                0x00000000080025b4                Soldering_Separator_ON
 .text.Soldering_Separator_OFF
                0x00000000080025f0       0x2a ./Core/Src/Soldering_Station.o
                0x00000000080025f0                Soldering_Separator_OFF
 .text.Soldering_Separator_Set_MODE_Temperature
                0x000000000800261a       0x3e ./Core/Src/Soldering_Station.o
                0x000000000800261a                Soldering_Separator_Set_MODE_Temperature
 .text.Soldering_Separator_Temperature_Presets_Corection_Converting
                0x0000000008002658       0x26 ./Core/Src/Soldering_Station.o
                0x0000000008002658                Soldering_Separator_Temperature_Presets_Corection_Converting
 .text.Soldering_Separator_Set_Manual_Temperature
                0x000000000800267e       0x2e ./Core/Src/Soldering_Station.o
                0x000000000800267e                Soldering_Separator_Set_Manual_Temperature
 .text.Soldering_Separator_Set_Preset1_Temperature
                0x00000000080026ac       0x18 ./Core/Src/Soldering_Station.o
                0x00000000080026ac                Soldering_Separator_Set_Preset1_Temperature
 .text.Soldering_Separator_Set_Preset2_Temperature
                0x00000000080026c4       0x18 ./Core/Src/Soldering_Station.o
                0x00000000080026c4                Soldering_Separator_Set_Preset2_Temperature
 .text.Soldering_Separator_Set_Manual_Preset_Temperature_C
                0x00000000080026dc       0x24 ./Core/Src/Soldering_Station.o
                0x00000000080026dc                Soldering_Separator_Set_Manual_Preset_Temperature_C
 .text.Soldering_Separator_Get_State
                0x0000000008002700       0x18 ./Core/Src/Soldering_Station.o
                0x0000000008002700                Soldering_Separator_Get_State
 .text.Soldering_Separator_Get_Temperature_Set_C
                0x0000000008002718       0x1c ./Core/Src/Soldering_Station.o
                0x0000000008002718                Soldering_Separator_Get_Temperature_Set_C
 .text.Soldering_Separator_Get_Current_Temperature_C
                0x0000000008002734       0x1c ./Core/Src/Soldering_Station.o
                0x0000000008002734                Soldering_Separator_Get_Current_Temperature_C
 .text.Soldering_Separator_Get_Manual_Preset_Temperature_C
                0x0000000008002750       0x1c ./Core/Src/Soldering_Station.o
                0x0000000008002750                Soldering_Separator_Get_Manual_Preset_Temperature_C
 .text.Soldering_Separator_Set_PID_MAX_Control_Value
                0x000000000800276c       0x20 ./Core/Src/Soldering_Station.o
                0x000000000800276c                Soldering_Separator_Set_PID_MAX_Control_Value
 .text.Soldering_Separator_Get_PAC_Controll_State
                0x000000000800278c       0x18 ./Core/Src/Soldering_Station.o
                0x000000000800278c                Soldering_Separator_Get_PAC_Controll_State
 .text.Soldering_Separator_Get_PAC_Controll_Value
                0x00000000080027a4       0x18 ./Core/Src/Soldering_Station.o
                0x00000000080027a4                Soldering_Separator_Get_PAC_Controll_Value
 .text.Soldering_Separator_it
                0x00000000080027bc       0x70 ./Core/Src/Soldering_Station.o
                0x00000000080027bc                Soldering_Separator_it
 .text.Soldering_Separator_Flash_Write_Struct
                0x000000000800282c       0x1e ./Core/Src/Soldering_Station.o
                0x000000000800282c                Soldering_Separator_Flash_Write_Struct
 *fill*         0x000000000800284a        0x2 
 .text.Soldering_Separator_Flash_Read_Struct
                0x000000000800284c       0x44 ./Core/Src/Soldering_Station.o
                0x000000000800284c                Soldering_Separator_Flash_Read_Struct
 .text.Soldering_Separator_Flash_Read_Manual_Temperature
                0x0000000008002890       0x24 ./Core/Src/Soldering_Station.o
                0x0000000008002890                Soldering_Separator_Flash_Read_Manual_Temperature
 .text.Soldering_Separator_Flash_Reset_Rewrite_Timer
                0x00000000080028b4       0x1a ./Core/Src/Soldering_Station.o
                0x00000000080028b4                Soldering_Separator_Flash_Reset_Rewrite_Timer
 .text.Soldering_Station_Temperature_Presets_Corection_Converting
                0x00000000080028ce       0x26 ./Core/Src/Soldering_Station.o
                0x00000000080028ce                Soldering_Station_Temperature_Presets_Corection_Converting
 .text.Soldering_Station_Read_Struct
                0x00000000080028f4       0x64 ./Core/Src/Soldering_Station.o
                0x00000000080028f4                Soldering_Station_Read_Struct
 .text.Soldering_Station_Write_Struct
                0x0000000008002958       0x7c ./Core/Src/Soldering_Station.o
                0x0000000008002958                Soldering_Station_Write_Struct
 .text.Write_Manual_Temperature
                0x00000000080029d4       0x4a ./Core/Src/Soldering_Station.o
                0x00000000080029d4                Write_Manual_Temperature
 .text.Flash_Read_Manual_Temperature
                0x0000000008002a1e       0x5a ./Core/Src/Soldering_Station.o
                0x0000000008002a1e                Flash_Read_Manual_Temperature
 .text.Flash_Reset_Rewrite_Timer
                0x0000000008002a78       0x1e ./Core/Src/Soldering_Station.o
                0x0000000008002a78                Flash_Reset_Rewrite_Timer
 .text.Flash_Rewrite_Timer_it
                0x0000000008002a96       0x40 ./Core/Src/Soldering_Station.o
                0x0000000008002a96                Flash_Rewrite_Timer_it
 *fill*         0x0000000008002ad6        0x2 
 .text.Flash_Rewrite_Timer_tim_it
                0x0000000008002ad8       0x5c ./Core/Src/Soldering_Station.o
                0x0000000008002ad8                Flash_Rewrite_Timer_tim_it
 .text.Flash_Rewrite_Timer_ini
                0x0000000008002b34       0x1e ./Core/Src/Soldering_Station.o
                0x0000000008002b34                Flash_Rewrite_Timer_ini
 *fill*         0x0000000008002b52        0x2 
 .text.UI_Draw_Parmetr_Ptr
                0x0000000008002b54      0x338 ./Core/Src/UI_Base_Func.o
                0x0000000008002b54                UI_Draw_Parmetr_Ptr
 .text.UI_Draw_Parmetr
                0x0000000008002e8c       0x2e ./Core/Src/UI_Base_Func.o
                0x0000000008002e8c                UI_Draw_Parmetr
 *fill*         0x0000000008002eba        0x2 
 .text.UI_Draw_String
                0x0000000008002ebc       0x40 ./Core/Src/UI_Base_Func.o
                0x0000000008002ebc                UI_Draw_String
 .text.UI_Set_Cursor
                0x0000000008002efc       0x60 ./Core/Src/UI_Base_Func.o
                0x0000000008002efc                UI_Set_Cursor
 .text.UI_Clear_Line
                0x0000000008002f5c       0x20 ./Core/Src/UI_Base_Func.o
                0x0000000008002f5c                UI_Clear_Line
 .text.UI_Change_Value_Ptr
                0x0000000008002f7c      0x160 ./Core/Src/UI_Base_Func.o
                0x0000000008002f7c                UI_Change_Value_Ptr
 .text.UI_Change_Value
                0x00000000080030dc       0x3a ./Core/Src/UI_Base_Func.o
                0x00000000080030dc                UI_Change_Value
 *fill*         0x0000000008003116        0x2 
 .text.UI_Draw_String_Center
                0x0000000008003118       0x54 ./Core/Src/UI_Base_Func.o
                0x0000000008003118                UI_Draw_String_Center
 .text.UI_Encoder_Reset_Rotary_Switch_Buffer
                0x000000000800316c       0x16 ./Core/Src/UI_Base_Func.o
                0x000000000800316c                UI_Encoder_Reset_Rotary_Switch_Buffer
 .text.UI_Encoder_Reset_Button_State
                0x0000000008003182       0x16 ./Core/Src/UI_Base_Func.o
                0x0000000008003182                UI_Encoder_Reset_Button_State
 .text.Face_UI_Draw_Name_List
                0x0000000008003198      0x10c ./Core/Src/UI_Face.o
                0x0000000008003198                Face_UI_Draw_Name_List
 .text.Face_UI_Draw_Parameters_List
                0x00000000080032a4      0x1f4 ./Core/Src/UI_Face.o
                0x00000000080032a4                Face_UI_Draw_Parameters_List
 .text.Get_Button_State
                0x0000000008003498      0x1b4 ./Core/Src/UI_Face.o
                0x0000000008003498                Get_Button_State
 .text.Face_UI_it
                0x000000000800364c      0x23c ./Core/Src/UI_Face.o
                0x000000000800364c                Face_UI_it
 .text.Menu_List_Element_Draw
                0x0000000008003888       0x3a ./Core/Src/UI_Menu.o
                0x0000000008003888                Menu_List_Element_Draw
 .text.Menu_List_Element_Vector_Draw
                0x00000000080038c2       0x68 ./Core/Src/UI_Menu.o
                0x00000000080038c2                Menu_List_Element_Vector_Draw
 .text.Menu_List_Vector_Size
                0x000000000800392a       0x32 ./Core/Src/UI_Menu.o
                0x000000000800392a                Menu_List_Vector_Size
 .text.Get_Prescaler
                0x000000000800395c       0xb8 ./Core/Src/UI_Menu.o
                0x000000000800395c                Get_Prescaler
 .text.Menu_List_Element_Value_Change
                0x0000000008003a14       0x78 ./Core/Src/UI_Menu.o
                0x0000000008003a14                Menu_List_Element_Value_Change
 .text.UI_Menu_List_Element_Vector_it
                0x0000000008003a8c      0x198 ./Core/Src/UI_Menu.o
                0x0000000008003a8c                UI_Menu_List_Element_Vector_it
 .text.UI_Menu_List_Element_Create
                0x0000000008003c24       0xb6 ./Core/Src/UI_Menu.o
                0x0000000008003c24                UI_Menu_List_Element_Create
 .text.Menu_List_Size
                0x0000000008003cda       0x32 ./Core/Src/UI_Menu.o
                0x0000000008003cda                Menu_List_Size
 .text.Menu_List_Vector_Draw
                0x0000000008003d0c       0x88 ./Core/Src/UI_Menu.o
                0x0000000008003d0c                Menu_List_Vector_Draw
 .text.Menu_Set_List_Cursor
                0x0000000008003d94       0x84 ./Core/Src/UI_Menu.o
                0x0000000008003d94                Menu_Set_List_Cursor
 .text.UI_Menu_it
                0x0000000008003e18      0x15c ./Core/Src/UI_Menu.o
                0x0000000008003e18                UI_Menu_it
 .text.UI_Menu_List_Create
                0x0000000008003f74       0xa2 ./Core/Src/UI_Menu.o
                0x0000000008003f74                UI_Menu_List_Create
 *fill*         0x0000000008004016        0x2 
 .text.PAC_ON_Callback
                0x0000000008004018       0x38 ./Core/Src/main.o
                0x0000000008004018                PAC_ON_Callback
 .text.HAL_ADC_ConvCpltCallback
                0x0000000008004050       0x30 ./Core/Src/main.o
                0x0000000008004050                HAL_ADC_ConvCpltCallback
 .text.HAL_GPIO_EXTI_Callback
                0x0000000008004080       0x50 ./Core/Src/main.o
                0x0000000008004080                HAL_GPIO_EXTI_Callback
 .text.HAL_TIM_PeriodElapsedCallback
                0x00000000080040d0       0xbc ./Core/Src/main.o
                0x00000000080040d0                HAL_TIM_PeriodElapsedCallback
 .text.BUTTON_INI
                0x000000000800418c      0x118 ./Core/Src/main.o
                0x000000000800418c                BUTTON_INI
 .text.Encoder_INI
                0x00000000080042a4       0xcc ./Core/Src/main.o
                0x00000000080042a4                Encoder_INI
 .text.MENU_INI
                0x0000000008004370      0x2c8 ./Core/Src/main.o
                0x0000000008004370                MENU_INI
 .text.OLED_INI
                0x0000000008004638       0x24 ./Core/Src/main.o
                0x0000000008004638                OLED_INI
 .text.Soldering_Iron_INI
                0x000000000800465c      0x134 ./Core/Src/main.o
                0x000000000800465c                Soldering_Iron_INI
 .text.PAC_INI  0x0000000008004790       0x24 ./Core/Src/main.o
                0x0000000008004790                PAC_INI
 .text.Soldering_Heat_Gun_INI
                0x00000000080047b4      0x118 ./Core/Src/main.o
                0x00000000080047b4                Soldering_Heat_Gun_INI
 .text.Soldering_Separator_INI
                0x00000000080048cc       0xd8 ./Core/Src/main.o
                0x00000000080048cc                Soldering_Separator_INI
 .text.main     0x00000000080049a4      0x108 ./Core/Src/main.o
                0x00000000080049a4                main
 .text.SystemClock_Config
                0x0000000008004aac       0xa0 ./Core/Src/main.o
                0x0000000008004aac                SystemClock_Config
 .text.MX_ADC1_Init
                0x0000000008004b4c      0x1f8 ./Core/Src/main.o
 .text.MX_I2C1_Init
                0x0000000008004d44       0x5c ./Core/Src/main.o
 .text.MX_TIM1_Init
                0x0000000008004da0       0xa4 ./Core/Src/main.o
 .text.MX_TIM2_Init
                0x0000000008004e44       0xec ./Core/Src/main.o
 .text.MX_TIM3_Init
                0x0000000008004f30       0x9c ./Core/Src/main.o
 .text.MX_TIM4_Init
                0x0000000008004fcc       0x98 ./Core/Src/main.o
 .text.MX_DMA_Init
                0x0000000008005064       0x3c ./Core/Src/main.o
 .text.MX_GPIO_Init
                0x00000000080050a0      0x210 ./Core/Src/main.o
 .text.Error_Handler
                0x00000000080052b0        0xa ./Core/Src/main.o
                0x00000000080052b0                Error_Handler
 *fill*         0x00000000080052ba        0x2 
 .text.HAL_MspInit
                0x00000000080052bc       0x84 ./Core/Src/stm32f1xx_hal_msp.o
                0x00000000080052bc                HAL_MspInit
 .text.HAL_ADC_MspInit
                0x0000000008005340       0xe4 ./Core/Src/stm32f1xx_hal_msp.o
                0x0000000008005340                HAL_ADC_MspInit
 .text.HAL_I2C_MspInit
                0x0000000008005424       0x7c ./Core/Src/stm32f1xx_hal_msp.o
                0x0000000008005424                HAL_I2C_MspInit
 .text.HAL_TIM_Base_MspInit
                0x00000000080054a0       0xf0 ./Core/Src/stm32f1xx_hal_msp.o
                0x00000000080054a0                HAL_TIM_Base_MspInit
 .text.HAL_TIM_MspPostInit
                0x0000000008005590       0x60 ./Core/Src/stm32f1xx_hal_msp.o
                0x0000000008005590                HAL_TIM_MspPostInit
 .text.NMI_Handler
                0x00000000080055f0        0x6 ./Core/Src/stm32f1xx_it.o
                0x00000000080055f0                NMI_Handler
 .text.HardFault_Handler
                0x00000000080055f6        0x6 ./Core/Src/stm32f1xx_it.o
                0x00000000080055f6                HardFault_Handler
 .text.MemManage_Handler
                0x00000000080055fc        0x6 ./Core/Src/stm32f1xx_it.o
                0x00000000080055fc                MemManage_Handler
 .text.BusFault_Handler
                0x0000000008005602        0x6 ./Core/Src/stm32f1xx_it.o
                0x0000000008005602                BusFault_Handler
 .text.UsageFault_Handler
                0x0000000008005608        0x6 ./Core/Src/stm32f1xx_it.o
                0x0000000008005608                UsageFault_Handler
 .text.SVC_Handler
                0x000000000800560e        0xc ./Core/Src/stm32f1xx_it.o
                0x000000000800560e                SVC_Handler
 .text.DebugMon_Handler
                0x000000000800561a        0xc ./Core/Src/stm32f1xx_it.o
                0x000000000800561a                DebugMon_Handler
 .text.PendSV_Handler
                0x0000000008005626        0xc ./Core/Src/stm32f1xx_it.o
                0x0000000008005626                PendSV_Handler
 .text.SysTick_Handler
                0x0000000008005632        0xc ./Core/Src/stm32f1xx_it.o
                0x0000000008005632                SysTick_Handler
 .text.FLASH_IRQHandler
                0x000000000800563e        0xc ./Core/Src/stm32f1xx_it.o
                0x000000000800563e                FLASH_IRQHandler
 .text.RCC_IRQHandler
                0x000000000800564a        0xc ./Core/Src/stm32f1xx_it.o
                0x000000000800564a                RCC_IRQHandler
 .text.EXTI1_IRQHandler
                0x0000000008005656        0xe ./Core/Src/stm32f1xx_it.o
                0x0000000008005656                EXTI1_IRQHandler
 .text.EXTI2_IRQHandler
                0x0000000008005664        0xe ./Core/Src/stm32f1xx_it.o
                0x0000000008005664                EXTI2_IRQHandler
 .text.EXTI3_IRQHandler
                0x0000000008005672        0xe ./Core/Src/stm32f1xx_it.o
                0x0000000008005672                EXTI3_IRQHandler
 .text.DMA1_Channel1_IRQHandler
                0x0000000008005680       0x14 ./Core/Src/stm32f1xx_it.o
                0x0000000008005680                DMA1_Channel1_IRQHandler
 .text.ADC1_2_IRQHandler
                0x0000000008005694       0x14 ./Core/Src/stm32f1xx_it.o
                0x0000000008005694                ADC1_2_IRQHandler
 .text.TIM1_UP_IRQHandler
                0x00000000080056a8       0x14 ./Core/Src/stm32f1xx_it.o
                0x00000000080056a8                TIM1_UP_IRQHandler
 .text.TIM2_IRQHandler
                0x00000000080056bc       0x14 ./Core/Src/stm32f1xx_it.o
                0x00000000080056bc                TIM2_IRQHandler
 .text.TIM3_IRQHandler
                0x00000000080056d0       0x14 ./Core/Src/stm32f1xx_it.o
                0x00000000080056d0                TIM3_IRQHandler
 .text.TIM4_IRQHandler
                0x00000000080056e4       0x14 ./Core/Src/stm32f1xx_it.o
                0x00000000080056e4                TIM4_IRQHandler
 .text.EXTI15_10_IRQHandler
                0x00000000080056f8       0x28 ./Core/Src/stm32f1xx_it.o
                0x00000000080056f8                EXTI15_10_IRQHandler
 .text._sbrk    0x0000000008005720       0x6c ./Core/Src/sysmem.o
                0x0000000008005720                _sbrk
 .text.SystemInit
                0x000000000800578c        0xc ./Core/Src/system_stm32f1xx.o
                0x000000000800578c                SystemInit
 .text.Reset_Handler
                0x0000000008005798       0x48 ./Core/Startup/startup_stm32f103c8tx.o
                0x0000000008005798                Reset_Handler
 .text.Default_Handler
                0x00000000080057e0        0x2 ./Core/Startup/startup_stm32f103c8tx.o
                0x00000000080057e0                RTC_Alarm_IRQHandler
                0x00000000080057e0                TIM1_CC_IRQHandler
                0x00000000080057e0                PVD_IRQHandler
                0x00000000080057e0                EXTI0_IRQHandler
                0x00000000080057e0                I2C2_EV_IRQHandler
                0x00000000080057e0                SPI1_IRQHandler
                0x00000000080057e0                TAMPER_IRQHandler
                0x00000000080057e0                DMA1_Channel4_IRQHandler
                0x00000000080057e0                USART3_IRQHandler
                0x00000000080057e0                RTC_IRQHandler
                0x00000000080057e0                DMA1_Channel7_IRQHandler
                0x00000000080057e0                CAN1_RX1_IRQHandler
                0x00000000080057e0                I2C1_EV_IRQHandler
                0x00000000080057e0                DMA1_Channel6_IRQHandler
                0x00000000080057e0                TIM1_TRG_COM_IRQHandler
                0x00000000080057e0                Default_Handler
                0x00000000080057e0                EXTI9_5_IRQHandler
                0x00000000080057e0                SPI2_IRQHandler
                0x00000000080057e0                DMA1_Channel5_IRQHandler
                0x00000000080057e0                EXTI4_IRQHandler
                0x00000000080057e0                USB_LP_CAN1_RX0_IRQHandler
                0x00000000080057e0                USB_HP_CAN1_TX_IRQHandler
                0x00000000080057e0                DMA1_Channel3_IRQHandler
                0x00000000080057e0                WWDG_IRQHandler
                0x00000000080057e0                TIM1_BRK_IRQHandler
                0x00000000080057e0                USART2_IRQHandler
                0x00000000080057e0                I2C2_ER_IRQHandler
                0x00000000080057e0                DMA1_Channel2_IRQHandler
                0x00000000080057e0                CAN1_SCE_IRQHandler
                0x00000000080057e0                USART1_IRQHandler
                0x00000000080057e0                I2C1_ER_IRQHandler
                0x00000000080057e0                USBWakeUp_IRQHandler
 *fill*         0x00000000080057e2        0x2 
 .text.HAL_Init
                0x00000000080057e4       0x2c ./Drivers/STM32F1xx_HAL_Driver/Src/stm32f1xx_hal.o
                0x00000000080057e4                HAL_Init
 .text.HAL_InitTick
                0x0000000008005810       0x60 ./Drivers/STM32F1xx_HAL_Driver/Src/stm32f1xx_hal.o
                0x0000000008005810                HAL_InitTick
 .text.HAL_IncTick
                0x0000000008005870       0x24 ./Drivers/STM32F1xx_HAL_Driver/Src/stm32f1xx_hal.o
                0x0000000008005870                HAL_IncTick
 .text.HAL_GetTick
                0x0000000008005894       0x14 ./Drivers/STM32F1xx_HAL_Driver/Src/stm32f1xx_hal.o
                0x0000000008005894                HAL_GetTick
 .text.HAL_ADC_Init
                0x00000000080058a8      0x1b0 ./Drivers/STM32F1xx_HAL_Driver/Src/stm32f1xx_hal_adc.o
                0x00000000080058a8                HAL_ADC_Init
 .text.HAL_ADC_Start_DMA
                0x0000000008005a58      0x1bc ./Drivers/STM32F1xx_HAL_Driver/Src/stm32f1xx_hal_adc.o
                0x0000000008005a58                HAL_ADC_Start_DMA
 .text.HAL_ADC_IRQHandler
                0x0000000008005c14      0x186 ./Drivers/STM32F1xx_HAL_Driver/Src/stm32f1xx_hal_adc.o
                0x0000000008005c14                HAL_ADC_IRQHandler
 .text.HAL_ADC_ConvHalfCpltCallback
                0x0000000008005d9a       0x12 ./Drivers/STM32F1xx_HAL_Driver/Src/stm32f1xx_hal_adc.o
                0x0000000008005d9a                HAL_ADC_ConvHalfCpltCallback
 .text.HAL_ADC_LevelOutOfWindowCallback
                0x0000000008005dac       0x12 ./Drivers/STM32F1xx_HAL_Driver/Src/stm32f1xx_hal_adc.o
                0x0000000008005dac                HAL_ADC_LevelOutOfWindowCallback
 .text.HAL_ADC_ErrorCallback
                0x0000000008005dbe       0x12 ./Drivers/STM32F1xx_HAL_Driver/Src/stm32f1xx_hal_adc.o
                0x0000000008005dbe                HAL_ADC_ErrorCallback
 .text.HAL_ADC_ConfigChannel
                0x0000000008005dd0      0x1f0 ./Drivers/STM32F1xx_HAL_Driver/Src/stm32f1xx_hal_adc.o
                0x0000000008005dd0                HAL_ADC_ConfigChannel
 .text.ADC_Enable
                0x0000000008005fc0       0xb4 ./Drivers/STM32F1xx_HAL_Driver/Src/stm32f1xx_hal_adc.o
                0x0000000008005fc0                ADC_Enable
 .text.ADC_ConversionStop_Disable
                0x0000000008006074       0x82 ./Drivers/STM32F1xx_HAL_Driver/Src/stm32f1xx_hal_adc.o
                0x0000000008006074                ADC_ConversionStop_Disable
 .text.ADC_DMAConvCplt
                0x00000000080060f6       0x7c ./Drivers/STM32F1xx_HAL_Driver/Src/stm32f1xx_hal_adc.o
                0x00000000080060f6                ADC_DMAConvCplt
 .text.ADC_DMAHalfConvCplt
                0x0000000008006172       0x1c ./Drivers/STM32F1xx_HAL_Driver/Src/stm32f1xx_hal_adc.o
                0x0000000008006172                ADC_DMAHalfConvCplt
 .text.ADC_DMAError
                0x000000000800618e       0x34 ./Drivers/STM32F1xx_HAL_Driver/Src/stm32f1xx_hal_adc.o
                0x000000000800618e                ADC_DMAError
 .text.HAL_ADCEx_InjectedConvCpltCallback
                0x00000000080061c2       0x12 ./Drivers/STM32F1xx_HAL_Driver/Src/stm32f1xx_hal_adc_ex.o
                0x00000000080061c2                HAL_ADCEx_InjectedConvCpltCallback
 .text.__NVIC_SetPriorityGrouping
                0x00000000080061d4       0x48 ./Drivers/STM32F1xx_HAL_Driver/Src/stm32f1xx_hal_cortex.o
 .text.__NVIC_GetPriorityGrouping
                0x000000000800621c       0x1c ./Drivers/STM32F1xx_HAL_Driver/Src/stm32f1xx_hal_cortex.o
 .text.__NVIC_EnableIRQ
                0x0000000008006238       0x38 ./Drivers/STM32F1xx_HAL_Driver/Src/stm32f1xx_hal_cortex.o
 .text.__NVIC_SetPriority
                0x0000000008006270       0x54 ./Drivers/STM32F1xx_HAL_Driver/Src/stm32f1xx_hal_cortex.o
 .text.NVIC_EncodePriority
                0x00000000080062c4       0x64 ./Drivers/STM32F1xx_HAL_Driver/Src/stm32f1xx_hal_cortex.o
 .text.SysTick_Config
                0x0000000008006328       0x44 ./Drivers/STM32F1xx_HAL_Driver/Src/stm32f1xx_hal_cortex.o
 .text.HAL_NVIC_SetPriorityGrouping
                0x000000000800636c       0x16 ./Drivers/STM32F1xx_HAL_Driver/Src/stm32f1xx_hal_cortex.o
                0x000000000800636c                HAL_NVIC_SetPriorityGrouping
 .text.HAL_NVIC_SetPriority
                0x0000000008006382       0x38 ./Drivers/STM32F1xx_HAL_Driver/Src/stm32f1xx_hal_cortex.o
                0x0000000008006382                HAL_NVIC_SetPriority
 .text.HAL_NVIC_EnableIRQ
                0x00000000080063ba       0x1c ./Drivers/STM32F1xx_HAL_Driver/Src/stm32f1xx_hal_cortex.o
                0x00000000080063ba                HAL_NVIC_EnableIRQ
 .text.HAL_SYSTICK_Config
                0x00000000080063d6       0x18 ./Drivers/STM32F1xx_HAL_Driver/Src/stm32f1xx_hal_cortex.o
                0x00000000080063d6                HAL_SYSTICK_Config
 *fill*         0x00000000080063ee        0x2 
 .text.HAL_DMA_Init
                0x00000000080063f0       0xb4 ./Drivers/STM32F1xx_HAL_Driver/Src/stm32f1xx_hal_dma.o
                0x00000000080063f0                HAL_DMA_Init
 .text.HAL_DMA_Start_IT
                0x00000000080064a4       0xbe ./Drivers/STM32F1xx_HAL_Driver/Src/stm32f1xx_hal_dma.o
                0x00000000080064a4                HAL_DMA_Start_IT
 *fill*         0x0000000008006562        0x2 
 .text.HAL_DMA_IRQHandler
                0x0000000008006564      0x20c ./Drivers/STM32F1xx_HAL_Driver/Src/stm32f1xx_hal_dma.o
                0x0000000008006564                HAL_DMA_IRQHandler
 .text.DMA_SetConfig
                0x0000000008006770       0x5a ./Drivers/STM32F1xx_HAL_Driver/Src/stm32f1xx_hal_dma.o
 *fill*         0x00000000080067ca        0x2 
 .text.HAL_FLASH_Program
                0x00000000080067cc       0xe0 ./Drivers/STM32F1xx_HAL_Driver/Src/stm32f1xx_hal_flash.o
                0x00000000080067cc                HAL_FLASH_Program
 .text.HAL_FLASH_IRQHandler
                0x00000000080068ac      0x1c8 ./Drivers/STM32F1xx_HAL_Driver/Src/stm32f1xx_hal_flash.o
                0x00000000080068ac                HAL_FLASH_IRQHandler
 .text.HAL_FLASH_EndOfOperationCallback
                0x0000000008006a74       0x12 ./Drivers/STM32F1xx_HAL_Driver/Src/stm32f1xx_hal_flash.o
                0x0000000008006a74                HAL_FLASH_EndOfOperationCallback
 .text.HAL_FLASH_OperationErrorCallback
                0x0000000008006a86       0x12 ./Drivers/STM32F1xx_HAL_Driver/Src/stm32f1xx_hal_flash.o
                0x0000000008006a86                HAL_FLASH_OperationErrorCallback
 .text.HAL_FLASH_Unlock
                0x0000000008006a98       0x4c ./Drivers/STM32F1xx_HAL_Driver/Src/stm32f1xx_hal_flash.o
                0x0000000008006a98                HAL_FLASH_Unlock
 .text.HAL_FLASH_Lock
                0x0000000008006ae4       0x20 ./Drivers/STM32F1xx_HAL_Driver/Src/stm32f1xx_hal_flash.o
                0x0000000008006ae4                HAL_FLASH_Lock
 .text.FLASH_Program_HalfWord
                0x0000000008006b04       0x38 ./Drivers/STM32F1xx_HAL_Driver/Src/stm32f1xx_hal_flash.o
 .text.FLASH_WaitForLastOperation
                0x0000000008006b3c       0x8c ./Drivers/STM32F1xx_HAL_Driver/Src/stm32f1xx_hal_flash.o
                0x0000000008006b3c                FLASH_WaitForLastOperation
 .text.FLASH_SetErrorCode
                0x0000000008006bc8       0xa0 ./Drivers/STM32F1xx_HAL_Driver/Src/stm32f1xx_hal_flash.o
 .text.HAL_FLASHEx_Erase
                0x0000000008006c68       0xd8 ./Drivers/STM32F1xx_HAL_Driver/Src/stm32f1xx_hal_flash_ex.o
                0x0000000008006c68                HAL_FLASHEx_Erase
 .text.FLASH_MassErase
                0x0000000008006d40       0x38 ./Drivers/STM32F1xx_HAL_Driver/Src/stm32f1xx_hal_flash_ex.o
 .text.FLASH_PageErase
                0x0000000008006d78       0x40 ./Drivers/STM32F1xx_HAL_Driver/Src/stm32f1xx_hal_flash_ex.o
                0x0000000008006d78                FLASH_PageErase
 .text.HAL_GPIO_Init
                0x0000000008006db8      0x308 ./Drivers/STM32F1xx_HAL_Driver/Src/stm32f1xx_hal_gpio.o
                0x0000000008006db8                HAL_GPIO_Init
 .text.HAL_GPIO_ReadPin
                0x00000000080070c0       0x2e ./Drivers/STM32F1xx_HAL_Driver/Src/stm32f1xx_hal_gpio.o
                0x00000000080070c0                HAL_GPIO_ReadPin
 .text.HAL_GPIO_WritePin
                0x00000000080070ee       0x30 ./Drivers/STM32F1xx_HAL_Driver/Src/stm32f1xx_hal_gpio.o
                0x00000000080070ee                HAL_GPIO_WritePin
 *fill*         0x000000000800711e        0x2 
 .text.HAL_GPIO_EXTI_IRQHandler
                0x0000000008007120       0x30 ./Drivers/STM32F1xx_HAL_Driver/Src/stm32f1xx_hal_gpio.o
                0x0000000008007120                HAL_GPIO_EXTI_IRQHandler
 .text.HAL_I2C_Init
                0x0000000008007150      0x288 ./Drivers/STM32F1xx_HAL_Driver/Src/stm32f1xx_hal_i2c.o
                0x0000000008007150                HAL_I2C_Init
 .text.HAL_I2C_Master_Transmit
                0x00000000080073d8      0x1fc ./Drivers/STM32F1xx_HAL_Driver/Src/stm32f1xx_hal_i2c.o
                0x00000000080073d8                HAL_I2C_Master_Transmit
 .text.HAL_I2C_IsDeviceReady
                0x00000000080075d4      0x25c ./Drivers/STM32F1xx_HAL_Driver/Src/stm32f1xx_hal_i2c.o
                0x00000000080075d4                HAL_I2C_IsDeviceReady
 .text.I2C_MasterRequestWrite
                0x0000000008007830      0x104 ./Drivers/STM32F1xx_HAL_Driver/Src/stm32f1xx_hal_i2c.o
 .text.I2C_WaitOnFlagUntilTimeout
                0x0000000008007934       0xae ./Drivers/STM32F1xx_HAL_Driver/Src/stm32f1xx_hal_i2c.o
 .text.I2C_WaitOnMasterAddressFlagUntilTimeout
                0x00000000080079e2       0xfe ./Drivers/STM32F1xx_HAL_Driver/Src/stm32f1xx_hal_i2c.o
 .text.I2C_WaitOnTXEFlagUntilTimeout
                0x0000000008007ae0       0x82 ./Drivers/STM32F1xx_HAL_Driver/Src/stm32f1xx_hal_i2c.o
 .text.I2C_WaitOnBTFFlagUntilTimeout
                0x0000000008007b62       0x82 ./Drivers/STM32F1xx_HAL_Driver/Src/stm32f1xx_hal_i2c.o
 .text.I2C_IsAcknowledgeFailed
                0x0000000008007be4       0x5c ./Drivers/STM32F1xx_HAL_Driver/Src/stm32f1xx_hal_i2c.o
 .text.HAL_RCC_OscConfig
                0x0000000008007c40      0x504 ./Drivers/STM32F1xx_HAL_Driver/Src/stm32f1xx_hal_rcc.o
                0x0000000008007c40                HAL_RCC_OscConfig
 .text.HAL_RCC_ClockConfig
                0x0000000008008144      0x1d4 ./Drivers/STM32F1xx_HAL_Driver/Src/stm32f1xx_hal_rcc.o
                0x0000000008008144                HAL_RCC_ClockConfig
 .text.HAL_RCC_GetSysClockFreq
                0x0000000008008318       0xbc ./Drivers/STM32F1xx_HAL_Driver/Src/stm32f1xx_hal_rcc.o
                0x0000000008008318                HAL_RCC_GetSysClockFreq
 .text.HAL_RCC_GetHCLKFreq
                0x00000000080083d4       0x14 ./Drivers/STM32F1xx_HAL_Driver/Src/stm32f1xx_hal_rcc.o
                0x00000000080083d4                HAL_RCC_GetHCLKFreq
 .text.HAL_RCC_GetPCLK1Freq
                0x00000000080083e8       0x28 ./Drivers/STM32F1xx_HAL_Driver/Src/stm32f1xx_hal_rcc.o
                0x00000000080083e8                HAL_RCC_GetPCLK1Freq
 .text.RCC_Delay
                0x0000000008008410       0x3c ./Drivers/STM32F1xx_HAL_Driver/Src/stm32f1xx_hal_rcc.o
 .text.HAL_RCCEx_PeriphCLKConfig
                0x000000000800844c      0x16c ./Drivers/STM32F1xx_HAL_Driver/Src/stm32f1xx_hal_rcc_ex.o
                0x000000000800844c                HAL_RCCEx_PeriphCLKConfig
 .text.HAL_TIM_Base_Init
                0x00000000080085b8       0x9e ./Drivers/STM32F1xx_HAL_Driver/Src/stm32f1xx_hal_tim.o
                0x00000000080085b8                HAL_TIM_Base_Init
 *fill*         0x0000000008008656        0x2 
 .text.HAL_TIM_Base_Start_IT
                0x0000000008008658       0xa4 ./Drivers/STM32F1xx_HAL_Driver/Src/stm32f1xx_hal_tim.o
                0x0000000008008658                HAL_TIM_Base_Start_IT
 .text.HAL_TIM_PWM_Init
                0x00000000080086fc       0x9e ./Drivers/STM32F1xx_HAL_Driver/Src/stm32f1xx_hal_tim.o
                0x00000000080086fc                HAL_TIM_PWM_Init
 .text.HAL_TIM_PWM_MspInit
                0x000000000800879a       0x12 ./Drivers/STM32F1xx_HAL_Driver/Src/stm32f1xx_hal_tim.o
                0x000000000800879a                HAL_TIM_PWM_MspInit
 .text.HAL_TIM_PWM_Start
                0x00000000080087ac      0x144 ./Drivers/STM32F1xx_HAL_Driver/Src/stm32f1xx_hal_tim.o
                0x00000000080087ac                HAL_TIM_PWM_Start
 .text.HAL_TIM_PWM_Stop
                0x00000000080088f0       0xc8 ./Drivers/STM32F1xx_HAL_Driver/Src/stm32f1xx_hal_tim.o
                0x00000000080088f0                HAL_TIM_PWM_Stop
 .text.HAL_TIM_IRQHandler
                0x00000000080089b8      0x210 ./Drivers/STM32F1xx_HAL_Driver/Src/stm32f1xx_hal_tim.o
                0x00000000080089b8                HAL_TIM_IRQHandler
 .text.HAL_TIM_PWM_ConfigChannel
                0x0000000008008bc8      0x17c ./Drivers/STM32F1xx_HAL_Driver/Src/stm32f1xx_hal_tim.o
                0x0000000008008bc8                HAL_TIM_PWM_ConfigChannel
 .text.HAL_TIM_ConfigClockSource
                0x0000000008008d44      0x188 ./Drivers/STM32F1xx_HAL_Driver/Src/stm32f1xx_hal_tim.o
                0x0000000008008d44                HAL_TIM_ConfigClockSource
 .text.HAL_TIM_OC_DelayElapsedCallback
                0x0000000008008ecc       0x12 ./Drivers/STM32F1xx_HAL_Driver/Src/stm32f1xx_hal_tim.o
                0x0000000008008ecc                HAL_TIM_OC_DelayElapsedCallback
 .text.HAL_TIM_IC_CaptureCallback
                0x0000000008008ede       0x12 ./Drivers/STM32F1xx_HAL_Driver/Src/stm32f1xx_hal_tim.o
                0x0000000008008ede                HAL_TIM_IC_CaptureCallback
 .text.HAL_TIM_PWM_PulseFinishedCallback
                0x0000000008008ef0       0x12 ./Drivers/STM32F1xx_HAL_Driver/Src/stm32f1xx_hal_tim.o
                0x0000000008008ef0                HAL_TIM_PWM_PulseFinishedCallback
 .text.HAL_TIM_TriggerCallback
                0x0000000008008f02       0x12 ./Drivers/STM32F1xx_HAL_Driver/Src/stm32f1xx_hal_tim.o
                0x0000000008008f02                HAL_TIM_TriggerCallback
 .text.TIM_Base_SetConfig
                0x0000000008008f14       0xc4 ./Drivers/STM32F1xx_HAL_Driver/Src/stm32f1xx_hal_tim.o
                0x0000000008008f14                TIM_Base_SetConfig
 .text.TIM_OC1_SetConfig
                0x0000000008008fd8       0xcc ./Drivers/STM32F1xx_HAL_Driver/Src/stm32f1xx_hal_tim.o
 .text.TIM_OC2_SetConfig
                0x00000000080090a4       0xd4 ./Drivers/STM32F1xx_HAL_Driver/Src/stm32f1xx_hal_tim.o
                0x00000000080090a4                TIM_OC2_SetConfig
 .text.TIM_OC3_SetConfig
                0x0000000008009178       0xd4 ./Drivers/STM32F1xx_HAL_Driver/Src/stm32f1xx_hal_tim.o
 .text.TIM_OC4_SetConfig
                0x000000000800924c       0x9c ./Drivers/STM32F1xx_HAL_Driver/Src/stm32f1xx_hal_tim.o
 .text.TIM_TI1_ConfigInputStage
                0x00000000080092e8       0x5c ./Drivers/STM32F1xx_HAL_Driver/Src/stm32f1xx_hal_tim.o
 .text.TIM_TI2_ConfigInputStage
                0x0000000008009344       0x5e ./Drivers/STM32F1xx_HAL_Driver/Src/stm32f1xx_hal_tim.o
 .text.TIM_ITRx_SetConfig
                0x00000000080093a2       0x34 ./Drivers/STM32F1xx_HAL_Driver/Src/stm32f1xx_hal_tim.o
 .text.TIM_ETR_SetConfig
                0x00000000080093d6       0x3e ./Drivers/STM32F1xx_HAL_Driver/Src/stm32f1xx_hal_tim.o
                0x00000000080093d6                TIM_ETR_SetConfig
 .text.TIM_CCxChannelCmd
                0x0000000008009414       0x48 ./Drivers/STM32F1xx_HAL_Driver/Src/stm32f1xx_hal_tim.o
                0x0000000008009414                TIM_CCxChannelCmd
 .text.HAL_TIMEx_MasterConfigSynchronization
                0x000000000800945c       0xbc ./Drivers/STM32F1xx_HAL_Driver/Src/stm32f1xx_hal_tim_ex.o
                0x000000000800945c                HAL_TIMEx_MasterConfigSynchronization
 .text.HAL_TIMEx_CommutCallback
                0x0000000008009518       0x12 ./Drivers/STM32F1xx_HAL_Driver/Src/stm32f1xx_hal_tim_ex.o
                0x0000000008009518                HAL_TIMEx_CommutCallback
 .text.HAL_TIMEx_BreakCallback
                0x000000000800952a       0x12 ./Drivers/STM32F1xx_HAL_Driver/Src/stm32f1xx_hal_tim_ex.o
                0x000000000800952a                HAL_TIMEx_BreakCallback
 .text.malloc   0x000000000800953c       0x10 F:/Development/Programs/Programing/STM32/STM32IDE/STM32CubeIDE_1.12.1/STM32CubeIDE/plugins/com.st.stm32cube.ide.mcu.externaltools.gnu-tools-for-stm32.11.3.rel1.win32_1.1.100.202309141235/tools/bin/../lib/gcc/arm-none-eabi/11.3.1/../../../../arm-none-eabi/lib/thumb/v7-m/nofp\libc_nano.a(libc_a-malloc.o)
                0x000000000800953c                malloc
 .text.free     0x000000000800954c       0x10 F:/Development/Programs/Programing/STM32/STM32IDE/STM32CubeIDE_1.12.1/STM32CubeIDE/plugins/com.st.stm32cube.ide.mcu.externaltools.gnu-tools-for-stm32.11.3.rel1.win32_1.1.100.202309141235/tools/bin/../lib/gcc/arm-none-eabi/11.3.1/../../../../arm-none-eabi/lib/thumb/v7-m/nofp\libc_nano.a(libc_a-malloc.o)
                0x000000000800954c                free
 .text.sbrk_aligned
                0x000000000800955c       0x40 F:/Development/Programs/Programing/STM32/STM32IDE/STM32CubeIDE_1.12.1/STM32CubeIDE/plugins/com.st.stm32cube.ide.mcu.externaltools.gnu-tools-for-stm32.11.3.rel1.win32_1.1.100.202309141235/tools/bin/../lib/gcc/arm-none-eabi/11.3.1/../../../../arm-none-eabi/lib/thumb/v7-m/nofp\libc_nano.a(libc_a-mallocr.o)
 .text._malloc_r
                0x000000000800959c      0x100 F:/Development/Programs/Programing/STM32/STM32IDE/STM32CubeIDE_1.12.1/STM32CubeIDE/plugins/com.st.stm32cube.ide.mcu.externaltools.gnu-tools-for-stm32.11.3.rel1.win32_1.1.100.202309141235/tools/bin/../lib/gcc/arm-none-eabi/11.3.1/../../../../arm-none-eabi/lib/thumb/v7-m/nofp\libc_nano.a(libc_a-mallocr.o)
                0x000000000800959c                _malloc_r
 .text.__malloc_lock
                0x000000000800969c        0xc F:/Development/Programs/Programing/STM32/STM32IDE/STM32CubeIDE_1.12.1/STM32CubeIDE/plugins/com.st.stm32cube.ide.mcu.externaltools.gnu-tools-for-stm32.11.3.rel1.win32_1.1.100.202309141235/tools/bin/../lib/gcc/arm-none-eabi/11.3.1/../../../../arm-none-eabi/lib/thumb/v7-m/nofp\libc_nano.a(libc_a-mlock.o)
                0x000000000800969c                __malloc_lock
 .text.__malloc_unlock
                0x00000000080096a8        0xc F:/Development/Programs/Programing/STM32/STM32IDE/STM32CubeIDE_1.12.1/STM32CubeIDE/plugins/com.st.stm32cube.ide.mcu.externaltools.gnu-tools-for-stm32.11.3.rel1.win32_1.1.100.202309141235/tools/bin/../lib/gcc/arm-none-eabi/11.3.1/../../../../arm-none-eabi/lib/thumb/v7-m/nofp\libc_nano.a(libc_a-mlock.o)
                0x00000000080096a8                __malloc_unlock
 .text.memset   0x00000000080096b4       0x10 F:/Development/Programs/Programing/STM32/STM32IDE/STM32CubeIDE_1.12.1/STM32CubeIDE/plugins/com.st.stm32cube.ide.mcu.externaltools.gnu-tools-for-stm32.11.3.rel1.win32_1.1.100.202309141235/tools/bin/../lib/gcc/arm-none-eabi/11.3.1/../../../../arm-none-eabi/lib/thumb/v7-m/nofp\libc_nano.a(libc_a-memset.o)
                0x00000000080096b4                memset
 .text._sbrk_r  0x00000000080096c4       0x20 F:/Development/Programs/Programing/STM32/STM32IDE/STM32CubeIDE_1.12.1/STM32CubeIDE/plugins/com.st.stm32cube.ide.mcu.externaltools.gnu-tools-for-stm32.11.3.rel1.win32_1.1.100.202309141235/tools/bin/../lib/gcc/arm-none-eabi/11.3.1/../../../../arm-none-eabi/lib/thumb/v7-m/nofp\libc_nano.a(libc_a-sbrkr.o)
                0x00000000080096c4                _sbrk_r
 .text.__errno  0x00000000080096e4        0xc F:/Development/Programs/Programing/STM32/STM32IDE/STM32CubeIDE_1.12.1/STM32CubeIDE/plugins/com.st.stm32cube.ide.mcu.externaltools.gnu-tools-for-stm32.11.3.rel1.win32_1.1.100.202309141235/tools/bin/../lib/gcc/arm-none-eabi/11.3.1/../../../../arm-none-eabi/lib/thumb/v7-m/nofp\libc_nano.a(libc_a-errno.o)
                0x00000000080096e4                __errno
 .text.__libc_init_array
                0x00000000080096f0       0x48 F:/Development/Programs/Programing/STM32/STM32IDE/STM32CubeIDE_1.12.1/STM32CubeIDE/plugins/com.st.stm32cube.ide.mcu.externaltools.gnu-tools-for-stm32.11.3.rel1.win32_1.1.100.202309141235/tools/bin/../lib/gcc/arm-none-eabi/11.3.1/../../../../arm-none-eabi/lib/thumb/v7-m/nofp\libc_nano.a(libc_a-init.o)
                0x00000000080096f0                __libc_init_array
 .text.__retarget_lock_acquire_recursive
                0x0000000008009738        0x2 F:/Development/Programs/Programing/STM32/STM32IDE/STM32CubeIDE_1.12.1/STM32CubeIDE/plugins/com.st.stm32cube.ide.mcu.externaltools.gnu-tools-for-stm32.11.3.rel1.win32_1.1.100.202309141235/tools/bin/../lib/gcc/arm-none-eabi/11.3.1/../../../../arm-none-eabi/lib/thumb/v7-m/nofp\libc_nano.a(libc_a-lock.o)
                0x0000000008009738                __retarget_lock_acquire_recursive
 .text.__retarget_lock_release_recursive
                0x000000000800973a        0x2 F:/Development/Programs/Programing/STM32/STM32IDE/STM32CubeIDE_1.12.1/STM32CubeIDE/plugins/com.st.stm32cube.ide.mcu.externaltools.gnu-tools-for-stm32.11.3.rel1.win32_1.1.100.202309141235/tools/bin/../lib/gcc/arm-none-eabi/11.3.1/../../../../arm-none-eabi/lib/thumb/v7-m/nofp\libc_nano.a(libc_a-lock.o)
                0x000000000800973a                __retarget_lock_release_recursive
 .text.strcpy   0x000000000800973c       0x10 F:/Development/Programs/Programing/STM32/STM32IDE/STM32CubeIDE_1.12.1/STM32CubeIDE/plugins/com.st.stm32cube.ide.mcu.externaltools.gnu-tools-for-stm32.11.3.rel1.win32_1.1.100.202309141235/tools/bin/../lib/gcc/arm-none-eabi/11.3.1/../../../../arm-none-eabi/lib/thumb/v7-m/nofp\libc_nano.a(libc_a-strcpy.o)
                0x000000000800973c                strcpy
 .text.memcpy   0x000000000800974c       0x1c F:/Development/Programs/Programing/STM32/STM32IDE/STM32CubeIDE_1.12.1/STM32CubeIDE/plugins/com.st.stm32cube.ide.mcu.externaltools.gnu-tools-for-stm32.11.3.rel1.win32_1.1.100.202309141235/tools/bin/../lib/gcc/arm-none-eabi/11.3.1/../../../../arm-none-eabi/lib/thumb/v7-m/nofp\libc_nano.a(libc_a-memcpy-stub.o)
                0x000000000800974c                memcpy
 .text._free_r  0x0000000008009768       0x90 F:/Development/Programs/Programing/STM32/STM32IDE/STM32CubeIDE_1.12.1/STM32CubeIDE/plugins/com.st.stm32cube.ide.mcu.externaltools.gnu-tools-for-stm32.11.3.rel1.win32_1.1.100.202309141235/tools/bin/../lib/gcc/arm-none-eabi/11.3.1/../../../../arm-none-eabi/lib/thumb/v7-m/nofp\libc_nano.a(libc_a-freer.o)
                0x0000000008009768                _free_r
 *(.glue_7)
 .glue_7        0x00000000080097f8        0x0 linker stubs
 *(.glue_7t)
 .glue_7t       0x00000000080097f8        0x0 linker stubs
 *(.eh_frame)
 .eh_frame      0x00000000080097f8        0x0 F:/Development/Programs/Programing/STM32/STM32IDE/STM32CubeIDE_1.12.1/STM32CubeIDE/plugins/com.st.stm32cube.ide.mcu.externaltools.gnu-tools-for-stm32.11.3.rel1.win32_1.1.100.202309141235/tools/bin/../lib/gcc/arm-none-eabi/11.3.1/thumb/v7-m/nofp/crtbegin.o
 *(.init)
 .init          0x00000000080097f8        0x4 F:/Development/Programs/Programing/STM32/STM32IDE/STM32CubeIDE_1.12.1/STM32CubeIDE/plugins/com.st.stm32cube.ide.mcu.externaltools.gnu-tools-for-stm32.11.3.rel1.win32_1.1.100.202309141235/tools/bin/../lib/gcc/arm-none-eabi/11.3.1/thumb/v7-m/nofp/crti.o
                0x00000000080097f8                _init
 .init          0x00000000080097fc        0x8 F:/Development/Programs/Programing/STM32/STM32IDE/STM32CubeIDE_1.12.1/STM32CubeIDE/plugins/com.st.stm32cube.ide.mcu.externaltools.gnu-tools-for-stm32.11.3.rel1.win32_1.1.100.202309141235/tools/bin/../lib/gcc/arm-none-eabi/11.3.1/thumb/v7-m/nofp/crtn.o
 *(.fini)
 .fini          0x0000000008009804        0x4 F:/Development/Programs/Programing/STM32/STM32IDE/STM32CubeIDE_1.12.1/STM32CubeIDE/plugins/com.st.stm32cube.ide.mcu.externaltools.gnu-tools-for-stm32.11.3.rel1.win32_1.1.100.202309141235/tools/bin/../lib/gcc/arm-none-eabi/11.3.1/thumb/v7-m/nofp/crti.o
                0x0000000008009804                _fini
 .fini          0x0000000008009808        0x8 F:/Development/Programs/Programing/STM32/STM32IDE/STM32CubeIDE_1.12.1/STM32CubeIDE/plugins/com.st.stm32cube.ide.mcu.externaltools.gnu-tools-for-stm32.11.3.rel1.win32_1.1.100.202309141235/tools/bin/../lib/gcc/arm-none-eabi/11.3.1/thumb/v7-m/nofp/crtn.o
                0x0000000008009810                . = ALIGN (0x4)
                0x0000000008009810                _etext = .

.vfp11_veneer   0x0000000008009810        0x0
 .vfp11_veneer  0x0000000008009810        0x0 linker stubs

.v4_bx          0x0000000008009810        0x0
 .v4_bx         0x0000000008009810        0x0 linker stubs

.iplt           0x0000000008009810        0x0
 .iplt          0x0000000008009810        0x0 F:/Development/Programs/Programing/STM32/STM32IDE/STM32CubeIDE_1.12.1/STM32CubeIDE/plugins/com.st.stm32cube.ide.mcu.externaltools.gnu-tools-for-stm32.11.3.rel1.win32_1.1.100.202309141235/tools/bin/../lib/gcc/arm-none-eabi/11.3.1/thumb/v7-m/nofp/crtbegin.o

.rodata         0x0000000008009810      0x140
                0x0000000008009810                . = ALIGN (0x4)
 *(.rodata)
 .rodata        0x0000000008009810        0x8 ./Core/Src/UI_Base_Func.o
 .rodata        0x0000000008009818       0x59 ./Core/Src/UI_Face.o
 *fill*         0x0000000008009871        0x3 
 .rodata        0x0000000008009874        0x5 ./Core/Src/UI_Menu.o
 *fill*         0x0000000008009879        0x3 
 .rodata        0x000000000800987c       0xac ./Core/Src/main.o
 .rodata        0x0000000008009928       0x10 ./Drivers/STM32F1xx_HAL_Driver/Src/stm32f1xx_hal_rcc.o
 *(.rodata*)
 .rodata.AHBPrescTable
                0x0000000008009938       0x10 ./Core/Src/system_stm32f1xx.o
                0x0000000008009938                AHBPrescTable
 .rodata.APBPrescTable
                0x0000000008009948        0x8 ./Core/Src/system_stm32f1xx.o
                0x0000000008009948                APBPrescTable
                0x0000000008009950                . = ALIGN (0x4)

.rel.dyn        0x0000000008009950        0x0
 .rel.iplt      0x0000000008009950        0x0 F:/Development/Programs/Programing/STM32/STM32IDE/STM32CubeIDE_1.12.1/STM32CubeIDE/plugins/com.st.stm32cube.ide.mcu.externaltools.gnu-tools-for-stm32.11.3.rel1.win32_1.1.100.202309141235/tools/bin/../lib/gcc/arm-none-eabi/11.3.1/thumb/v7-m/nofp/crtbegin.o

.ARM.extab      0x0000000008009950        0x0
                0x0000000008009950                . = ALIGN (0x4)
 *(.ARM.extab* .gnu.linkonce.armextab.*)
                0x0000000008009950                . = ALIGN (0x4)

.ARM            0x0000000008009950        0x0
                0x0000000008009950                . = ALIGN (0x4)
                0x0000000008009950                __exidx_start = .
 *(.ARM.exidx*)
                0x0000000008009950                __exidx_end = .
                0x0000000008009950                . = ALIGN (0x4)

.preinit_array  0x0000000008009950        0x0
                0x0000000008009950                . = ALIGN (0x4)
                0x0000000008009950                PROVIDE (__preinit_array_start = .)
 *(.preinit_array*)
                0x0000000008009950                PROVIDE (__preinit_array_end = .)
                0x0000000008009950                . = ALIGN (0x4)

.init_array     0x0000000008009950        0x4
                0x0000000008009950                . = ALIGN (0x4)
                0x0000000008009950                PROVIDE (__init_array_start = .)
 *(SORT_BY_NAME(.init_array.*))
 *(.init_array*)
 .init_array    0x0000000008009950        0x4 F:/Development/Programs/Programing/STM32/STM32IDE/STM32CubeIDE_1.12.1/STM32CubeIDE/plugins/com.st.stm32cube.ide.mcu.externaltools.gnu-tools-for-stm32.11.3.rel1.win32_1.1.100.202309141235/tools/bin/../lib/gcc/arm-none-eabi/11.3.1/thumb/v7-m/nofp/crtbegin.o
                0x0000000008009954                PROVIDE (__init_array_end = .)
                0x0000000008009954                . = ALIGN (0x4)

.fini_array     0x0000000008009954        0x4
                0x0000000008009954                . = ALIGN (0x4)
                [!provide]                        PROVIDE (__fini_array_start = .)
 *(SORT_BY_NAME(.fini_array.*))
 *(.fini_array*)
 .fini_array    0x0000000008009954        0x4 F:/Development/Programs/Programing/STM32/STM32IDE/STM32CubeIDE_1.12.1/STM32CubeIDE/plugins/com.st.stm32cube.ide.mcu.externaltools.gnu-tools-for-stm32.11.3.rel1.win32_1.1.100.202309141235/tools/bin/../lib/gcc/arm-none-eabi/11.3.1/thumb/v7-m/nofp/crtbegin.o
                [!provide]                        PROVIDE (__fini_array_end = .)
                0x0000000008009958                . = ALIGN (0x4)
                0x0000000008009958                _sidata = LOADADDR (.data)

.data           0x0000000020000000      0x298 load address 0x0000000008009958
                0x0000000020000000                . = ALIGN (0x4)
                0x0000000020000000                _sdata = .
 *(.data)
 *(.data*)
 .data.CharMass
                0x0000000020000000      0x23a ./Core/Src/OLED.o
                0x0000000020000000                CharMass
 .data.prescaler.0
                0x000000002000023a        0x1 ./Core/Src/main.o
 *fill*         0x000000002000023b        0x1 
 .data.SystemCoreClock
                0x000000002000023c        0x4 ./Core/Src/system_stm32f1xx.o
                0x000000002000023c                SystemCoreClock
 .data.uwTickPrio
                0x0000000020000240        0x4 ./Drivers/STM32F1xx_HAL_Driver/Src/stm32f1xx_hal.o
                0x0000000020000240                uwTickPrio
 .data.uwTickFreq
                0x0000000020000244        0x1 ./Drivers/STM32F1xx_HAL_Driver/Src/stm32f1xx_hal.o
                0x0000000020000244                uwTickFreq
 *fill*         0x0000000020000245        0x3 
 .data._impure_data
                0x0000000020000248       0x4c F:/Development/Programs/Programing/STM32/STM32IDE/STM32CubeIDE_1.12.1/STM32CubeIDE/plugins/com.st.stm32cube.ide.mcu.externaltools.gnu-tools-for-stm32.11.3.rel1.win32_1.1.100.202309141235/tools/bin/../lib/gcc/arm-none-eabi/11.3.1/../../../../arm-none-eabi/lib/thumb/v7-m/nofp\libc_nano.a(libc_a-impure.o)
                0x0000000020000248                _impure_data
 .data._impure_ptr
                0x0000000020000294        0x4 F:/Development/Programs/Programing/STM32/STM32IDE/STM32CubeIDE_1.12.1/STM32CubeIDE/plugins/com.st.stm32cube.ide.mcu.externaltools.gnu-tools-for-stm32.11.3.rel1.win32_1.1.100.202309141235/tools/bin/../lib/gcc/arm-none-eabi/11.3.1/../../../../arm-none-eabi/lib/thumb/v7-m/nofp\libc_nano.a(libc_a-impure.o)
                0x0000000020000294                _impure_ptr
 *(.RamFunc)
 *(.RamFunc*)
                0x0000000020000298                . = ALIGN (0x4)
                0x0000000020000298                _edata = .

.igot.plt       0x0000000020000298        0x0 load address 0x0000000008009bf0
 .igot.plt      0x0000000020000298        0x0 F:/Development/Programs/Programing/STM32/STM32IDE/STM32CubeIDE_1.12.1/STM32CubeIDE/plugins/com.st.stm32cube.ide.mcu.externaltools.gnu-tools-for-stm32.11.3.rel1.win32_1.1.100.202309141235/tools/bin/../lib/gcc/arm-none-eabi/11.3.1/thumb/v7-m/nofp/crtbegin.o
                0x0000000020000298                . = ALIGN (0x4)

.bss            0x0000000020000298      0x648 load address 0x0000000008009bf0
                0x0000000020000298                _sbss = .
                0x0000000020000298                __bss_start__ = _sbss
 *(.bss)
 .bss           0x0000000020000298       0x1c F:/Development/Programs/Programing/STM32/STM32IDE/STM32CubeIDE_1.12.1/STM32CubeIDE/plugins/com.st.stm32cube.ide.mcu.externaltools.gnu-tools-for-stm32.11.3.rel1.win32_1.1.100.202309141235/tools/bin/../lib/gcc/arm-none-eabi/11.3.1/thumb/v7-m/nofp/crtbegin.o
 *(.bss*)
 .bss.count.0   0x00000000200002b4        0x2 ./Core/Src/PAC.o
 .bss.TIM_prescaler.0
                0x00000000200002b6        0x1 ./Core/Src/Soldering_Station.o
 .bss.Prew_Pos_x.1
                0x00000000200002b7        0x1 ./Core/Src/UI_Base_Func.o
 .bss.Prew_Pos_y.0
                0x00000000200002b8        0x1 ./Core/Src/UI_Base_Func.o
 .bss.Button_State.0
                0x00000000200002b9        0x1 ./Core/Src/UI_Menu.o
 *fill*         0x00000000200002ba        0x2 
 .bss.hadc1     0x00000000200002bc       0x30 ./Core/Src/main.o
                0x00000000200002bc                hadc1
 .bss.hdma_adc1
                0x00000000200002ec       0x44 ./Core/Src/main.o
                0x00000000200002ec                hdma_adc1
 .bss.hi2c1     0x0000000020000330       0x54 ./Core/Src/main.o
                0x0000000020000330                hi2c1
 .bss.htim1     0x0000000020000384       0x48 ./Core/Src/main.o
                0x0000000020000384                htim1
 .bss.htim2     0x00000000200003cc       0x48 ./Core/Src/main.o
                0x00000000200003cc                htim2
 .bss.htim3     0x0000000020000414       0x48 ./Core/Src/main.o
                0x0000000020000414                htim3
 .bss.htim4     0x000000002000045c       0x48 ./Core/Src/main.o
                0x000000002000045c                htim4
 .bss.OLED1     0x00000000200004a4        0x8 ./Core/Src/main.o
                0x00000000200004a4                OLED1
 .bss.Encoder_P2
                0x00000000200004ac       0x34 ./Core/Src/main.o
                0x00000000200004ac                Encoder_P2
 .bss.Encoder_P1
                0x00000000200004e0       0x34 ./Core/Src/main.o
                0x00000000200004e0                Encoder_P1
 .bss.Button_Vector
                0x0000000020000514        0x8 ./Core/Src/main.o
                0x0000000020000514                Button_Vector
 .bss.Soldering_Iron_Menu_Vector
                0x000000002000051c       0x14 ./Core/Src/main.o
                0x000000002000051c                Soldering_Iron_Menu_Vector
 .bss.Soldering_Heat_Gun_Menu_Vector
                0x0000000020000530       0x14 ./Core/Src/main.o
                0x0000000020000530                Soldering_Heat_Gun_Menu_Vector
 .bss.Soldering_Separator_Menu_Vector
                0x0000000020000544       0x14 ./Core/Src/main.o
                0x0000000020000544                Soldering_Separator_Menu_Vector
 .bss.Menu_List_Vector
                0x0000000020000558       0x10 ./Core/Src/main.o
                0x0000000020000558                Menu_List_Vector
 .bss.Soldering_Iron
                0x0000000020000568       0xac ./Core/Src/main.o
                0x0000000020000568                Soldering_Iron
 .bss.Soldering_Heat_Gun
                0x0000000020000614       0x9c ./Core/Src/main.o
                0x0000000020000614                Soldering_Heat_Gun
 .bss.Soldering_Separator
                0x00000000200006b0       0x88 ./Core/Src/main.o
                0x00000000200006b0                Soldering_Separator
 .bss.PAC       0x0000000020000738       0x14 ./Core/Src/main.o
                0x0000000020000738                PAC
 .bss.ADC_Data  0x000000002000074c       0x22 ./Core/Src/main.o
                0x000000002000074c                ADC_Data
 *fill*         0x000000002000076e        0x2 
 .bss.__sbrk_heap_end
                0x0000000020000770        0x4 ./Core/Src/sysmem.o
 .bss.uwTick    0x0000000020000774        0x4 ./Drivers/STM32F1xx_HAL_Driver/Src/stm32f1xx_hal.o
                0x0000000020000774                uwTick
 .bss.pFlash    0x0000000020000778       0x20 ./Drivers/STM32F1xx_HAL_Driver/Src/stm32f1xx_hal_flash.o
                0x0000000020000778                pFlash
 .bss.__malloc_free_list
                0x0000000020000798        0x4 F:/Development/Programs/Programing/STM32/STM32IDE/STM32CubeIDE_1.12.1/STM32CubeIDE/plugins/com.st.stm32cube.ide.mcu.externaltools.gnu-tools-for-stm32.11.3.rel1.win32_1.1.100.202309141235/tools/bin/../lib/gcc/arm-none-eabi/11.3.1/../../../../arm-none-eabi/lib/thumb/v7-m/nofp\libc_nano.a(libc_a-mallocr.o)
                0x0000000020000798                __malloc_free_list
 .bss.__malloc_sbrk_start
                0x000000002000079c        0x4 F:/Development/Programs/Programing/STM32/STM32IDE/STM32CubeIDE_1.12.1/STM32CubeIDE/plugins/com.st.stm32cube.ide.mcu.externaltools.gnu-tools-for-stm32.11.3.rel1.win32_1.1.100.202309141235/tools/bin/../lib/gcc/arm-none-eabi/11.3.1/../../../../arm-none-eabi/lib/thumb/v7-m/nofp\libc_nano.a(libc_a-mallocr.o)
                0x000000002000079c                __malloc_sbrk_start
 .bss.__sf      0x00000000200007a0      0x138 F:/Development/Programs/Programing/STM32/STM32IDE/STM32CubeIDE_1.12.1/STM32CubeIDE/plugins/com.st.stm32cube.ide.mcu.externaltools.gnu-tools-for-stm32.11.3.rel1.win32_1.1.100.202309141235/tools/bin/../lib/gcc/arm-none-eabi/11.3.1/../../../../arm-none-eabi/lib/thumb/v7-m/nofp\libc_nano.a(libc_a-findfp.o)
                0x00000000200007a0                __sf
 .bss.errno     0x00000000200008d8        0x4 F:/Development/Programs/Programing/STM32/STM32IDE/STM32CubeIDE_1.12.1/STM32CubeIDE/plugins/com.st.stm32cube.ide.mcu.externaltools.gnu-tools-for-stm32.11.3.rel1.win32_1.1.100.202309141235/tools/bin/../lib/gcc/arm-none-eabi/11.3.1/../../../../arm-none-eabi/lib/thumb/v7-m/nofp\libc_nano.a(libc_a-reent.o)
                0x00000000200008d8                errno
 .bss.__lock___malloc_recursive_mutex
                0x00000000200008dc        0x1 F:/Development/Programs/Programing/STM32/STM32IDE/STM32CubeIDE_1.12.1/STM32CubeIDE/plugins/com.st.stm32cube.ide.mcu.externaltools.gnu-tools-for-stm32.11.3.rel1.win32_1.1.100.202309141235/tools/bin/../lib/gcc/arm-none-eabi/11.3.1/../../../../arm-none-eabi/lib/thumb/v7-m/nofp\libc_nano.a(libc_a-lock.o)
                0x00000000200008dc                __lock___malloc_recursive_mutex
 *(COMMON)
                0x00000000200008e0                . = ALIGN (0x4)
 *fill*         0x00000000200008dd        0x3 
                0x00000000200008e0                _ebss = .
                0x00000000200008e0                __bss_end__ = _ebss

._user_heap_stack
                0x00000000200008e0      0x600 load address 0x0000000008009bf0
                0x00000000200008e0                . = ALIGN (0x8)
                [!provide]                        PROVIDE (end = .)
                0x00000000200008e0                PROVIDE (_end = .)
                0x0000000020000ae0                . = (. + _Min_Heap_Size)
 *fill*         0x00000000200008e0      0x200 
                0x0000000020000ee0                . = (. + _Min_Stack_Size)
 *fill*         0x0000000020000ae0      0x400 
                0x0000000020000ee0                . = ALIGN (0x8)

/DISCARD/
 libc.a(*)
 libm.a(*)
 libgcc.a(*)

.ARM.attributes
                0x0000000000000000       0x29
 *(.ARM.attributes)
 .ARM.attributes
                0x0000000000000000       0x1d F:/Development/Programs/Programing/STM32/STM32IDE/STM32CubeIDE_1.12.1/STM32CubeIDE/plugins/com.st.stm32cube.ide.mcu.externaltools.gnu-tools-for-stm32.11.3.rel1.win32_1.1.100.202309141235/tools/bin/../lib/gcc/arm-none-eabi/11.3.1/thumb/v7-m/nofp/crti.o
 .ARM.attributes
                0x000000000000001d       0x2d F:/Development/Programs/Programing/STM32/STM32IDE/STM32CubeIDE_1.12.1/STM32CubeIDE/plugins/com.st.stm32cube.ide.mcu.externaltools.gnu-tools-for-stm32.11.3.rel1.win32_1.1.100.202309141235/tools/bin/../lib/gcc/arm-none-eabi/11.3.1/thumb/v7-m/nofp/crtbegin.o
 .ARM.attributes
                0x000000000000004a       0x2d ./Core/Src/Button.o
 .ARM.attributes
                0x0000000000000077       0x2d ./Core/Src/Filter.o
 .ARM.attributes
                0x00000000000000a4       0x2d ./Core/Src/Flash_Custom.o
 .ARM.attributes
                0x00000000000000d1       0x2d ./Core/Src/OLED.o
 .ARM.attributes
                0x00000000000000fe       0x2d ./Core/Src/PAC.o
 .ARM.attributes
                0x000000000000012b       0x2d ./Core/Src/PID.o
 .ARM.attributes
                0x0000000000000158       0x2d ./Core/Src/Soldering_Station.o
 .ARM.attributes
                0x0000000000000185       0x2d ./Core/Src/UI_Base_Func.o
 .ARM.attributes
                0x00000000000001b2       0x2d ./Core/Src/UI_Face.o
 .ARM.attributes
                0x00000000000001df       0x2d ./Core/Src/UI_Menu.o
 .ARM.attributes
                0x000000000000020c       0x2d ./Core/Src/main.o
 .ARM.attributes
                0x0000000000000239       0x2d ./Core/Src/stm32f1xx_hal_msp.o
 .ARM.attributes
                0x0000000000000266       0x2d ./Core/Src/stm32f1xx_it.o
 .ARM.attributes
                0x0000000000000293       0x2d ./Core/Src/sysmem.o
 .ARM.attributes
                0x00000000000002c0       0x2d ./Core/Src/system_stm32f1xx.o
 .ARM.attributes
                0x00000000000002ed       0x21 ./Core/Startup/startup_stm32f103c8tx.o
 .ARM.attributes
                0x000000000000030e       0x2d ./Drivers/STM32F1xx_HAL_Driver/Src/stm32f1xx_hal.o
 .ARM.attributes
                0x000000000000033b       0x2d ./Drivers/STM32F1xx_HAL_Driver/Src/stm32f1xx_hal_adc.o
 .ARM.attributes
                0x0000000000000368       0x2d ./Drivers/STM32F1xx_HAL_Driver/Src/stm32f1xx_hal_adc_ex.o
 .ARM.attributes
                0x0000000000000395       0x2d ./Drivers/STM32F1xx_HAL_Driver/Src/stm32f1xx_hal_cortex.o
 .ARM.attributes
                0x00000000000003c2       0x2d ./Drivers/STM32F1xx_HAL_Driver/Src/stm32f1xx_hal_dma.o
 .ARM.attributes
                0x00000000000003ef       0x2d ./Drivers/STM32F1xx_HAL_Driver/Src/stm32f1xx_hal_flash.o
 .ARM.attributes
                0x000000000000041c       0x2d ./Drivers/STM32F1xx_HAL_Driver/Src/stm32f1xx_hal_flash_ex.o
 .ARM.attributes
                0x0000000000000449       0x2d ./Drivers/STM32F1xx_HAL_Driver/Src/stm32f1xx_hal_gpio.o
 .ARM.attributes
                0x0000000000000476       0x2d ./Drivers/STM32F1xx_HAL_Driver/Src/stm32f1xx_hal_i2c.o
 .ARM.attributes
                0x00000000000004a3       0x2d ./Drivers/STM32F1xx_HAL_Driver/Src/stm32f1xx_hal_rcc.o
 .ARM.attributes
                0x00000000000004d0       0x2d ./Drivers/STM32F1xx_HAL_Driver/Src/stm32f1xx_hal_rcc_ex.o
 .ARM.attributes
                0x00000000000004fd       0x2d ./Drivers/STM32F1xx_HAL_Driver/Src/stm32f1xx_hal_tim.o
 .ARM.attributes
                0x000000000000052a       0x2d ./Drivers/STM32F1xx_HAL_Driver/Src/stm32f1xx_hal_tim_ex.o
 .ARM.attributes