Archive member included to satisfy reference by file (symbol)

F:/Development/Programs/Programing/STM32/STM32IDE/STM32CubeIDE_1.12.1/STM32CubeIDE/plugins/com.st.stm32cube.ide.mcu.externaltools.gnu-tools-for-stm32.11.3.rel1.win32_1.1.100.202309141235/tools/bin/../lib/gcc/arm-none-eabi/11.3.1/../../../../arm-none-eabi/lib/thumb/v7-m/nofp\libc_nano.a(libc_a-exit.o)
                              F:/Development/Programs/Programing/STM32/STM32IDE/STM32CubeIDE_1.12.1/STM32CubeIDE/plugins/com.st.stm32cube.ide.mcu.externaltools.gnu-tools-for-stm32.11.3.rel1.win32_1.1.100.202309141235/tools/bin/../lib/gcc/arm-none-eabi/11.3.1/../../../../arm-none-eabi/lib/thumb/v7-m/nofp/crt0.o (exit)
F:/Development/Programs/Programing/STM32/STM32IDE/STM32CubeIDE_1.12.1/STM32CubeIDE/plugins/com.st.stm32cube.ide.mcu.externaltools.gnu-tools-for-stm32.11.3.rel1.win32_1.1.100.202309141235/tools/bin/../lib/gcc/arm-none-eabi/11.3.1/../../../../arm-none-eabi/lib/thumb/v7-m/nofp\libc_nano.a(libc_a-malloc.o)
                              ./Core/Src/Button.o (malloc)
F:/Development/Programs/Programing/STM32/STM32IDE/STM32CubeIDE_1.12.1/STM32CubeIDE/plugins/com.st.stm32cube.ide.mcu.externaltools.gnu-tools-for-stm32.11.3.rel1.win32_1.1.100.202309141235/tools/bin/../lib/gcc/arm-none-eabi/11.3.1/../../../../arm-none-eabi/lib/thumb/v7-m/nofp\libc_nano.a(libc_a-mallocr.o)
                              F:/Development/Programs/Programing/STM32/STM32IDE/STM32CubeIDE_1.12.1/STM32CubeIDE/plugins/com.st.stm32cube.ide.mcu.externaltools.gnu-tools-for-stm32.11.3.rel1.win32_1.1.100.202309141235/tools/bin/../lib/gcc/arm-none-eabi/11.3.1/../../../../arm-none-eabi/lib/thumb/v7-m/nofp\libc_nano.a(libc_a-malloc.o) (_malloc_r)
F:/Development/Programs/Programing/STM32/STM32IDE/STM32CubeIDE_1.12.1/STM32CubeIDE/plugins/com.st.stm32cube.ide.mcu.externaltools.gnu-tools-for-stm32.11.3.rel1.win32_1.1.100.202309141235/tools/bin/../lib/gcc/arm-none-eabi/11.3.1/../../../../arm-none-eabi/lib/thumb/v7-m/nofp\libc_nano.a(libc_a-mlock.o)
                              F:/Development/Programs/Programing/STM32/STM32IDE/STM32CubeIDE_1.12.1/STM32CubeIDE/plugins/com.st.stm32cube.ide.mcu.externaltools.gnu-tools-for-stm32.11.3.rel1.win32_1.1.100.202309141235/tools/bin/../lib/gcc/arm-none-eabi/11.3.1/../../../../arm-none-eabi/lib/thumb/v7-m/nofp\libc_nano.a(libc_a-mallocr.o) (__malloc_lock)
F:/Development/Programs/Programing/STM32/STM32IDE/STM32CubeIDE_1.12.1/STM32CubeIDE/plugins/com.st.stm32cube.ide.mcu.externaltools.gnu-tools-for-stm32.11.3.rel1.win32_1.1.100.202309141235/tools/bin/../lib/gcc/arm-none-eabi/11.3.1/../../../../arm-none-eabi/lib/thumb/v7-m/nofp\libc_nano.a(libc_a-findfp.o)
                              F:/Development/Programs/Programing/STM32/STM32IDE/STM32CubeIDE_1.12.1/STM32CubeIDE/plugins/com.st.stm32cube.ide.mcu.externaltools.gnu-tools-for-stm32.11.3.rel1.win32_1.1.100.202309141235/tools/bin/../lib/gcc/arm-none-eabi/11.3.1/../../../../arm-none-eabi/lib/thumb/v7-m/nofp\libc_nano.a(libc_a-exit.o) (__stdio_exit_handler)
F:/Development/Programs/Programing/STM32/STM32IDE/STM32CubeIDE_1.12.1/STM32CubeIDE/plugins/com.st.stm32cube.ide.mcu.externaltools.gnu-tools-for-stm32.11.3.rel1.win32_1.1.100.202309141235/tools/bin/../lib/gcc/arm-none-eabi/11.3.1/../../../../arm-none-eabi/lib/thumb/v7-m/nofp\libc_nano.a(libc_a-fwalk.o)
                              F:/Development/Programs/Programing/STM32/STM32IDE/STM32CubeIDE_1.12.1/STM32CubeIDE/plugins/com.st.stm32cube.ide.mcu.externaltools.gnu-tools-for-stm32.11.3.rel1.win32_1.1.100.202309141235/tools/bin/../lib/gcc/arm-none-eabi/11.3.1/../../../../arm-none-eabi/lib/thumb/v7-m/nofp\libc_nano.a(libc_a-findfp.o) (_fwalk_sglue)
F:/Development/Programs/Programing/STM32/STM32IDE/STM32CubeIDE_1.12.1/STM32CubeIDE/plugins/com.st.stm32cube.ide.mcu.externaltools.gnu-tools-for-stm32.11.3.rel1.win32_1.1.100.202309141235/tools/bin/../lib/gcc/arm-none-eabi/11.3.1/../../../../arm-none-eabi/lib/thumb/v7-m/nofp\libc_nano.a(libc_a-stdio.o)
                              F:/Development/Programs/Programing/STM32/STM32IDE/STM32CubeIDE_1.12.1/STM32CubeIDE/plugins/com.st.stm32cube.ide.mcu.externaltools.gnu-tools-for-stm32.11.3.rel1.win32_1.1.100.202309141235/tools/bin/../lib/gcc/arm-none-eabi/11.3.1/../../../../arm-none-eabi/lib/thumb/v7-m/nofp\libc_nano.a(libc_a-findfp.o) (__sread)
F:/Development/Programs/Programing/STM32/STM32IDE/STM32CubeIDE_1.12.1/STM32CubeIDE/plugins/com.st.stm32cube.ide.mcu.externaltools.gnu-tools-for-stm32.11.3.rel1.win32_1.1.100.202309141235/tools/bin/../lib/gcc/arm-none-eabi/11.3.1/../../../../arm-none-eabi/lib/thumb/v7-m/nofp\libc_nano.a(libc_a-memset.o)
                              F:/Development/Programs/Programing/STM32/STM32IDE/STM32CubeIDE_1.12.1/STM32CubeIDE/plugins/com.st.stm32cube.ide.mcu.externaltools.gnu-tools-for-stm32.11.3.rel1.win32_1.1.100.202309141235/tools/bin/../lib/gcc/arm-none-eabi/11.3.1/../../../../arm-none-eabi/lib/thumb/v7-m/nofp/crt0.o (memset)
[...]
Memory Configuration

Name             Origin             Length             Attributes
RAM              0x0000000020000000 0x0000000000005000 xrw
FLASH            0x0000000008000000 0x0000000000010000 xr
*default*        0x0000000000000000 0xffffffffffffffff

Linker script and memory map

LOAD F:/Development/Programs/Programing/STM32/STM32IDE/STM32CubeIDE_1.12.1/STM32CubeIDE/plugins/com.st.stm32cube.ide.mcu.externaltools.gnu-tools-for-stm32.11.3.rel1.win32_1.1.100.202309141235/tools/bin/../lib/gcc/arm-none-eabi/11.3.1/thumb/v7-m/nofp/crti.o
LOAD F:/Development/Programs/Programing/STM32/STM32IDE/STM32CubeIDE_1.12.1/STM32CubeIDE/plugins/com.st.stm32cube.ide.mcu.externaltools.gnu-tools-for-stm32.11.3.rel1.win32_1.1.100.202309141235/tools/bin/../lib/gcc/arm-none-eabi/11.3.1/thumb/v7-m/nofp/crtbegin.o
LOAD F:/Development/Programs/Programing/STM32/STM32IDE/STM32CubeIDE_1.12.1/STM32CubeIDE/plugins/com.st.stm32cube.ide.mcu.externaltools.gnu-tools-for-stm32.11.3.rel1.win32_1.1.100.202309141235/tools/bin/../lib/gcc/arm-none-eabi/11.3.1/../../../../arm-none-eabi/lib/thumb/v7-m/nofp/crt0.o
LOAD ./Core/Src/Button.o
LOAD ./Core/Src/Filter.o
LOAD ./Core/Src/Flash_Custom.o
LOAD ./Core/Src/Menu.o
LOAD ./Core/Src/OLED.o
LOAD ./Core/Src/PAC.o
LOAD ./Core/Src/PID.o
LOAD ./Core/Src/Soldering_Station.o
LOAD ./Core/Src/main.o
LOAD ./Core/Src/stm32f1xx_hal_msp.o
LOAD ./Core/Src/stm32f1xx_it.o
LOAD ./Core/Src/syscalls.o
LOAD ./Core/Src/sysmem.o
LOAD ./Core/Src/system_stm32f1xx.o
LOAD ./Core/Startup/startup_stm32f103c8tx.o
LOAD ./Drivers/STM32F1xx_HAL_Driver/Src/stm32f1xx_hal.o
LOAD ./Drivers/STM32F1xx_HAL_Driver/Src/stm32f1xx_hal_adc.o
LOAD ./Drivers/STM32F1xx_HAL_Driver/Src/stm32f1xx_hal_adc_ex.o
LOAD ./Drivers/STM32F1xx_HAL_Driver/Src/stm32f1xx_hal_cortex.o
LOAD ./Drivers/STM32F1xx_HAL_Driver/Src/stm32f1xx_hal_dma.o
LOAD ./Drivers/STM32F1xx_HAL_Driver/Src/stm32f1xx_hal_exti.o
LOAD ./Drivers/STM32F1xx_HAL_Driver/Src/stm32f1xx_hal_flash.o
LOAD ./Drivers/STM32F1xx_HAL_Driver/Src/stm32f1xx_hal_flash_ex.o
LOAD ./Drivers/STM32F1xx_HAL_Driver/Src/stm32f1xx_hal_gpio.o
LOAD ./Drivers/STM32F1xx_HAL_Driver/Src/stm32f1xx_hal_gpio_ex.o
LOAD ./Drivers/STM32F1xx_HAL_Driver/Src/stm32f1xx_hal_i2c.o
LOAD ./Drivers/STM32F1xx_HAL_Driver/Src/stm32f1xx_hal_pwr.o
LOAD ./Drivers/STM32F1xx_HAL_Driver/Src/stm32f1xx_hal_rcc.o
LOAD ./Drivers/STM32F1xx_HAL_Driver/Src/stm32f1xx_hal_rcc_ex.o
LOAD ./Drivers/STM32F1xx_HAL_Driver/Src/stm32f1xx_hal_tim.o
LOAD ./Drivers/STM32F1xx_HAL_Driver/Src/stm32f1xx_hal_tim_ex.o
START GROUP
LOAD F:/Development/Programs/Programing/STM32/STM32IDE/STM32CubeIDE_1.12.1/STM32CubeIDE/plugins/com.st.stm32cube.ide.mcu.externaltools.gnu-tools-for-stm32.11.3.rel1.win32_1.1.100.202309141235/tools/bin/../lib/gcc/arm-none-eabi/11.3.1/../../../../arm-none-eabi/lib/thumb/v7-m/nofp\libc_nano.a
LOAD F:/Development/Programs/Programing/STM32/STM32IDE/STM32CubeIDE_1.12.1/STM32CubeIDE/plugins/com.st.stm32cube.ide.mcu.externaltools.gnu-tools-for-stm32.11.3.rel1.win32_1.1.100.202309141235/tools/bin/../lib/gcc/arm-none-eabi/11.3.1/../../../../arm-none-eabi/lib/thumb/v7-m/nofp\libm.a
END GROUP
START GROUP
LOAD F:/Development/Programs/Programing/STM32/STM32IDE/STM32CubeIDE_1.12.1/STM32CubeIDE/plugins/com.st.stm32cube.ide.mcu.externaltools.gnu-tools-for-stm32.11.3.rel1.win32_1.1.100.202309141235/tools/bin/../lib/gcc/arm-none-eabi/11.3.1/thumb/v7-m/nofp\libgcc.a
LOAD F:/Development/Programs/Programing/STM32/STM32IDE/STM32CubeIDE_1.12.1/STM32CubeIDE/plugins/com.st.stm32cube.ide.mcu.externaltools.gnu-tools-for-stm32.11.3.rel1.win32_1.1.100.202309141235/tools/bin/../lib/gcc/arm-none-eabi/11.3.1/../../../../arm-none-eabi/lib/thumb/v7-m/nofp\libc_nano.a
END GROUP
START GROUP
LOAD F:/Development/Programs/Programing/STM32/STM32IDE/STM32CubeIDE_1.12.1/STM32CubeIDE/plugins/com.st.stm32cube.ide.mcu.externaltools.gnu-tools-for-stm32.11.3.rel1.win32_1.1.100.202309141235/tools/bin/../lib/gcc/arm-none-eabi/11.3.1/thumb/v7-m/nofp\libgcc.a
LOAD F:/Development/Programs/Programing/STM32/STM32IDE/STM32CubeIDE_1.12.1/STM32CubeIDE/plugins/com.st.stm32cube.ide.mcu.externaltools.gnu-tools-for-stm32.11.3.rel1.win32_1.1.100.202309141235/tools/bin/../lib/gcc/arm-none-eabi/11.3.1/../../../../arm-none-eabi/lib/thumb/v7-m/nofp\libc_nano.a
LOAD F:/Development/Programs/Programing/STM32/STM32IDE/STM32CubeIDE_1.12.1/STM32CubeIDE/plugins/com.st.stm32cube.ide.mcu.externaltools.gnu-tools-for-stm32.11.3.rel1.win32_1.1.100.202309141235/tools/bin/../lib/gcc/arm-none-eabi/11.3.1/../../../../arm-none-eabi/lib/thumb/v7-m/nofp\libnosys.a
END GROUP
START GROUP
LOAD F:/Development/Programs/Programing/STM32/STM32IDE/STM32CubeIDE_1.12.1/STM32CubeIDE/plugins/com.st.stm32cube.ide.mcu.externaltools.gnu-tools-for-stm32.11.3.rel1.win32_1.1.100.202309141235/tools/bin/../lib/gcc/arm-none-eabi/11.3.1/thumb/v7-m/nofp\libgcc.a
LOAD F:/Development/Programs/Programing/STM32/STM32IDE/STM32CubeIDE_1.12.1/STM32CubeIDE/plugins/com.st.stm32cube.ide.mcu.externaltools.gnu-tools-for-stm32.11.3.rel1.win32_1.1.100.202309141235/tools/bin/../lib/gcc/arm-none-eabi/11.3.1/../../../../arm-none-eabi/lib/thumb/v7-m/nofp\libc_nano.a
LOAD F:/Development/Programs/Programing/STM32/STM32IDE/STM32CubeIDE_1.12.1/STM32CubeIDE/plugins/com.st.stm32cube.ide.mcu.externaltools.gnu-tools-for-stm32.11.3.rel1.win32_1.1.100.202309141235/tools/bin/../lib/gcc/arm-none-eabi/11.3.1/../../../../arm-none-eabi/lib/thumb/v7-m/nofp\libnosys.a
END GROUP
LOAD F:/Development/Programs/Programing/STM32/STM32IDE/STM32CubeIDE_1.12.1/STM32CubeIDE/plugins/com.st.stm32cube.ide.mcu.externaltools.gnu-tools-for-stm32.11.3.rel1.win32_1.1.100.202309141235/tools/bin/../lib/gcc/arm-none-eabi/11.3.1/thumb/v7-m/nofp/crtend.o
LOAD F:/Development/Programs/Programing/STM32/STM32IDE/STM32CubeIDE_1.12.1/STM32CubeIDE/plugins/com.st.stm32cube.ide.mcu.externaltools.gnu-tools-for-stm32.11.3.rel1.win32_1.1.100.202309141235/tools/bin/../lib/gcc/arm-none-eabi/11.3.1/thumb/v7-m/nofp/crtn.o
                0x0000000020005000                _estack = (ORIGIN (RAM) + LENGTH (RAM))
                0x0000000000000200                _Min_Heap_Size = 0x200
                0x0000000000000400                _Min_Stack_Size = 0x400

.isr_vector     0x0000000008000000      0x10c
                0x0000000008000000                . = ALIGN (0x4)
 *(.isr_vector)
 .isr_vector    0x0000000008000000      0x10c ./Core/Startup/startup_stm32f103c8tx.o
                0x0000000008000000                g_pfnVectors
                0x000000000800010c                . = ALIGN (0x4)

.text           0x000000000800010c     0x8d50
                0x000000000800010c                . = ALIGN (0x4)
 *(.text)
 .text          0x000000000800010c       0x40 F:/Development/Programs/Programing/STM32/STM32IDE/STM32CubeIDE_1.12.1/STM32CubeIDE/plugins/com.st.stm32cube.ide.mcu.externaltools.gnu-tools-for-stm32.11.3.rel1.win32_1.1.100.202309141235/tools/bin/../lib/gcc/arm-none-eabi/11.3.1/thumb/v7-m/nofp/crtbegin.o
 .text          0x000000000800014c       0x10 F:/Development/Programs/Programing/STM32/STM32IDE/STM32CubeIDE_1.12.1/STM32CubeIDE/plugins/com.st.stm32cube.ide.mcu.externaltools.gnu-tools-for-stm32.11.3.rel1.win32_1.1.100.202309141235/tools/bin/../lib/gcc/arm-none-eabi/11.3.1/../../../../arm-none-eabi/lib/thumb/v7-m/nofp\libc_nano.a(libc_a-strlen.o)
                0x000000000800014c                strlen
 .text          0x000000000800015c      0x21c F:/Development/Programs/Programing/STM32/STM32IDE/STM32CubeIDE_1.12.1/STM32CubeIDE/plugins/com.st.stm32cube.ide.mcu.externaltools.gnu-tools-for-stm32.11.3.rel1.win32_1.1.100.202309141235/tools/bin/../lib/gcc/arm-none-eabi/11.3.1/thumb/v7-m/nofp\libgcc.a(_arm_addsubsf3.o)
                0x000000000800015c                __aeabi_frsub
                0x0000000008000164                __subsf3
                0x0000000008000164                __aeabi_fsub
                0x0000000008000168                __aeabi_fadd
                0x0000000008000168                __addsf3
                0x00000000080002c8                __aeabi_ui2f
                0x00000000080002c8                __floatunsisf
                0x00000000080002d0                __aeabi_i2f
                0x00000000080002d0                __floatsisf
                0x00000000080002ec                __aeabi_ul2f
                0x00000000080002ec                __floatundisf
                0x00000000080002fc                __aeabi_l2f
                0x00000000080002fc                __floatdisf
 .text          0x0000000008000378      0x2a0 F:/Development/Programs/Programing/STM32/STM32IDE/STM32CubeIDE_1.12.1/STM32CubeIDE/plugins/com.st.stm32cube.ide.mcu.externaltools.gnu-tools-for-stm32.11.3.rel1.win32_1.1.100.202309141235/tools/bin/../lib/gcc/arm-none-eabi/11.3.1/thumb/v7-m/nofp\libgcc.a(_arm_muldivsf3.o)
                0x0000000008000378                __mulsf3
                0x0000000008000378                __aeabi_fmul
                0x00000000080004e0                __aeabi_fdiv
                0x00000000080004e0                __divsf3
 .text          0x0000000008000618       0xec F:/Development/Programs/Programing/STM32/STM32IDE/STM32CubeIDE_1.12.1/STM32CubeIDE/plugins/com.st.stm32cube.ide.mcu.externaltools.gnu-tools-for-stm32.11.3.rel1.win32_1.1.100.202309141235/tools/bin/../lib/gcc/arm-none-eabi/11.3.1/thumb/v7-m/nofp\libgcc.a(_arm_cmpsf2.o)
                0x0000000008000618                __gesf2
                0x0000000008000618                __gtsf2
                0x0000000008000620                __lesf2
                0x0000000008000620                __ltsf2
                0x0000000008000628                __nesf2
                0x0000000008000628                __eqsf2
                0x0000000008000628                __cmpsf2
                0x0000000008000688                __aeabi_cfrcmple
                0x0000000008000690                __aeabi_cfcmpeq
                0x0000000008000690                __aeabi_cfcmple
                0x00000000080006a0                __aeabi_fcmpeq
                0x00000000080006b4                __aeabi_fcmplt
                0x00000000080006c8                __aeabi_fcmple
                0x00000000080006dc                __aeabi_fcmpge
                0x00000000080006f0                __aeabi_fcmpgt
 .text          0x0000000008000704       0x4c F:/Development/Programs/Programing/STM32/STM32IDE/STM32CubeIDE_1.12.1/STM32CubeIDE/plugins/com.st.stm32cube.ide.mcu.externaltools.gnu-tools-for-stm32.11.3.rel1.win32_1.1.100.202309141235/tools/bin/../lib/gcc/arm-none-eabi/11.3.1/thumb/v7-m/nofp\libgcc.a(_arm_fixsfsi.o)
                0x0000000008000704                __aeabi_f2iz
                0x0000000008000704                __fixsfsi
 .text          0x0000000008000750       0x40 F:/Development/Programs/Programing/STM32/STM32IDE/STM32CubeIDE_1.12.1/STM32CubeIDE/plugins/com.st.stm32cube.ide.mcu.externaltools.gnu-tools-for-stm32.11.3.rel1.win32_1.1.100.202309141235/tools/bin/../lib/gcc/arm-none-eabi/11.3.1/thumb/v7-m/nofp\libgcc.a(_arm_fixunssfsi.o)
                0x0000000008000750                __fixunssfsi
                0x0000000008000750                __aeabi_f2uiz
 *(.text*)
 .text.Rotary_Switch_Handler
                0x0000000008000790       0x2e ./Core/Src/Button.o
                0x0000000008000790                Rotary_Switch_Handler
 .text.Rotary_Switch_EXTI
                0x00000000080007be       0x46 ./Core/Src/Button.o
                0x00000000080007be                Rotary_Switch_EXTI
 .text.Button_EXTI
                0x0000000008000804       0x36 ./Core/Src/Button.o
                0x0000000008000804                Button_EXTI
 .text.Incoder_EXTI
                0x000000000800083a       0x2a ./Core/Src/Button.o
                0x000000000800083a                Incoder_EXTI
 .text.Button_MODE_it
                0x0000000008000864      0x140 ./Core/Src/Button.o
                0x0000000008000864                Button_MODE_it
 .text.Button_it
                0x00000000080009a4       0x68 ./Core/Src/Button.o
                0x00000000080009a4                Button_it
 .text.Incoder_it
                0x0000000008000a0c       0x1a ./Core/Src/Button.o
                0x0000000008000a0c                Incoder_it
 .text.Button_ini
                0x0000000008000a26       0x3c ./Core/Src/Button.o
                0x0000000008000a26                Button_ini
 .text.Button_Vector_Create
                0x0000000008000a62       0x78 ./Core/Src/Button.o
                0x0000000008000a62                Button_Vector_Create
 .text.Button_Vector_EXTI
                0x0000000008000ada       0x30 ./Core/Src/Button.o
                0x0000000008000ada                Button_Vector_EXTI
 .text.Button_Vector_it
                0x0000000008000b0a       0x2c ./Core/Src/Button.o
                0x0000000008000b0a                Button_Vector_it
 .text.Incoder_ini
                0x0000000008000b36       0x36 ./Core/Src/Button.o
                0x0000000008000b36                Incoder_ini
 .text.Filter_Mediana_3
                0x0000000008000b6c       0x5a ./Core/Src/Filter.o
                0x0000000008000b6c                Filter_Mediana_3
 .text.Filter_Mediana_9
                0x0000000008000bc6       0x6c ./Core/Src/Filter.o
                0x0000000008000bc6                Filter_Mediana_9
 .text.Filter_ini
                0x0000000008000c32       0x1a ./Core/Src/Filter.o
                0x0000000008000c32                Filter_ini
 .text.Filter_Exp_Mov_Average
                0x0000000008000c4c       0xb0 ./Core/Src/Filter.o
                0x0000000008000c4c                Filter_Exp_Mov_Average
 .text.Filter_Combined
                0x0000000008000cfc       0x6a ./Core/Src/Filter.o
                0x0000000008000cfc                Filter_Combined
 .text.Flash_Erase
                0x0000000008000d66       0x5e ./Core/Src/Flash_Custom.o
                0x0000000008000d66                Flash_Erase
 .text.Flash_Write
                0x0000000008000dc4       0x7a ./Core/Src/Flash_Custom.o
                0x0000000008000dc4                Flash_Write
 .text.Flash_Read
                0x0000000008000e3e       0x42 ./Core/Src/Flash_Custom.o
                0x0000000008000e3e                Flash_Read
 .text.Incoder_Handler
                0x0000000008000e80       0xec ./Core/Src/Menu.o
                0x0000000008000e80                Incoder_Handler
 .text.Menu_Parmetr_Drow
                0x0000000008000f6c      0x334 ./Core/Src/Menu.o
                0x0000000008000f6c                Menu_Parmetr_Drow
 .text.Menu_String_Drow
                0x00000000080012a0       0x34 ./Core/Src/Menu.o
                0x00000000080012a0                Menu_String_Drow
 .text.Menu_List_Element_Drow
                0x00000000080012d4       0x40 ./Core/Src/Menu.o
                0x00000000080012d4                Menu_List_Element_Drow
 .text.Menu_Center_String_Drow
                0x0000000008001314       0x88 ./Core/Src/Menu.o
                0x0000000008001314                Menu_Center_String_Drow
 .text.Menu_List_Element_Vector_Drow
                0x000000000800139c       0x98 ./Core/Src/Menu.o
                0x000000000800139c                Menu_List_Element_Vector_Drow
 .text.Menu_List_Vector_Size
                0x0000000008001434       0x32 ./Core/Src/Menu.o
                0x0000000008001434                Menu_List_Vector_Size
 *fill*         0x0000000008001466        0x2 
 .text.OLED_Set_Menu_Cursor
                0x0000000008001468       0x8c ./Core/Src/Menu.o
                0x0000000008001468                OLED_Set_Menu_Cursor
 .text.Value_Changing
                0x00000000080014f4      0x13c ./Core/Src/Menu.o
                0x00000000080014f4                Value_Changing
 .text.Value_Change
                0x0000000008001630       0x44 ./Core/Src/Menu.o
                0x0000000008001630                Value_Change
 .text.Menu_List_Element_Value_Change
                0x0000000008001674       0x68 ./Core/Src/Menu.o
                0x0000000008001674                Menu_List_Element_Value_Change
 .text.Menu_List_Element_Vector_it
                0x00000000080016dc      0x17c ./Core/Src/Menu.o
                0x00000000080016dc                Menu_List_Element_Vector_it
 .text.Menu_List_Element_Create
                0x0000000008001858       0xb6 ./Core/Src/Menu.o
                0x0000000008001858                Menu_List_Element_Create
 .text.Menu_List_Size
                0x000000000800190e       0x32 ./Core/Src/Menu.o
                0x000000000800190e                Menu_List_Size
 .text.Menu_List_Vector_Drow
                0x0000000008001940       0xa4 ./Core/Src/Menu.o
                0x0000000008001940                Menu_List_Vector_Drow
 .text.OLED_Set_Menu_List_Cursor
                0x00000000080019e4       0xe8 ./Core/Src/Menu.o
                0x00000000080019e4                OLED_Set_Menu_List_Cursor
 .text.Menu_List_Vector_it
                0x0000000008001acc      0x268 ./Core/Src/Menu.o
                0x0000000008001acc                Menu_List_Vector_it
 .text.Menu_List_Create
                0x0000000008001d34       0xa2 ./Core/Src/Menu.o
                0x0000000008001d34                Menu_List_Create
 *fill*         0x0000000008001dd6        0x2 
 .text.start_Page_Drow
                0x0000000008001dd8      0x100 ./Core/Src/Menu.o
                0x0000000008001dd8                start_Page_Drow
 .text.Button_Handler
                0x0000000008001ed8      0x158 ./Core/Src/Menu.o
                0x0000000008001ed8                Button_Handler
 .text.Menu_it  0x0000000008002030      0x2dc ./Core/Src/Menu.o
                0x0000000008002030                Menu_it
 .text.OLED_Send_Comand
                0x000000000800230c       0x38 ./Core/Src/OLED.o
                0x000000000800230c                OLED_Send_Comand
 .text.OLED_Search_Adress
                0x0000000008002344       0x44 ./Core/Src/OLED.o
                0x0000000008002344                OLED_Search_Adress
 .text.OLED_ini
                0x0000000008002388       0x86 ./Core/Src/OLED.o
                0x0000000008002388                OLED_ini
 .text.OLED_Set_Cursor
                0x000000000800240e       0x54 ./Core/Src/OLED.o
                0x000000000800240e                OLED_Set_Cursor
 .text.OLED_Set_Char_Cursor
                0x0000000008002462       0x60 ./Core/Src/OLED.o
                0x0000000008002462                OLED_Set_Char_Cursor
 *fill*         0x00000000080024c2        0x2 
 .text.OLED_Clear_Display
                0x00000000080024c4       0x50 ./Core/Src/OLED.o
                0x00000000080024c4                OLED_Clear_Display
 .text.OLED_Send_Char
                0x0000000008002514       0x84 ./Core/Src/OLED.o
                0x0000000008002514                OLED_Send_Char
 .text.OLED_Clear_Line
                0x0000000008002598       0x3c ./Core/Src/OLED.o
                0x0000000008002598                OLED_Clear_Line
 .text.OLED_Send_String
                0x00000000080025d4      0x168 ./Core/Src/OLED.o
                0x00000000080025d4                OLED_Send_String
 .text.PAC_Control_Vector_Create
                0x000000000800273c       0x5c ./Core/Src/PAC.o
                0x000000000800273c                PAC_Control_Vector_Create
 .text.PAC_Control_Vector_PIN_Reset
                0x0000000008002798       0x30 ./Core/Src/PAC.o
                0x0000000008002798                PAC_Control_Vector_PIN_Reset
 .text.PAC_Controll_Callback
                0x00000000080027c8       0x78 ./Core/Src/PAC.o
                0x00000000080027c8                PAC_Controll_Callback
 .text.ZCD_Falling_Adge_Callback
                0x0000000008002840       0x30 ./Core/Src/PAC.o
                0x0000000008002840                ZCD_Falling_Adge_Callback
 .text.ZCD_Rising_Adge_Callback
                0x0000000008002870       0x50 ./Core/Src/PAC.o
                0x0000000008002870                ZCD_Rising_Adge_Callback
 .text.ZCD_ini  0x00000000080028c0       0x38 ./Core/Src/PAC.o
                0x00000000080028c0                ZCD_ini
 .text.ZCD_OFF  0x00000000080028f8       0x1e ./Core/Src/PAC.o
                0x00000000080028f8                ZCD_OFF
 .text.ZCD_ON   0x0000000008002916       0x18 ./Core/Src/PAC.o
                0x0000000008002916                ZCD_ON
 .text.PAC_ON   0x000000000800292e       0x2e ./Core/Src/PAC.o
                0x000000000800292e                PAC_ON
 .text.PAC_OFF  0x000000000800295c       0x5a ./Core/Src/PAC.o
                0x000000000800295c                PAC_OFF
 .text.PAC_EXTI
                0x00000000080029b6       0xae ./Core/Src/PAC.o
                0x00000000080029b6                PAC_EXTI
 .text.PAC_it   0x0000000008002a64       0x6c ./Core/Src/PAC.o
                0x0000000008002a64                PAC_it
 .text.PID_ini  0x0000000008002ad0       0x22 ./Core/Src/PID.o
                0x0000000008002ad0                PID_ini
 *fill*         0x0000000008002af2        0x2 
 .text.PID_it   0x0000000008002af4      0x11c ./Core/Src/PID.o
                0x0000000008002af4                PID_it
 .text.PID_Set_Point
                0x0000000008002c10       0x1e ./Core/Src/PID.o
                0x0000000008002c10                PID_Set_Point
 .text.PID_Set_Point_Now
                0x0000000008002c2e       0x1e ./Core/Src/PID.o
                0x0000000008002c2e                PID_Set_Point_Now
 .text.Set_Temperature
                0x0000000008002c4c       0x90 ./Core/Src/Soldering_Station.o
                0x0000000008002c4c                Set_Temperature
 .text.Solder_Iron_it
                0x0000000008002cdc       0x68 ./Core/Src/Soldering_Station.o
                0x0000000008002cdc                Solder_Iron_it
 .text.Solder_Iron_Sleep_Time_Resset
                0x0000000008002d44       0x30 ./Core/Src/Soldering_Station.o
                0x0000000008002d44                Solder_Iron_Sleep_Time_Resset
 .text.Solder_Iron_tim_it
                0x0000000008002d74       0xb4 ./Core/Src/Soldering_Station.o
                0x0000000008002d74                Solder_Iron_tim_it
 .text.Solder_Iron_ini
                0x0000000008002e28       0x2c ./Core/Src/Soldering_Station.o
                0x0000000008002e28                Solder_Iron_ini
 .text.Solder_Iron_ON
                0x0000000008002e54       0x2c ./Core/Src/Soldering_Station.o
                0x0000000008002e54                Solder_Iron_ON
 .text.Solder_Iron_OFF
                0x0000000008002e80       0x24 ./Core/Src/Soldering_Station.o
                0x0000000008002e80                Solder_Iron_OFF
 .text.Solder_Iron_Set_Temperature
                0x0000000008002ea4       0x9c ./Core/Src/Soldering_Station.o
                0x0000000008002ea4                Solder_Iron_Set_Temperature
 .text.Vibration_Sensor_it
                0x0000000008002f40       0x5a ./Core/Src/Soldering_Station.o
                0x0000000008002f40                Vibration_Sensor_it
 .text.Solder_Iron_Flash_Write_Struct
                0x0000000008002f9a       0x1e ./Core/Src/Soldering_Station.o
                0x0000000008002f9a                Solder_Iron_Flash_Write_Struct
 .text.Solder_Iron_Flash_Read_Struct
                0x0000000008002fb8       0x44 ./Core/Src/Soldering_Station.o
                0x0000000008002fb8                Solder_Iron_Flash_Read_Struct
 .text.Solder_Iron_Flash_Read_Manual_Temperature
                0x0000000008002ffc       0x24 ./Core/Src/Soldering_Station.o
                0x0000000008002ffc                Solder_Iron_Flash_Read_Manual_Temperature
 .text.Solder_Iron_Flash_Reset_Rewrite_Timer
                0x0000000008003020       0x1a ./Core/Src/Soldering_Station.o
                0x0000000008003020                Solder_Iron_Flash_Reset_Rewrite_Timer
 .text.Soldering_Heat_Gun_ini
                0x000000000800303a       0x2c ./Core/Src/Soldering_Station.o
                0x000000000800303a                Soldering_Heat_Gun_ini
 .text.Soldering_Heat_Gun_ON
                0x0000000008003066       0x60 ./Core/Src/Soldering_Station.o
                0x0000000008003066                Soldering_Heat_Gun_ON
 .text.Soldering_Heat_Gun_OFF
                0x00000000080030c6       0x50 ./Core/Src/Soldering_Station.o
                0x00000000080030c6                Soldering_Heat_Gun_OFF
 .text.Soldering_Heat_Gun_Set_Temperature
                0x0000000008003116       0x42 ./Core/Src/Soldering_Station.o
                0x0000000008003116                Soldering_Heat_Gun_Set_Temperature
 .text.Soldering_Heat_Gun_it
                0x0000000008003158       0x9e ./Core/Src/Soldering_Station.o
                0x0000000008003158                Soldering_Heat_Gun_it
 .text.Soldering_Heat_Gun_Flash_Write_Struct
                0x00000000080031f6       0x1e ./Core/Src/Soldering_Station.o
                0x00000000080031f6                Soldering_Heat_Gun_Flash_Write_Struct
 .text.Soldering_Heat_Gun_Flash_Read_Struct
                0x0000000008003214       0x44 ./Core/Src/Soldering_Station.o
                0x0000000008003214                Soldering_Heat_Gun_Flash_Read_Struct
 .text.Soldering_Heat_Gun_Flash_Read_Manual_Temperature
                0x0000000008003258       0x24 ./Core/Src/Soldering_Station.o
                0x0000000008003258                Soldering_Heat_Gun_Flash_Read_Manual_Temperature
 .text.Soldering_Heat_Gun_Flash_Reset_Rewrite_Timer
                0x000000000800327c       0x1a ./Core/Src/Soldering_Station.o
                0x000000000800327c                Soldering_Heat_Gun_Flash_Reset_Rewrite_Timer
 .text.Soldering_Separator_ini
                0x0000000008003296       0x2c ./Core/Src/Soldering_Station.o
                0x0000000008003296                Soldering_Separator_ini
 .text.Soldering_Separator_ON
                0x00000000080032c2       0x3c ./Core/Src/Soldering_Station.o
                0x00000000080032c2                Soldering_Separator_ON
 .text.Soldering_Separator_OFF
                0x00000000080032fe       0x2a ./Core/Src/Soldering_Station.o
                0x00000000080032fe                Soldering_Separator_OFF
 .text.Soldering_Separator_Set_Temperature
                0x0000000008003328       0x42 ./Core/Src/Soldering_Station.o
                0x0000000008003328                Soldering_Separator_Set_Temperature
 .text.Soldering_Separator_it
                0x000000000800336a       0x58 ./Core/Src/Soldering_Station.o
                0x000000000800336a                Soldering_Separator_it
 .text.Soldering_Separator_Flash_Write_Struct
                0x00000000080033c2       0x1e ./Core/Src/Soldering_Station.o
                0x00000000080033c2                Soldering_Separator_Flash_Write_Struct
 .text.Soldering_Separator_Flash_Read_Struct
                0x00000000080033e0       0x44 ./Core/Src/Soldering_Station.o
                0x00000000080033e0                Soldering_Separator_Flash_Read_Struct
 .text.Soldering_Separator_Flash_Read_Manual_Temperature
                0x0000000008003424       0x24 ./Core/Src/Soldering_Station.o
                0x0000000008003424                Soldering_Separator_Flash_Read_Manual_Temperature
 .text.Soldering_Separator_Flash_Reset_Rewrite_Timer
                0x0000000008003448       0x1a ./Core/Src/Soldering_Station.o
                0x0000000008003448                Soldering_Separator_Flash_Reset_Rewrite_Timer
 *fill*         0x0000000008003462        0x2 
 .text.Soldering_Station_Read_Struct
                0x0000000008003464       0x64 ./Core/Src/Soldering_Station.o
                0x0000000008003464                Soldering_Station_Read_Struct
 .text.Soldering_Station_Write_Struct
                0x00000000080034c8       0x7c ./Core/Src/Soldering_Station.o
                0x00000000080034c8                Soldering_Station_Write_Struct
 .text.Write_Manual_Temperature
                0x0000000008003544       0x4a ./Core/Src/Soldering_Station.o
                0x0000000008003544                Write_Manual_Temperature
 .text.Flash_Read_Manual_Temperature
                0x000000000800358e       0x5a ./Core/Src/Soldering_Station.o
                0x000000000800358e                Flash_Read_Manual_Temperature
 .text.Flash_Reset_Rewrite_Timer
                0x00000000080035e8       0x1e ./Core/Src/Soldering_Station.o
                0x00000000080035e8                Flash_Reset_Rewrite_Timer
 .text.Flash_Rewrite_Timer_it
                0x0000000008003606       0x40 ./Core/Src/Soldering_Station.o
                0x0000000008003606                Flash_Rewrite_Timer_it
 *fill*         0x0000000008003646        0x2 
 .text.Flash_Rewrite_Timer_tim_it
                0x0000000008003648       0x5c ./Core/Src/Soldering_Station.o
                0x0000000008003648                Flash_Rewrite_Timer_tim_it
 .text.Flash_Rewrite_Timer_ini
                0x00000000080036a4       0x1e ./Core/Src/Soldering_Station.o
                0x00000000080036a4                Flash_Rewrite_Timer_ini
 *fill*         0x00000000080036c2        0x2 
 .text.ZCD_ON_Callback
                0x00000000080036c4       0x30 ./Core/Src/main.o
                0x00000000080036c4                ZCD_ON_Callback
 .text.HAL_ADC_ConvCpltCallback
                0x00000000080036f4       0x30 ./Core/Src/main.o
                0x00000000080036f4                HAL_ADC_ConvCpltCallback
 .text.HAL_GPIO_EXTI_Callback
                0x0000000008003724       0x50 ./Core/Src/main.o
                0x0000000008003724                HAL_GPIO_EXTI_Callback
 .text.HAL_TIM_PeriodElapsedCallback
                0x0000000008003774       0xbc ./Core/Src/main.o
                0x0000000008003774                HAL_TIM_PeriodElapsedCallback
 .text.BUTTON_INI
                0x0000000008003830      0x160 ./Core/Src/main.o
                0x0000000008003830                BUTTON_INI
 .text.INCODER_INI
                0x0000000008003990       0xc0 ./Core/Src/main.o
                0x0000000008003990                INCODER_INI
 .text.MENU_INI
                0x0000000008003a50      0x2c8 ./Core/Src/main.o
                0x0000000008003a50                MENU_INI
 .text.OLED_INI
                0x0000000008003d18       0x24 ./Core/Src/main.o
                0x0000000008003d18                OLED_INI
 .text.Soldering_Iron_INI
                0x0000000008003d3c       0xfc ./Core/Src/main.o
                0x0000000008003d3c                Soldering_Iron_INI
 .text.PAC_INI  0x0000000008003e38       0x2c ./Core/Src/main.o
                0x0000000008003e38                PAC_INI
 .text.Soldering_Heat_Gun_INI
                0x0000000008003e64      0x114 ./Core/Src/main.o
                0x0000000008003e64                Soldering_Heat_Gun_INI
 .text.Soldering_Separator_INI
                0x0000000008003f78       0xe4 ./Core/Src/main.o
                0x0000000008003f78                Soldering_Separator_INI
 .text.main     0x000000000800405c       0xfc ./Core/Src/main.o
                0x000000000800405c                main
 .text.SystemClock_Config
                0x0000000008004158       0xa0 ./Core/Src/main.o
                0x0000000008004158                SystemClock_Config
 .text.MX_ADC1_Init
                0x00000000080041f8      0x1f4 ./Core/Src/main.o
 .text.MX_I2C1_Init
                0x00000000080043ec       0x5c ./Core/Src/main.o
 .text.MX_TIM1_Init
                0x0000000008004448       0xa4 ./Core/Src/main.o
 .text.MX_TIM2_Init
                0x00000000080044ec       0xec ./Core/Src/main.o
 .text.MX_TIM3_Init
                0x00000000080045d8       0x9c ./Core/Src/main.o
 .text.MX_TIM4_Init
                0x0000000008004674       0x98 ./Core/Src/main.o
 .text.MX_DMA_Init
                0x000000000800470c       0x3c ./Core/Src/main.o
 .text.MX_GPIO_Init
                0x0000000008004748      0x20c ./Core/Src/main.o
 .text.Error_Handler
                0x0000000008004954        0xa ./Core/Src/main.o
                0x0000000008004954                Error_Handler
 *fill*         0x000000000800495e        0x2 
 .text.HAL_MspInit
                0x0000000008004960       0x84 ./Core/Src/stm32f1xx_hal_msp.o
                0x0000000008004960                HAL_MspInit
 .text.HAL_ADC_MspInit
                0x00000000080049e4       0xe4 ./Core/Src/stm32f1xx_hal_msp.o
                0x00000000080049e4                HAL_ADC_MspInit
 .text.HAL_I2C_MspInit
                0x0000000008004ac8       0x7c ./Core/Src/stm32f1xx_hal_msp.o
                0x0000000008004ac8                HAL_I2C_MspInit
 .text.HAL_TIM_Base_MspInit
                0x0000000008004b44       0xf0 ./Core/Src/stm32f1xx_hal_msp.o
                0x0000000008004b44                HAL_TIM_Base_MspInit
 .text.HAL_TIM_MspPostInit
                0x0000000008004c34       0x60 ./Core/Src/stm32f1xx_hal_msp.o
                0x0000000008004c34                HAL_TIM_MspPostInit
 .text.NMI_Handler
                0x0000000008004c94        0x6 ./Core/Src/stm32f1xx_it.o
                0x0000000008004c94                NMI_Handler
 .text.HardFault_Handler
                0x0000000008004c9a        0x6 ./Core/Src/stm32f1xx_it.o
                0x0000000008004c9a                HardFault_Handler
 .text.MemManage_Handler
                0x0000000008004ca0        0x6 ./Core/Src/stm32f1xx_it.o
                0x0000000008004ca0                MemManage_Handler
 .text.BusFault_Handler
                0x0000000008004ca6        0x6 ./Core/Src/stm32f1xx_it.o
                0x0000000008004ca6                BusFault_Handler
 .text.UsageFault_Handler
                0x0000000008004cac        0x6 ./Core/Src/stm32f1xx_it.o
                0x0000000008004cac                UsageFault_Handler
 .text.SVC_Handler
                0x0000000008004cb2        0xc ./Core/Src/stm32f1xx_it.o
                0x0000000008004cb2                SVC_Handler
 .text.DebugMon_Handler
                0x0000000008004cbe        0xc ./Core/Src/stm32f1xx_it.o
                0x0000000008004cbe                DebugMon_Handler
 .text.PendSV_Handler
                0x0000000008004cca        0xc ./Core/Src/stm32f1xx_it.o
                0x0000000008004cca                PendSV_Handler
 .text.SysTick_Handler
                0x0000000008004cd6        0xc ./Core/Src/stm32f1xx_it.o
                0x0000000008004cd6                SysTick_Handler
 .text.FLASH_IRQHandler
                0x0000000008004ce2        0xc ./Core/Src/stm32f1xx_it.o
                0x0000000008004ce2                FLASH_IRQHandler
 .text.RCC_IRQHandler
                0x0000000008004cee        0xc ./Core/Src/stm32f1xx_it.o
                0x0000000008004cee                RCC_IRQHandler
 .text.EXTI1_IRQHandler
                0x0000000008004cfa        0xe ./Core/Src/stm32f1xx_it.o
                0x0000000008004cfa                EXTI1_IRQHandler
 .text.EXTI2_IRQHandler
                0x0000000008004d08        0xe ./Core/Src/stm32f1xx_it.o
                0x0000000008004d08                EXTI2_IRQHandler
 .text.EXTI3_IRQHandler
                0x0000000008004d16        0xe ./Core/Src/stm32f1xx_it.o
                0x0000000008004d16                EXTI3_IRQHandler
 .text.DMA1_Channel1_IRQHandler
                0x0000000008004d24       0x14 ./Core/Src/stm32f1xx_it.o
                0x0000000008004d24                DMA1_Channel1_IRQHandler
 .text.ADC1_2_IRQHandler
                0x0000000008004d38       0x14 ./Core/Src/stm32f1xx_it.o
                0x0000000008004d38                ADC1_2_IRQHandler
 .text.TIM1_UP_IRQHandler
                0x0000000008004d4c       0x14 ./Core/Src/stm32f1xx_it.o
                0x0000000008004d4c                TIM1_UP_IRQHandler
 .text.TIM2_IRQHandler
                0x0000000008004d60       0x14 ./Core/Src/stm32f1xx_it.o
                0x0000000008004d60                TIM2_IRQHandler
 .text.TIM3_IRQHandler
                0x0000000008004d74       0x14 ./Core/Src/stm32f1xx_it.o
                0x0000000008004d74                TIM3_IRQHandler
 .text.TIM4_IRQHandler
                0x0000000008004d88       0x14 ./Core/Src/stm32f1xx_it.o
                0x0000000008004d88                TIM4_IRQHandler
 .text.EXTI15_10_IRQHandler
                0x0000000008004d9c       0x28 ./Core/Src/stm32f1xx_it.o
                0x0000000008004d9c                EXTI15_10_IRQHandler
 .text._sbrk    0x0000000008004dc4       0x6c ./Core/Src/sysmem.o
                0x0000000008004dc4                _sbrk
 .text.SystemInit
                0x0000000008004e30        0xc ./Core/Src/system_stm32f1xx.o
                0x0000000008004e30                SystemInit
 .text.Reset_Handler
                0x0000000008004e3c       0x48 ./Core/Startup/startup_stm32f103c8tx.o
                0x0000000008004e3c                Reset_Handler
 .text.Default_Handler
                0x0000000008004e84        0x2 ./Core/Startup/startup_stm32f103c8tx.o
                0x0000000008004e84                RTC_Alarm_IRQHandler
                0x0000000008004e84                TIM1_CC_IRQHandler
                0x0000000008004e84                PVD_IRQHandler
                0x0000000008004e84                EXTI0_IRQHandler
                0x0000000008004e84                I2C2_EV_IRQHandler
                0x0000000008004e84                SPI1_IRQHandler
                0x0000000008004e84                TAMPER_IRQHandler
                0x0000000008004e84                DMA1_Channel4_IRQHandler
                0x0000000008004e84                USART3_IRQHandler
                0x0000000008004e84                RTC_IRQHandler
                0x0000000008004e84                DMA1_Channel7_IRQHandler
                0x0000000008004e84                CAN1_RX1_IRQHandler
                0x0000000008004e84                I2C1_EV_IRQHandler
                0x0000000008004e84                DMA1_Channel6_IRQHandler
                0x0000000008004e84                TIM1_TRG_COM_IRQHandler
                0x0000000008004e84                Default_Handler
                0x0000000008004e84                EXTI9_5_IRQHandler
                0x0000000008004e84                SPI2_IRQHandler
                0x0000000008004e84                DMA1_Channel5_IRQHandler
                0x0000000008004e84                EXTI4_IRQHandler
                0x0000000008004e84                USB_LP_CAN1_RX0_IRQHandler
                0x0000000008004e84                USB_HP_CAN1_TX_IRQHandler
                0x0000000008004e84                DMA1_Channel3_IRQHandler
                0x0000000008004e84                WWDG_IRQHandler
                0x0000000008004e84                TIM1_BRK_IRQHandler
                0x0000000008004e84                USART2_IRQHandler
                0x0000000008004e84                I2C2_ER_IRQHandler
                0x0000000008004e84                DMA1_Channel2_IRQHandler
                0x0000000008004e84                CAN1_SCE_IRQHandler
                0x0000000008004e84                USART1_IRQHandler
                0x0000000008004e84                I2C1_ER_IRQHandler
                0x0000000008004e84                USBWakeUp_IRQHandler
 *fill*         0x0000000008004e86        0x2 
 .text.HAL_Init
                0x0000000008004e88       0x2c ./Drivers/STM32F1xx_HAL_Driver/Src/stm32f1xx_hal.o
                0x0000000008004e88                HAL_Init
 .text.HAL_InitTick
                0x0000000008004eb4       0x60 ./Drivers/STM32F1xx_HAL_Driver/Src/stm32f1xx_hal.o
                0x0000000008004eb4                HAL_InitTick
 .text.HAL_IncTick
                0x0000000008004f14       0x24 ./Drivers/STM32F1xx_HAL_Driver/Src/stm32f1xx_hal.o
                0x0000000008004f14                HAL_IncTick
 .text.HAL_GetTick
                0x0000000008004f38       0x14 ./Drivers/STM32F1xx_HAL_Driver/Src/stm32f1xx_hal.o
                0x0000000008004f38                HAL_GetTick
 .text.HAL_Delay
                0x0000000008004f4c       0x48 ./Drivers/STM32F1xx_HAL_Driver/Src/stm32f1xx_hal.o
                0x0000000008004f4c                HAL_Delay
 .text.HAL_ADC_Init
                0x0000000008004f94      0x1b0 ./Drivers/STM32F1xx_HAL_Driver/Src/stm32f1xx_hal_adc.o
                0x0000000008004f94                HAL_ADC_Init
 .text.HAL_ADC_Start_DMA
                0x0000000008005144      0x1bc ./Drivers/STM32F1xx_HAL_Driver/Src/stm32f1xx_hal_adc.o
                0x0000000008005144                HAL_ADC_Start_DMA
 .text.HAL_ADC_IRQHandler
                0x0000000008005300      0x186 ./Drivers/STM32F1xx_HAL_Driver/Src/stm32f1xx_hal_adc.o
                0x0000000008005300                HAL_ADC_IRQHandler
 .text.HAL_ADC_ConvHalfCpltCallback
                0x0000000008005486       0x12 ./Drivers/STM32F1xx_HAL_Driver/Src/stm32f1xx_hal_adc.o
                0x0000000008005486                HAL_ADC_ConvHalfCpltCallback
 .text.HAL_ADC_LevelOutOfWindowCallback
                0x0000000008005498       0x12 ./Drivers/STM32F1xx_HAL_Driver/Src/stm32f1xx_hal_adc.o
                0x0000000008005498                HAL_ADC_LevelOutOfWindowCallback
 .text.HAL_ADC_ErrorCallback
                0x00000000080054aa       0x12 ./Drivers/STM32F1xx_HAL_Driver/Src/stm32f1xx_hal_adc.o
                0x00000000080054aa                HAL_ADC_ErrorCallback
 .text.HAL_ADC_ConfigChannel
                0x00000000080054bc      0x1f0 ./Drivers/STM32F1xx_HAL_Driver/Src/stm32f1xx_hal_adc.o
                0x00000000080054bc                HAL_ADC_ConfigChannel
 .text.ADC_Enable
                0x00000000080056ac       0xb4 ./Drivers/STM32F1xx_HAL_Driver/Src/stm32f1xx_hal_adc.o
                0x00000000080056ac                ADC_Enable
 .text.ADC_ConversionStop_Disable
                0x0000000008005760       0x82 ./Drivers/STM32F1xx_HAL_Driver/Src/stm32f1xx_hal_adc.o
                0x0000000008005760                ADC_ConversionStop_Disable
 .text.ADC_DMAConvCplt
                0x00000000080057e2       0x7c ./Drivers/STM32F1xx_HAL_Driver/Src/stm32f1xx_hal_adc.o
                0x00000000080057e2                ADC_DMAConvCplt
 .text.ADC_DMAHalfConvCplt
                0x000000000800585e       0x1c ./Drivers/STM32F1xx_HAL_Driver/Src/stm32f1xx_hal_adc.o
                0x000000000800585e                ADC_DMAHalfConvCplt
 .text.ADC_DMAError
                0x000000000800587a       0x34 ./Drivers/STM32F1xx_HAL_Driver/Src/stm32f1xx_hal_adc.o
                0x000000000800587a                ADC_DMAError
 .text.HAL_ADCEx_InjectedConvCpltCallback
                0x00000000080058ae       0x12 ./Drivers/STM32F1xx_HAL_Driver/Src/stm32f1xx_hal_adc_ex.o
                0x00000000080058ae                HAL_ADCEx_InjectedConvCpltCallback
 .text.__NVIC_SetPriorityGrouping
                0x00000000080058c0       0x48 ./Drivers/STM32F1xx_HAL_Driver/Src/stm32f1xx_hal_cortex.o
 .text.__NVIC_GetPriorityGrouping
                0x0000000008005908       0x1c ./Drivers/STM32F1xx_HAL_Driver/Src/stm32f1xx_hal_cortex.o
 .text.__NVIC_EnableIRQ
                0x0000000008005924       0x38 ./Drivers/STM32F1xx_HAL_Driver/Src/stm32f1xx_hal_cortex.o
 .text.__NVIC_SetPriority
                0x000000000800595c       0x54 ./Drivers/STM32F1xx_HAL_Driver/Src/stm32f1xx_hal_cortex.o
 .text.NVIC_EncodePriority
                0x00000000080059b0       0x64 ./Drivers/STM32F1xx_HAL_Driver/Src/stm32f1xx_hal_cortex.o
 .text.SysTick_Config
                0x0000000008005a14       0x44 ./Drivers/STM32F1xx_HAL_Driver/Src/stm32f1xx_hal_cortex.o
 .text.HAL_NVIC_SetPriorityGrouping
                0x0000000008005a58       0x16 ./Drivers/STM32F1xx_HAL_Driver/Src/stm32f1xx_hal_cortex.o
                0x0000000008005a58                HAL_NVIC_SetPriorityGrouping
 .text.HAL_NVIC_SetPriority
                0x0000000008005a6e       0x38 ./Drivers/STM32F1xx_HAL_Driver/Src/stm32f1xx_hal_cortex.o
                0x0000000008005a6e                HAL_NVIC_SetPriority
 .text.HAL_NVIC_EnableIRQ
                0x0000000008005aa6       0x1c ./Drivers/STM32F1xx_HAL_Driver/Src/stm32f1xx_hal_cortex.o
                0x0000000008005aa6                HAL_NVIC_EnableIRQ
 .text.HAL_SYSTICK_Config
                0x0000000008005ac2       0x18 ./Drivers/STM32F1xx_HAL_Driver/Src/stm32f1xx_hal_cortex.o
                0x0000000008005ac2                HAL_SYSTICK_Config
 *fill*         0x0000000008005ada        0x2 
 .text.HAL_DMA_Init
                0x0000000008005adc       0xb4 ./Drivers/STM32F1xx_HAL_Driver/Src/stm32f1xx_hal_dma.o
                0x0000000008005adc                HAL_DMA_Init
 .text.HAL_DMA_Start_IT
                0x0000000008005b90       0xbe ./Drivers/STM32F1xx_HAL_Driver/Src/stm32f1xx_hal_dma.o
                0x0000000008005b90                HAL_DMA_Start_IT
 *fill*         0x0000000008005c4e        0x2 
 .text.HAL_DMA_IRQHandler
                0x0000000008005c50      0x20c ./Drivers/STM32F1xx_HAL_Driver/Src/stm32f1xx_hal_dma.o
                0x0000000008005c50                HAL_DMA_IRQHandler
 .text.DMA_SetConfig
                0x0000000008005e5c       0x5a ./Drivers/STM32F1xx_HAL_Driver/Src/stm32f1xx_hal_dma.o
 *fill*         0x0000000008005eb6        0x2 
 .text.HAL_FLASH_Program
                0x0000000008005eb8       0xe0 ./Drivers/STM32F1xx_HAL_Driver/Src/stm32f1xx_hal_flash.o
                0x0000000008005eb8                HAL_FLASH_Program
 .text.HAL_FLASH_IRQHandler
                0x0000000008005f98      0x1c8 ./Drivers/STM32F1xx_HAL_Driver/Src/stm32f1xx_hal_flash.o
                0x0000000008005f98                HAL_FLASH_IRQHandler
 .text.HAL_FLASH_EndOfOperationCallback
                0x0000000008006160       0x12 ./Drivers/STM32F1xx_HAL_Driver/Src/stm32f1xx_hal_flash.o
                0x0000000008006160                HAL_FLASH_EndOfOperationCallback
 .text.HAL_FLASH_OperationErrorCallback
                0x0000000008006172       0x12 ./Drivers/STM32F1xx_HAL_Driver/Src/stm32f1xx_hal_flash.o
                0x0000000008006172                HAL_FLASH_OperationErrorCallback
 .text.HAL_FLASH_Unlock
                0x0000000008006184       0x4c ./Drivers/STM32F1xx_HAL_Driver/Src/stm32f1xx_hal_flash.o
                0x0000000008006184                HAL_FLASH_Unlock
 .text.HAL_FLASH_Lock
                0x00000000080061d0       0x20 ./Drivers/STM32F1xx_HAL_Driver/Src/stm32f1xx_hal_flash.o
                0x00000000080061d0                HAL_FLASH_Lock
 .text.FLASH_Program_HalfWord
                0x00000000080061f0       0x38 ./Drivers/STM32F1xx_HAL_Driver/Src/stm32f1xx_hal_flash.o
 .text.FLASH_WaitForLastOperation
                0x0000000008006228       0x8c ./Drivers/STM32F1xx_HAL_Driver/Src/stm32f1xx_hal_flash.o
                0x0000000008006228                FLASH_WaitForLastOperation
 .text.FLASH_SetErrorCode
                0x00000000080062b4       0xa0 ./Drivers/STM32F1xx_HAL_Driver/Src/stm32f1xx_hal_flash.o
 .text.HAL_FLASHEx_Erase
                0x0000000008006354       0xd8 ./Drivers/STM32F1xx_HAL_Driver/Src/stm32f1xx_hal_flash_ex.o
                0x0000000008006354                HAL_FLASHEx_Erase
 .text.FLASH_MassErase
                0x000000000800642c       0x38 ./Drivers/STM32F1xx_HAL_Driver/Src/stm32f1xx_hal_flash_ex.o
 .text.FLASH_PageErase
                0x0000000008006464       0x40 ./Drivers/STM32F1xx_HAL_Driver/Src/stm32f1xx_hal_flash_ex.o
                0x0000000008006464                FLASH_PageErase
 .text.HAL_GPIO_Init
                0x00000000080064a4      0x308 ./Drivers/STM32F1xx_HAL_Driver/Src/stm32f1xx_hal_gpio.o
                0x00000000080064a4                HAL_GPIO_Init
 .text.HAL_GPIO_ReadPin
                0x00000000080067ac       0x2e ./Drivers/STM32F1xx_HAL_Driver/Src/stm32f1xx_hal_gpio.o
                0x00000000080067ac                HAL_GPIO_ReadPin
 .text.HAL_GPIO_WritePin
                0x00000000080067da       0x30 ./Drivers/STM32F1xx_HAL_Driver/Src/stm32f1xx_hal_gpio.o
                0x00000000080067da                HAL_GPIO_WritePin
 *fill*         0x000000000800680a        0x2 
 .text.HAL_GPIO_EXTI_IRQHandler
                0x000000000800680c       0x30 ./Drivers/STM32F1xx_HAL_Driver/Src/stm32f1xx_hal_gpio.o
                0x000000000800680c                HAL_GPIO_EXTI_IRQHandler
 .text.HAL_I2C_Init
                0x000000000800683c      0x288 ./Drivers/STM32F1xx_HAL_Driver/Src/stm32f1xx_hal_i2c.o
                0x000000000800683c                HAL_I2C_Init
 .text.HAL_I2C_Master_Transmit
                0x0000000008006ac4      0x1fc ./Drivers/STM32F1xx_HAL_Driver/Src/stm32f1xx_hal_i2c.o
                0x0000000008006ac4                HAL_I2C_Master_Transmit
 .text.HAL_I2C_IsDeviceReady
                0x0000000008006cc0      0x25c ./Drivers/STM32F1xx_HAL_Driver/Src/stm32f1xx_hal_i2c.o
                0x0000000008006cc0                HAL_I2C_IsDeviceReady
 .text.I2C_MasterRequestWrite
                0x0000000008006f1c      0x104 ./Drivers/STM32F1xx_HAL_Driver/Src/stm32f1xx_hal_i2c.o
 .text.I2C_WaitOnFlagUntilTimeout
                0x0000000008007020       0xae ./Drivers/STM32F1xx_HAL_Driver/Src/stm32f1xx_hal_i2c.o
 .text.I2C_WaitOnMasterAddressFlagUntilTimeout
                0x00000000080070ce       0xfe ./Drivers/STM32F1xx_HAL_Driver/Src/stm32f1xx_hal_i2c.o
 .text.I2C_WaitOnTXEFlagUntilTimeout
                0x00000000080071cc       0x82 ./Drivers/STM32F1xx_HAL_Driver/Src/stm32f1xx_hal_i2c.o
 .text.I2C_WaitOnBTFFlagUntilTimeout
                0x000000000800724e       0x82 ./Drivers/STM32F1xx_HAL_Driver/Src/stm32f1xx_hal_i2c.o
 .text.I2C_IsAcknowledgeFailed
                0x00000000080072d0       0x5c ./Drivers/STM32F1xx_HAL_Driver/Src/stm32f1xx_hal_i2c.o
 .text.HAL_RCC_OscConfig
                0x000000000800732c      0x504 ./Drivers/STM32F1xx_HAL_Driver/Src/stm32f1xx_hal_rcc.o
                0x000000000800732c                HAL_RCC_OscConfig
 .text.HAL_RCC_ClockConfig
                0x0000000008007830      0x1d4 ./Drivers/STM32F1xx_HAL_Driver/Src/stm32f1xx_hal_rcc.o
                0x0000000008007830                HAL_RCC_ClockConfig
 .text.HAL_RCC_GetSysClockFreq
                0x0000000008007a04       0xbc ./Drivers/STM32F1xx_HAL_Driver/Src/stm32f1xx_hal_rcc.o
                0x0000000008007a04                HAL_RCC_GetSysClockFreq
 .text.HAL_RCC_GetHCLKFreq
                0x0000000008007ac0       0x14 ./Drivers/STM32F1xx_HAL_Driver/Src/stm32f1xx_hal_rcc.o
                0x0000000008007ac0                HAL_RCC_GetHCLKFreq
 .text.HAL_RCC_GetPCLK1Freq
                0x0000000008007ad4       0x28 ./Drivers/STM32F1xx_HAL_Driver/Src/stm32f1xx_hal_rcc.o
                0x0000000008007ad4                HAL_RCC_GetPCLK1Freq
 .text.RCC_Delay
                0x0000000008007afc       0x3c ./Drivers/STM32F1xx_HAL_Driver/Src/stm32f1xx_hal_rcc.o
 .text.HAL_RCCEx_PeriphCLKConfig
                0x0000000008007b38      0x16c ./Drivers/STM32F1xx_HAL_Driver/Src/stm32f1xx_hal_rcc_ex.o
                0x0000000008007b38                HAL_RCCEx_PeriphCLKConfig
 .text.HAL_TIM_Base_Init
                0x0000000008007ca4       0x9e ./Drivers/STM32F1xx_HAL_Driver/Src/stm32f1xx_hal_tim.o
                0x0000000008007ca4                HAL_TIM_Base_Init
 *fill*         0x0000000008007d42        0x2 
 .text.HAL_TIM_Base_Start_IT
                0x0000000008007d44       0xa4 ./Drivers/STM32F1xx_HAL_Driver/Src/stm32f1xx_hal_tim.o
                0x0000000008007d44                HAL_TIM_Base_Start_IT
 .text.HAL_TIM_PWM_Init
                0x0000000008007de8       0x9e ./Drivers/STM32F1xx_HAL_Driver/Src/stm32f1xx_hal_tim.o
                0x0000000008007de8                HAL_TIM_PWM_Init
 .text.HAL_TIM_PWM_MspInit
                0x0000000008007e86       0x12 ./Drivers/STM32F1xx_HAL_Driver/Src/stm32f1xx_hal_tim.o
                0x0000000008007e86                HAL_TIM_PWM_MspInit
 .text.HAL_TIM_PWM_Start
                0x0000000008007e98      0x144 ./Drivers/STM32F1xx_HAL_Driver/Src/stm32f1xx_hal_tim.o
                0x0000000008007e98                HAL_TIM_PWM_Start
 .text.HAL_TIM_PWM_Stop
                0x0000000008007fdc       0xc8 ./Drivers/STM32F1xx_HAL_Driver/Src/stm32f1xx_hal_tim.o
                0x0000000008007fdc                HAL_TIM_PWM_Stop
 .text.HAL_TIM_IRQHandler
                0x00000000080080a4      0x210 ./Drivers/STM32F1xx_HAL_Driver/Src/stm32f1xx_hal_tim.o
                0x00000000080080a4                HAL_TIM_IRQHandler
 .text.HAL_TIM_PWM_ConfigChannel
                0x00000000080082b4      0x17c ./Drivers/STM32F1xx_HAL_Driver/Src/stm32f1xx_hal_tim.o
                0x00000000080082b4                HAL_TIM_PWM_ConfigChannel
 .text.HAL_TIM_ConfigClockSource
                0x0000000008008430      0x188 ./Drivers/STM32F1xx_HAL_Driver/Src/stm32f1xx_hal_tim.o
                0x0000000008008430                HAL_TIM_ConfigClockSource
 .text.HAL_TIM_OC_DelayElapsedCallback
                0x00000000080085b8       0x12 ./Drivers/STM32F1xx_HAL_Driver/Src/stm32f1xx_hal_tim.o
                0x00000000080085b8                HAL_TIM_OC_DelayElapsedCallback
 .text.HAL_TIM_IC_CaptureCallback
                0x00000000080085ca       0x12 ./Drivers/STM32F1xx_HAL_Driver/Src/stm32f1xx_hal_tim.o
                0x00000000080085ca                HAL_TIM_IC_CaptureCallback
 .text.HAL_TIM_PWM_PulseFinishedCallback
                0x00000000080085dc       0x12 ./Drivers/STM32F1xx_HAL_Driver/Src/stm32f1xx_hal_tim.o
                0x00000000080085dc                HAL_TIM_PWM_PulseFinishedCallback
 .text.HAL_TIM_TriggerCallback
                0x00000000080085ee       0x12 ./Drivers/STM32F1xx_HAL_Driver/Src/stm32f1xx_hal_tim.o
                0x00000000080085ee                HAL_TIM_TriggerCallback
 .text.TIM_Base_SetConfig
                0x0000000008008600       0xc4 ./Drivers/STM32F1xx_HAL_Driver/Src/stm32f1xx_hal_tim.o
                0x0000000008008600                TIM_Base_SetConfig
 .text.TIM_OC1_SetConfig
                0x00000000080086c4       0xcc ./Drivers/STM32F1xx_HAL_Driver/Src/stm32f1xx_hal_tim.o
 .text.TIM_OC2_SetConfig
                0x0000000008008790       0xd4 ./Drivers/STM32F1xx_HAL_Driver/Src/stm32f1xx_hal_tim.o
                0x0000000008008790                TIM_OC2_SetConfig
 .text.TIM_OC3_SetConfig
                0x0000000008008864       0xd4 ./Drivers/STM32F1xx_HAL_Driver/Src/stm32f1xx_hal_tim.o
 .text.TIM_OC4_SetConfig
                0x0000000008008938       0x9c ./Drivers/STM32F1xx_HAL_Driver/Src/stm32f1xx_hal_tim.o
 .text.TIM_TI1_ConfigInputStage
                0x00000000080089d4       0x5c ./Drivers/STM32F1xx_HAL_Driver/Src/stm32f1xx_hal_tim.o
 .text.TIM_TI2_ConfigInputStage
                0x0000000008008a30       0x5e ./Drivers/STM32F1xx_HAL_Driver/Src/stm32f1xx_hal_tim.o
 .text.TIM_ITRx_SetConfig
                0x0000000008008a8e       0x34 ./Drivers/STM32F1xx_HAL_Driver/Src/stm32f1xx_hal_tim.o
 .text.TIM_ETR_SetConfig
                0x0000000008008ac2       0x3e ./Drivers/STM32F1xx_HAL_Driver/Src/stm32f1xx_hal_tim.o
                0x0000000008008ac2                TIM_ETR_SetConfig
 .text.TIM_CCxChannelCmd
                0x0000000008008b00       0x48 ./Drivers/STM32F1xx_HAL_Driver/Src/stm32f1xx_hal_tim.o
                0x0000000008008b00                TIM_CCxChannelCmd
 .text.HAL_TIMEx_MasterConfigSynchronization
                0x0000000008008b48       0xbc ./Drivers/STM32F1xx_HAL_Driver/Src/stm32f1xx_hal_tim_ex.o
                0x0000000008008b48                HAL_TIMEx_MasterConfigSynchronization
 .text.HAL_TIMEx_CommutCallback
                0x0000000008008c04       0x12 ./Drivers/STM32F1xx_HAL_Driver/Src/stm32f1xx_hal_tim_ex.o
                0x0000000008008c04                HAL_TIMEx_CommutCallback
 .text.HAL_TIMEx_BreakCallback
                0x0000000008008c16       0x12 ./Drivers/STM32F1xx_HAL_Driver/Src/stm32f1xx_hal_tim_ex.o
                0x0000000008008c16                HAL_TIMEx_BreakCallback
 .text.malloc   0x0000000008008c28       0x10 F:/Development/Programs/Programing/STM32/STM32IDE/STM32CubeIDE_1.12.1/STM32CubeIDE/plugins/com.st.stm32cube.ide.mcu.externaltools.gnu-tools-for-stm32.11.3.rel1.win32_1.1.100.202309141235/tools/bin/../lib/gcc/arm-none-eabi/11.3.1/../../../../arm-none-eabi/lib/thumb/v7-m/nofp\libc_nano.a(libc_a-malloc.o)
                0x0000000008008c28                malloc
 .text.sbrk_aligned
                0x0000000008008c38       0x40 F:/Development/Programs/Programing/STM32/STM32IDE/STM32CubeIDE_1.12.1/STM32CubeIDE/plugins/com.st.stm32cube.ide.mcu.externaltools.gnu-tools-for-stm32.11.3.rel1.win32_1.1.100.202309141235/tools/bin/../lib/gcc/arm-none-eabi/11.3.1/../../../../arm-none-eabi/lib/thumb/v7-m/nofp\libc_nano.a(libc_a-mallocr.o)
 .text._malloc_r
                0x0000000008008c78      0x100 F:/Development/Programs/Programing/STM32/STM32IDE/STM32CubeIDE_1.12.1/STM32CubeIDE/plugins/com.st.stm32cube.ide.mcu.externaltools.gnu-tools-for-stm32.11.3.rel1.win32_1.1.100.202309141235/tools/bin/../lib/gcc/arm-none-eabi/11.3.1/../../../../arm-none-eabi/lib/thumb/v7-m/nofp\libc_nano.a(libc_a-mallocr.o)
                0x0000000008008c78                _malloc_r
 .text.__malloc_lock
                0x0000000008008d78        0xc F:/Development/Programs/Programing/STM32/STM32IDE/STM32CubeIDE_1.12.1/STM32CubeIDE/plugins/com.st.stm32cube.ide.mcu.externaltools.gnu-tools-for-stm32.11.3.rel1.win32_1.1.100.202309141235/tools/bin/../lib/gcc/arm-none-eabi/11.3.1/../../../../arm-none-eabi/lib/thumb/v7-m/nofp\libc_nano.a(libc_a-mlock.o)
                0x0000000008008d78                __malloc_lock
 .text.__malloc_unlock
                0x0000000008008d84        0xc F:/Development/Programs/Programing/STM32/STM32IDE/STM32CubeIDE_1.12.1/STM32CubeIDE/plugins/com.st.stm32cube.ide.mcu.externaltools.gnu-tools-for-stm32.11.3.rel1.win32_1.1.100.202309141235/tools/bin/../lib/gcc/arm-none-eabi/11.3.1/../../../../arm-none-eabi/lib/thumb/v7-m/nofp\libc_nano.a(libc_a-mlock.o)
                0x0000000008008d84                __malloc_unlock
 .text.memset   0x0000000008008d90       0x10 F:/Development/Programs/Programing/STM32/STM32IDE/STM32CubeIDE_1.12.1/STM32CubeIDE/plugins/com.st.stm32cube.ide.mcu.externaltools.gnu-tools-for-stm32.11.3.rel1.win32_1.1.100.202309141235/tools/bin/../lib/gcc/arm-none-eabi/11.3.1/../../../../arm-none-eabi/lib/thumb/v7-m/nofp\libc_nano.a(libc_a-memset.o)
                0x0000000008008d90                memset
 .text._sbrk_r  0x0000000008008da0       0x20 F:/Development/Programs/Programing/STM32/STM32IDE/STM32CubeIDE_1.12.1/STM32CubeIDE/plugins/com.st.stm32cube.ide.mcu.externaltools.gnu-tools-for-stm32.11.3.rel1.win32_1.1.100.202309141235/tools/bin/../lib/gcc/arm-none-eabi/11.3.1/../../../../arm-none-eabi/lib/thumb/v7-m/nofp\libc_nano.a(libc_a-sbrkr.o)
                0x0000000008008da0                _sbrk_r
 .text.__errno  0x0000000008008dc0        0xc F:/Development/Programs/Programing/STM32/STM32IDE/STM32CubeIDE_1.12.1/STM32CubeIDE/plugins/com.st.stm32cube.ide.mcu.externaltools.gnu-tools-for-stm32.11.3.rel1.win32_1.1.100.202309141235/tools/bin/../lib/gcc/arm-none-eabi/11.3.1/../../../../arm-none-eabi/lib/thumb/v7-m/nofp\libc_nano.a(libc_a-errno.o)
                0x0000000008008dc0                __errno
 .text.__libc_init_array
                0x0000000008008dcc       0x48 F:/Development/Programs/Programing/STM32/STM32IDE/STM32CubeIDE_1.12.1/STM32CubeIDE/plugins/com.st.stm32cube.ide.mcu.externaltools.gnu-tools-for-stm32.11.3.rel1.win32_1.1.100.202309141235/tools/bin/../lib/gcc/arm-none-eabi/11.3.1/../../../../arm-none-eabi/lib/thumb/v7-m/nofp\libc_nano.a(libc_a-init.o)
                0x0000000008008dcc                __libc_init_array
 .text.__retarget_lock_acquire_recursive
                0x0000000008008e14        0x2 F:/Development/Programs/Programing/STM32/STM32IDE/STM32CubeIDE_1.12.1/STM32CubeIDE/plugins/com.st.stm32cube.ide.mcu.externaltools.gnu-tools-for-stm32.11.3.rel1.win32_1.1.100.202309141235/tools/bin/../lib/gcc/arm-none-eabi/11.3.1/../../../../arm-none-eabi/lib/thumb/v7-m/nofp\libc_nano.a(libc_a-lock.o)
                0x0000000008008e14                __retarget_lock_acquire_recursive
 .text.__retarget_lock_release_recursive
                0x0000000008008e16        0x2 F:/Development/Programs/Programing/STM32/STM32IDE/STM32CubeIDE_1.12.1/STM32CubeIDE/plugins/com.st.stm32cube.ide.mcu.externaltools.gnu-tools-for-stm32.11.3.rel1.win32_1.1.100.202309141235/tools/bin/../lib/gcc/arm-none-eabi/11.3.1/../../../../arm-none-eabi/lib/thumb/v7-m/nofp\libc_nano.a(libc_a-lock.o)
                0x0000000008008e16                __retarget_lock_release_recursive
 .text.strcpy   0x0000000008008e18       0x10 F:/Development/Programs/Programing/STM32/STM32IDE/STM32CubeIDE_1.12.1/STM32CubeIDE/plugins/com.st.stm32cube.ide.mcu.externaltools.gnu-tools-for-stm32.11.3.rel1.win32_1.1.100.202309141235/tools/bin/../lib/gcc/arm-none-eabi/11.3.1/../../../../arm-none-eabi/lib/thumb/v7-m/nofp\libc_nano.a(libc_a-strcpy.o)
                0x0000000008008e18                strcpy
 .text.memcpy   0x0000000008008e28       0x1c F:/Development/Programs/Programing/STM32/STM32IDE/STM32CubeIDE_1.12.1/STM32CubeIDE/plugins/com.st.stm32cube.ide.mcu.externaltools.gnu-tools-for-stm32.11.3.rel1.win32_1.1.100.202309141235/tools/bin/../lib/gcc/arm-none-eabi/11.3.1/../../../../arm-none-eabi/lib/thumb/v7-m/nofp\libc_nano.a(libc_a-memcpy-stub.o)
                0x0000000008008e28                memcpy
 *(.glue_7)
 .glue_7        0x0000000008008e44        0x0 linker stubs
 *(.glue_7t)
 .glue_7t       0x0000000008008e44        0x0 linker stubs
 *(.eh_frame)
 .eh_frame      0x0000000008008e44        0x0 F:/Development/Programs/Programing/STM32/STM32IDE/STM32CubeIDE_1.12.1/STM32CubeIDE/plugins/com.st.stm32cube.ide.mcu.externaltools.gnu-tools-for-stm32.11.3.rel1.win32_1.1.100.202309141235/tools/bin/../lib/gcc/arm-none-eabi/11.3.1/thumb/v7-m/nofp/crtbegin.o
 *(.init)
 .init          0x0000000008008e44        0x4 F:/Development/Programs/Programing/STM32/STM32IDE/STM32CubeIDE_1.12.1/STM32CubeIDE/plugins/com.st.stm32cube.ide.mcu.externaltools.gnu-tools-for-stm32.11.3.rel1.win32_1.1.100.202309141235/tools/bin/../lib/gcc/arm-none-eabi/11.3.1/thumb/v7-m/nofp/crti.o
                0x0000000008008e44                _init
 .init          0x0000000008008e48        0x8 F:/Development/Programs/Programing/STM32/STM32IDE/STM32CubeIDE_1.12.1/STM32CubeIDE/plugins/com.st.stm32cube.ide.mcu.externaltools.gnu-tools-for-stm32.11.3.rel1.win32_1.1.100.202309141235/tools/bin/../lib/gcc/arm-none-eabi/11.3.1/thumb/v7-m/nofp/crtn.o
 *(.fini)
 .fini          0x0000000008008e50        0x4 F:/Development/Programs/Programing/STM32/STM32IDE/STM32CubeIDE_1.12.1/STM32CubeIDE/plugins/com.st.stm32cube.ide.mcu.externaltools.gnu-tools-for-stm32.11.3.rel1.win32_1.1.100.202309141235/tools/bin/../lib/gcc/arm-none-eabi/11.3.1/thumb/v7-m/nofp/crti.o
                0x0000000008008e50                _fini
 .fini          0x0000000008008e54        0x8 F:/Development/Programs/Programing/STM32/STM32IDE/STM32CubeIDE_1.12.1/STM32CubeIDE/plugins/com.st.stm32cube.ide.mcu.externaltools.gnu-tools-for-stm32.11.3.rel1.win32_1.1.100.202309141235/tools/bin/../lib/gcc/arm-none-eabi/11.3.1/thumb/v7-m/nofp/crtn.o
                0x0000000008008e5c                . = ALIGN (0x4)
                0x0000000008008e5c                _etext = .

.vfp11_veneer   0x0000000008008e5c        0x0
 .vfp11_veneer  0x0000000008008e5c        0x0 linker stubs

.v4_bx          0x0000000008008e5c        0x0
 .v4_bx         0x0000000008008e5c        0x0 linker stubs

.iplt           0x0000000008008e5c        0x0
 .iplt          0x0000000008008e5c        0x0 F:/Development/Programs/Programing/STM32/STM32IDE/STM32CubeIDE_1.12.1/STM32CubeIDE/plugins/com.st.stm32cube.ide.mcu.externaltools.gnu-tools-for-stm32.11.3.rel1.win32_1.1.100.202309141235/tools/bin/../lib/gcc/arm-none-eabi/11.3.1/thumb/v7-m/nofp/crtbegin.o

.rodata         0x0000000008008e5c      0x134
                0x0000000008008e5c                . = ALIGN (0x4)
 *(.rodata)
 .rodata        0x0000000008008e5c       0x5e ./Core/Src/Menu.o
 *fill*         0x0000000008008eba        0x2 
 .rodata        0x0000000008008ebc       0xaa ./Core/Src/main.o
 *fill*         0x0000000008008f66        0x2 
 .rodata        0x0000000008008f68       0x10 ./Drivers/STM32F1xx_HAL_Driver/Src/stm32f1xx_hal_rcc.o
 *(.rodata*)
 .rodata.AHBPrescTable
                0x0000000008008f78       0x10 ./Core/Src/system_stm32f1xx.o
                0x0000000008008f78                AHBPrescTable
 .rodata.APBPrescTable
                0x0000000008008f88        0x8 ./Core/Src/system_stm32f1xx.o
                0x0000000008008f88                APBPrescTable
                0x0000000008008f90                . = ALIGN (0x4)

.rel.dyn        0x0000000008008f90        0x0
 .rel.iplt      0x0000000008008f90        0x0 F:/Development/Programs/Programing/STM32/STM32IDE/STM32CubeIDE_1.12.1/STM32CubeIDE/plugins/com.st.stm32cube.ide.mcu.externaltools.gnu-tools-for-stm32.11.3.rel1.win32_1.1.100.202309141235/tools/bin/../lib/gcc/arm-none-eabi/11.3.1/thumb/v7-m/nofp/crtbegin.o

.ARM.extab      0x0000000008008f90        0x0
                0x0000000008008f90                . = ALIGN (0x4)
 *(.ARM.extab* .gnu.linkonce.armextab.*)
                0x0000000008008f90                . = ALIGN (0x4)

.ARM            0x0000000008008f90        0x0
                0x0000000008008f90                . = ALIGN (0x4)
                0x0000000008008f90                __exidx_start = .
 *(.ARM.exidx*)
                0x0000000008008f90                __exidx_end = .
                0x0000000008008f90                . = ALIGN (0x4)

.preinit_array  0x0000000008008f90        0x0
                0x0000000008008f90                . = ALIGN (0x4)
                0x0000000008008f90                PROVIDE (__preinit_array_start = .)
 *(.preinit_array*)
                0x0000000008008f90                PROVIDE (__preinit_array_end = .)
                0x0000000008008f90                . = ALIGN (0x4)

.init_array     0x0000000008008f90        0x4
                0x0000000008008f90                . = ALIGN (0x4)
                0x0000000008008f90                PROVIDE (__init_array_start = .)
 *(SORT_BY_NAME(.init_array.*))
 *(.init_array*)
 .init_array    0x0000000008008f90        0x4 F:/Development/Programs/Programing/STM32/STM32IDE/STM32CubeIDE_1.12.1/STM32CubeIDE/plugins/com.st.stm32cube.ide.mcu.externaltools.gnu-tools-for-stm32.11.3.rel1.win32_1.1.100.202309141235/tools/bin/../lib/gcc/arm-none-eabi/11.3.1/thumb/v7-m/nofp/crtbegin.o
                0x0000000008008f94                PROVIDE (__init_array_end = .)
                0x0000000008008f94                . = ALIGN (0x4)

.fini_array     0x0000000008008f94        0x4
                0x0000000008008f94                . = ALIGN (0x4)
                [!provide]                        PROVIDE (__fini_array_start = .)
 *(SORT_BY_NAME(.fini_array.*))
 *(.fini_array*)
 .fini_array    0x0000000008008f94        0x4 F:/Development/Programs/Programing/STM32/STM32IDE/STM32CubeIDE_1.12.1/STM32CubeIDE/plugins/com.st.stm32cube.ide.mcu.externaltools.gnu-tools-for-stm32.11.3.rel1.win32_1.1.100.202309141235/tools/bin/../lib/gcc/arm-none-eabi/11.3.1/thumb/v7-m/nofp/crtbegin.o
                [!provide]                        PROVIDE (__fini_array_end = .)
                0x0000000008008f98                . = ALIGN (0x4)
                0x0000000008008f98                _sidata = LOADADDR (.data)

.data           0x0000000020000000      0x4d8 load address 0x0000000008008f98
                0x0000000020000000                . = ALIGN (0x4)
                0x0000000020000000                _sdata = .
 *(.data)
 *(.data*)
 .data.PRW_Start_Point.6
                0x0000000020000000        0x1 ./Core/Src/Menu.o
 .data.Prew_Pos_y.5
                0x0000000020000001        0x1 ./Core/Src/Menu.o
 .data.PRW_Start_Point.3
                0x0000000020000002        0x1 ./Core/Src/Menu.o
 .data.Prew_Pos_y.2
                0x0000000020000003        0x1 ./Core/Src/Menu.o
 .data.CharMass
                0x0000000020000004      0x474 ./Core/Src/OLED.o
                0x0000000020000004                CharMass
 .data.prescaler.0
                0x0000000020000478        0x1 ./Core/Src/main.o
 *fill*         0x0000000020000479        0x3 
 .data.SystemCoreClock
                0x000000002000047c        0x4 ./Core/Src/system_stm32f1xx.o
                0x000000002000047c                SystemCoreClock
 .data.uwTickPrio
                0x0000000020000480        0x4 ./Drivers/STM32F1xx_HAL_Driver/Src/stm32f1xx_hal.o
                0x0000000020000480                uwTickPrio
 .data.uwTickFreq
                0x0000000020000484        0x1 ./Drivers/STM32F1xx_HAL_Driver/Src/stm32f1xx_hal.o
                0x0000000020000484                uwTickFreq
 *fill*         0x0000000020000485        0x3 
 .data._impure_data
                0x0000000020000488       0x4c F:/Development/Programs/Programing/STM32/STM32IDE/STM32CubeIDE_1.12.1/STM32CubeIDE/plugins/com.st.stm32cube.ide.mcu.externaltools.gnu-tools-for-stm32.11.3.rel1.win32_1.1.100.202309141235/tools/bin/../lib/gcc/arm-none-eabi/11.3.1/../../../../arm-none-eabi/lib/thumb/v7-m/nofp\libc_nano.a(libc_a-impure.o)
                0x0000000020000488                _impure_data
 .data._impure_ptr
                0x00000000200004d4        0x4 F:/Development/Programs/Programing/STM32/STM32IDE/STM32CubeIDE_1.12.1/STM32CubeIDE/plugins/com.st.stm32cube.ide.mcu.externaltools.gnu-tools-for-stm32.11.3.rel1.win32_1.1.100.202309141235/tools/bin/../lib/gcc/arm-none-eabi/11.3.1/../../../../arm-none-eabi/lib/thumb/v7-m/nofp\libc_nano.a(libc_a-impure.o)
                0x00000000200004d4                _impure_ptr
 *(.RamFunc)
 *(.RamFunc*)
                0x00000000200004d8                . = ALIGN (0x4)
                0x00000000200004d8                _edata = .

.igot.plt       0x00000000200004d8        0x0 load address 0x0000000008009470
 .igot.plt      0x00000000200004d8        0x0 F:/Development/Programs/Programing/STM32/STM32IDE/STM32CubeIDE_1.12.1/STM32CubeIDE/plugins/com.st.stm32cube.ide.mcu.externaltools.gnu-tools-for-stm32.11.3.rel1.win32_1.1.100.202309141235/tools/bin/../lib/gcc/arm-none-eabi/11.3.1/thumb/v7-m/nofp/crtbegin.o
                0x00000000200004d8                . = ALIGN (0x4)

.bss            0x00000000200004d8      0x6a8 load address 0x0000000008009470
                0x00000000200004d8                _sbss = .
                0x00000000200004d8                __bss_start__ = _sbss
 *(.bss)
 .bss           0x00000000200004d8       0x1c F:/Development/Programs/Programing/STM32/STM32IDE/STM32CubeIDE_1.12.1/STM32CubeIDE/plugins/com.st.stm32cube.ide.mcu.externaltools.gnu-tools-for-stm32.11.3.rel1.win32_1.1.100.202309141235/tools/bin/../lib/gcc/arm-none-eabi/11.3.1/thumb/v7-m/nofp/crtbegin.o
 *(.bss*)
 .bss.Incoder_P2_Count
                0x00000000200004f4        0x4 ./Core/Src/Menu.o
                0x00000000200004f4                Incoder_P2_Count
 .bss.Incoder_P1_Count
                0x00000000200004f8        0x4 ./Core/Src/Menu.o
                0x00000000200004f8                Incoder_P1_Count
 .bss.Incoder_Button_State_P2
                0x00000000200004fc        0x1 ./Core/Src/Menu.o
                0x00000000200004fc                Incoder_Button_State_P2
 .bss.Incoder_Button_State_P1
                0x00000000200004fd        0x1 ./Core/Src/Menu.o
                0x00000000200004fd                Incoder_Button_State_P1
 .bss.Interface_Contoll
                0x00000000200004fe        0x1 ./Core/Src/Menu.o
                0x00000000200004fe                Interface_Contoll
 .bss.Prew_Pos_x.4
                0x00000000200004ff        0x1 ./Core/Src/Menu.o
 .bss.Prew_Pos_x.1
                0x0000000020000500        0x1 ./Core/Src/Menu.o
 .bss.Prew_Lens.0
                0x0000000020000501        0x1 ./Core/Src/Menu.o
 *fill*         0x0000000020000502        0x2 
 .bss.Bufer     0x0000000020000504       0x81 ./Core/Src/OLED.o
                0x0000000020000504                Bufer
 *fill*         0x0000000020000585        0x1 
 .bss.count.0   0x0000000020000586        0x2 ./Core/Src/PAC.o
 .bss.Button_prescaler.1
                0x0000000020000588        0x1 ./Core/Src/Soldering_Station.o
 .bss.TIM_prescaler.0
                0x0000000020000589        0x1 ./Core/Src/Soldering_Station.o
 *fill*         0x000000002000058a        0x2 
 .bss.hadc1     0x000000002000058c       0x30 ./Core/Src/main.o
                0x000000002000058c                hadc1
 .bss.hdma_adc1
                0x00000000200005bc       0x44 ./Core/Src/main.o
                0x00000000200005bc                hdma_adc1
 .bss.hi2c1     0x0000000020000600       0x54 ./Core/Src/main.o
                0x0000000020000600                hi2c1
 .bss.htim1     0x0000000020000654       0x48 ./Core/Src/main.o
                0x0000000020000654                htim1
 .bss.htim2     0x000000002000069c       0x48 ./Core/Src/main.o
                0x000000002000069c                htim2
 .bss.htim3     0x00000000200006e4       0x48 ./Core/Src/main.o
                0x00000000200006e4                htim3
 .bss.htim4     0x000000002000072c       0x48 ./Core/Src/main.o
                0x000000002000072c                htim4
 .bss.OLED1     0x0000000020000774        0x8 ./Core/Src/main.o
                0x0000000020000774                OLED1
 .bss.Incoder_P2
                0x000000002000077c       0x2c ./Core/Src/main.o
                0x000000002000077c                Incoder_P2
 .bss.Incoder_P1
                0x00000000200007a8       0x2c ./Core/Src/main.o
                0x00000000200007a8                Incoder_P1
 .bss.Button_Vector
                0x00000000200007d4        0x8 ./Core/Src/main.o
                0x00000000200007d4                Button_Vector
 .bss.Full_Power_Button
                0x00000000200007dc       0x18 ./Core/Src/main.o
                0x00000000200007dc                Full_Power_Button
 .bss.VS        0x00000000200007f4        0x8 ./Core/Src/main.o
                0x00000000200007f4                VS
 .bss.Soldering_Iron_Menu_Vector
                0x00000000200007fc       0x14 ./Core/Src/main.o
                0x00000000200007fc                Soldering_Iron_Menu_Vector
 .bss.Soldering_Heat_Gun_Menu_Vector
                0x0000000020000810       0x14 ./Core/Src/main.o
                0x0000000020000810                Soldering_Heat_Gun_Menu_Vector
 .bss.Soldering_Separator_Menu_Vector
                0x0000000020000824       0x14 ./Core/Src/main.o
                0x0000000020000824                Soldering_Separator_Menu_Vector
 .bss.Menu_List_Vector
                0x0000000020000838       0x10 ./Core/Src/main.o
                0x0000000020000838                Menu_List_Vector
 .bss.Soldering_Iron
                0x0000000020000848       0x84 ./Core/Src/main.o
                0x0000000020000848                Soldering_Iron
 .bss.Soldering_Heat_Gun
                0x00000000200008cc       0x8c ./Core/Src/main.o
                0x00000000200008cc                Soldering_Heat_Gun
 .bss.Soldering_Separator
                0x0000000020000958       0x7c ./Core/Src/main.o
                0x0000000020000958                Soldering_Separator
 .bss.ZCD       0x00000000200009d4       0x10 ./Core/Src/main.o
                0x00000000200009d4                ZCD
 .bss.PAC       0x00000000200009e4        0x8 ./Core/Src/main.o
                0x00000000200009e4                PAC
 .bss.ADC_Data  0x00000000200009ec       0x22 ./Core/Src/main.o
                0x00000000200009ec                ADC_Data
 *fill*         0x0000000020000a0e        0x2 
 .bss.__sbrk_heap_end
                0x0000000020000a10        0x4 ./Core/Src/sysmem.o
 .bss.uwTick    0x0000000020000a14        0x4 ./Drivers/STM32F1xx_HAL_Driver/Src/stm32f1xx_hal.o
                0x0000000020000a14                uwTick
 .bss.pFlash    0x0000000020000a18       0x20 ./Drivers/STM32F1xx_HAL_Driver/Src/stm32f1xx_hal_flash.o
                0x0000000020000a18                pFlash
 .bss.__malloc_free_list
                0x0000000020000a38        0x4 F:/Development/Programs/Programing/STM32/STM32IDE/STM32CubeIDE_1.12.1/STM32CubeIDE/plugins/com.st.stm32cube.ide.mcu.externaltools.gnu-tools-for-stm32.11.3.rel1.win32_1.1.100.202309141235/tools/bin/../lib/gcc/arm-none-eabi/11.3.1/../../../../arm-none-eabi/lib/thumb/v7-m/nofp\libc_nano.a(libc_a-mallocr.o)
                0x0000000020000a38                __malloc_free_list
 .bss.__malloc_sbrk_start
                0x0000000020000a3c        0x4 F:/Development/Programs/Programing/STM32/STM32IDE/STM32CubeIDE_1.12.1/STM32CubeIDE/plugins/com.st.stm32cube.ide.mcu.externaltools.gnu-tools-for-stm32.11.3.rel1.win32_1.1.100.202309141235/tools/bin/../lib/gcc/arm-none-eabi/11.3.1/../../../../arm-none-eabi/lib/thumb/v7-m/nofp\libc_nano.a(libc_a-mallocr.o)
                0x0000000020000a3c                __malloc_sbrk_start
 .bss.__sf      0x0000000020000a40      0x138 F:/Development/Programs/Programing/STM32/STM32IDE/STM32CubeIDE_1.12.1/STM32CubeIDE/plugins/com.st.stm32cube.ide.mcu.externaltools.gnu-tools-for-stm32.11.3.rel1.win32_1.1.100.202309141235/tools/bin/../lib/gcc/arm-none-eabi/11.3.1/../../../../arm-none-eabi/lib/thumb/v7-m/nofp\libc_nano.a(libc_a-findfp.o)
                0x0000000020000a40                __sf
 .bss.errno     0x0000000020000b78        0x4 F:/Development/Programs/Programing/STM32/STM32IDE/STM32CubeIDE_1.12.1/STM32CubeIDE/plugins/com.st.stm32cube.ide.mcu.externaltools.gnu-tools-for-stm32.11.3.rel1.win32_1.1.100.202309141235/tools/bin/../lib/gcc/arm-none-eabi/11.3.1/../../../../arm-none-eabi/lib/thumb/v7-m/nofp\libc_nano.a(libc_a-reent.o)
                0x0000000020000b78                errno
 .bss.__lock___malloc_recursive_mutex
                0x0000000020000b7c        0x1 F:/Development/Programs/Programing/STM32/STM32IDE/STM32CubeIDE_1.12.1/STM32CubeIDE/plugins/com.st.stm32cube.ide.mcu.externaltools.gnu-tools-for-stm32.11.3.rel1.win32_1.1.100.202309141235/tools/bin/../lib/gcc/arm-none-eabi/11.3.1/../../../../arm-none-eabi/lib/thumb/v7-m/nofp\libc_nano.a(libc_a-lock.o)
                0x0000000020000b7c                __lock___malloc_recursive_mutex
 *(COMMON)
                0x0000000020000b80                . = ALIGN (0x4)
 *fill*         0x0000000020000b7d        0x3 
                0x0000000020000b80                _ebss = .
                0x0000000020000b80                __bss_end__ = _ebss

._user_heap_stack
                0x0000000020000b80      0x600 load address 0x0000000008009470
                0x0000000020000b80                . = ALIGN (0x8)
                [!provide]                        PROVIDE (end = .)
                0x0000000020000b80                PROVIDE (_end = .)
                0x0000000020000d80                . = (. + _Min_Heap_Size)
 *fill*         0x0000000020000b80      0x200 
                0x0000000020001180                . = (. + _Min_Stack_Size)
 *fill*         0x0000000020000d80      0x400 
                0x0000000020001180                . = ALIGN (0x8)

/DISCARD/
 libc.a(*)
 libm.a(*)
 libgcc.a(*)

.ARM.attributes
                0x0000000000000000       0x29
 *(.ARM.attributes)
 .ARM.attributes
                0x0000000000000000       0x1d F:/Development/Programs/Programing/STM32/STM32IDE/STM32CubeIDE_1.12.1/STM32CubeIDE/plugins/com.st.stm32cube.ide.mcu.externaltools.gnu-tools-for-stm32.11.3.rel1.win32_1.1.100.202309141235/tools/bin/../lib/gcc/arm-none-eabi/11.3.1/thumb/v7-m/nofp/crti.o
 .ARM.attributes
                0x000000000000001d       0x2d F:/Development/Programs/Programing/STM32/STM32IDE/STM32CubeIDE_1.12.1/STM32CubeIDE/plugins/com.st.stm32cube.ide.mcu.externaltools.gnu-tools-for-stm32.11.3.rel1.win32_1.1.100.202309141235/tools/bin/../lib/gcc/arm-none-eabi/11.3.1/thumb/v7-m/nofp/crtbegin.o
 .ARM.attributes
                0x000000000000004a       0x2d ./Core/Src/Button.o
 .ARM.attributes
                0x0000000000000077       0x2d ./Core/Src/Filter.o
 .ARM.attributes
                0x00000000000000a4       0x2d ./Core/Src/Flash_Custom.o
 .ARM.attributes
                0x00000000000000d1       0x2d ./Core/Src/Menu.o
 .ARM.attributes
                0x00000000000000fe       0x2d ./Core/Src/OLED.o
 .ARM.attributes
                0x000000000000012b       0x2d ./Core/Src/PAC.o
 .ARM.attributes
                0x0000000000000158       0x2d ./Core/Src/PID.o
 .ARM.attributes
                0x0000000000000185       0x2d ./Core/Src/Soldering_Station.o
 .ARM.attributes
                0x00000000000001b2       0x2d ./Core/Src/main.o
 .ARM.attributes
                0x00000000000001df       0x2d ./Core/Src/stm32f1xx_hal_msp.o
 .ARM.attributes
                0x000000000000020c       0x2d ./Core/Src/stm32f1xx_it.o
 .ARM.attributes
                0x0000000000000239       0x2d ./Core/Src/sysmem.o
 .ARM.attributes
                0x0000000000000266       0x2d ./Core/Src/system_stm32f1xx.o
 .ARM.attributes
                0x0000000000000293       0x21 ./Core/Startup/startup_stm32f103c8tx.o
 .ARM.attributes
                0x00000000000002b4       0x2d ./Drivers/STM32F1xx_HAL_Driver/Src/stm32f1xx_hal.o
 .ARM.attributes
                0x00000000000002e1       0x2d ./Drivers/STM32F1xx_HAL_Driver/Src/stm32f1xx_hal_adc.o
 .ARM.attributes
                0x000000000000030e       0x2d ./Drivers/STM32F1xx_HAL_Driver/Src/stm32f1xx_hal_adc_ex.o
 .ARM.attributes
                0x000000000000033b       0x2d ./Drivers/STM32F1xx_HAL_Driver/Src/stm32f1xx_hal_cortex.o
 .ARM.attributes
                0x0000000000000368       0x2d ./Drivers/STM32F1xx_HAL_Driver/Src/stm32f1xx_hal_dma.o
 .ARM.attributes
                0x0000000000000395       0x2d ./Drivers/STM32F1xx_HAL_Driver/Src/stm32f1xx_hal_flash.o
 .ARM.attributes
                0x00000000000003c2       0x2d ./Drivers/STM32F1xx_HAL_Driver/Src/stm32f1xx_hal_flash_ex.o
 .ARM.attributes
                0x00000000000003ef       0x2d ./Drivers/STM32F1xx_HAL_Driver/Src/stm32f1xx_hal_gpio.o
 .ARM.attributes
                0x000000000000041c       0x2d ./Drivers/STM32F1xx_HAL_Driver/Src/stm32f1xx_hal_i2c.o
 .ARM.attributes
                0x0000000000000449       0x2d ./Drivers/STM32F1xx_HAL_Driver/Src/stm32f1xx_hal_rcc.o
 .ARM.attributes
                0x0000000000000476       0x2d ./Drivers/STM32F1xx_HAL_Driver/Src/stm32f1xx_hal_rcc_ex.o
 .ARM.attributes
                0x00000000000004a3       0x2d ./Drivers/STM32F1xx_HAL_Driver/Src/stm32f1xx_hal_tim.o
 .ARM.attributes
                0x00000000000004d0       0x2d ./Drivers/STM32F1xx_HAL_Driver/Src/stm32f1xx_hal_tim_ex.o
 .ARM.attributes
                0x00000000000004fd       0x2d F:/Development/Programs/Programing/STM32/STM32IDE/STM32CubeIDE_1.12.1/STM32CubeIDE/plugins/com.st.stm32cube.ide.mcu.externaltools.gnu-tools-for-stm32.11.3.rel1.win32_1.1.100.202309141235/tools/bin/../lib/gcc/arm-none-eabi/11.3.1/../../../../arm-none-eabi/lib/thumb/v7-m/nofp\libc_nano.a(libc_a-malloc.o)
 .ARM.attributes
                0x000000000000052a       0x2d F:/Development/Programs/Programing/STM32/STM32IDE/STM32CubeIDE_1.12.1/STM32CubeIDE/plugins/com.st.stm32cube.ide.mcu.externaltools.gnu-tools-for-stm32.11.3.rel1.win32_1.1.100.202309141235/tools/bin/../lib/gcc/arm-none-eabi/11.3.1/../../../../arm-none-eabi/lib/thumb/v7-m/nofp\libc_nano.a(libc_a-mallocr.o)
 .ARM.attributes
                0x0000000000000557       0x2d F:/Development/Programs/Programing/STM32/STM32IDE/STM32CubeIDE_1.12.1/STM32CubeIDE/plugins/com.st.stm32cube.ide.mcu.externaltools.gnu-tools-for-stm32.11.3.rel1.win32_1.1.100.202309141235/tools/bin/../lib/gcc/arm-none-eabi/11.3.1/../../../../arm-none-eabi/lib/thumb/v7-m/nofp\libc_nano.a(libc_a-mlock.o)
 .ARM.attributes
                0x0000000000000584       0x2d F:/Development/Programs/Programing/STM32/STM32IDE/STM32CubeIDE_1.12.1/STM32CubeIDE/plugins/com.st.stm32cube.ide.mcu.externaltools.gnu-tools-for-stm32.11.3.rel1.win32_1.1.100.202309141235/tools/bin/../lib/gcc/arm-none-eabi/11.3.1/../../../../arm-none-eabi/lib/thumb/v7-m/nofp\libc_nano.a(libc_a-findfp.o)
 .ARM.attributes
                0x00000000000005b1       0x2d F:/Development/Programs/Programing/STM32/STM32IDE/STM32CubeIDE_1.12.1/STM32CubeIDE/plugins/com.st.stm32cube.ide.mcu.externaltools.gnu-tools-for-stm32.11.3.rel1.win32_1.1.100.202309141235/tools/bin/../lib/gcc/arm-none-eabi/11.3.1/../../../../arm-none-eabi/lib/thumb/v7-m/nofp\libc_nano.a(libc_a-memset.o)
 .ARM.attributes
                0x00000000000005de       0x2d F:/Development/Programs/Programing/STM32/STM32IDE/STM32CubeIDE_1.12.1/STM32CubeIDE/plugins/com.st.stm32cube.ide.mcu.externaltools.gnu-tools-for-stm32.11.3.rel1.win32_1.1.100.202309141235/tools/bin/../lib/gcc/arm-none-eabi/11.3.1/../../../../arm-none-eabi/lib/thumb/v7-m/nofp\libc_nano.a(libc_a-reent.o)
 .ARM.attributes
                0x000000000000060b       0x2d F:/Development/Programs/Programing/STM32/STM32IDE/STM32CubeIDE_1.12.1/STM32CubeIDE/plugins/com.st.stm32cube.ide.mcu.externaltools.gnu-tools-for-stm32.11.3.rel1.win32_1.1.100.202309141235/tools/bin/../lib/gcc/arm-none-eabi/11.3.1/../../../../arm-none-eabi/lib/thumb/v7-m/nofp\libc_nano.a(libc_a-impure.o)
 .ARM.attributes
                0x0000000000000638       0x2d F:/Development/Programs/Programing/STM32/STM32IDE/STM32CubeIDE_1.12.1/STM32CubeIDE/plugins/com.st.stm32cube.ide.mcu.externaltools.gnu-tools-for-stm32.11.3.rel1.win32_1.1.100.202309141235/tools/bin/../lib/gcc/arm-none-eabi/11.3.1/../../../../arm-none-eabi/lib/thumb/v7-m/nofp\libc_nano.a(libc_a-sbrkr.o)
 .ARM.attributes
                0x0000000000000665       0x2d F:/Development/Programs/Programing/STM32/STM32IDE/STM32CubeIDE_1.12.1/STM32CubeIDE/plugins/com.st.stm32cube.ide.mcu.externaltools.gnu-tools-for-stm32.11.3.rel1.win32_1.1.100.202309141235/tools/bin/../lib/gcc/arm-none-eabi/11.3.1/../../../../arm-none-eabi/lib/thumb/v7-m/nofp\libc_nano.a(libc_a-errno.o)
 .ARM.attributes
                0x0000000000000692       0x2d F:/Development/Programs/Programing/STM32/STM32IDE/STM32CubeIDE_1.12.1/STM32CubeIDE/plugins/com.st.stm32cube.ide.mcu.externaltools.gnu-tools-for-stm32.11.3.rel1.win32_1.1.100.202309141235/tools/bin/../lib/gcc/arm-none-eabi/11.3.1/../../../../arm-none-eabi/lib/thumb/v7-m/nofp\libc_nano.a(libc_a-init.o)
 .ARM.attributes
                0x00000000000006bf       0x2d F:/Development/Programs/Programing/STM32/STM32IDE/STM32CubeIDE_1.12.1/STM32CubeIDE/plugins/com.st.stm32cube.ide.mcu.externaltools.gnu-tools-for-stm32.11.3.rel1.win32_1.1.100.202309141235/tools/bin/../lib/gcc/arm-none-eabi/11.3.1/../../../../arm-none-eabi/lib/thumb/v7-m/nofp\libc_nano.a(libc_a-lock.o)
 .ARM.attributes
                0x00000000000006ec       0x2d F:/Development/Programs/Programing/STM32/STM32IDE/STM32CubeIDE_1.12.1/STM32CubeIDE/plugins/com.st.stm32cube.ide.mcu.externaltools.gnu-tools-for-stm32.11.3.rel1.win32_1.1.100.202309141235/tools/bin/../lib/gcc/arm-none-eabi/11.3.1/../../../../arm-none-eabi/lib/thumb/v7-m/nofp\libc_nano.a(libc_a-strcpy.o)
 .ARM.attributes
                0x0000000000000719       0x2d F:/Development/Programs/Programing/STM32/STM32IDE/STM32CubeIDE_1.12.1/STM32CubeIDE/plugins/com.st.stm32cube.ide.mcu.externaltools.gnu-tools-for-stm32.11.3.rel1.win32_1.1.100.202309141235/tools/bin/../lib/gcc/arm-none-eabi/11.3.1/../../../../arm-none-eabi/lib/thumb/v7-m/nofp\libc_nano.a(libc_a-memcpy-stub.o)
 .ARM.attributes
                0x0000000000000746       0x17 F:/Development/Programs/Programing/STM32/STM32IDE/STM32CubeIDE_1.12.1/STM32CubeIDE/plugins/com.st.stm32cube.ide.mcu.externaltools.gnu-tools-for-stm32.11.3.rel1.win32_1.1.100.202309141235/tools/bin/../lib/gcc/arm-none-eabi/11.3.1/../../../../arm-none-eabi/lib/thumb/v7-m/nofp\libc_nano.a(libc_a-strlen.o)
 .ARM.attributes
                0x000000000000075d       0x1d F:/Development/Programs/Programing/STM32/STM32IDE/STM32CubeIDE_1.12.1/STM32CubeIDE/plugins/com.st.stm32cube.ide.mcu.externaltools.gnu-tools-for-stm32.11.3.rel1.win32_1.1.100.202309141235/tools/bin/../lib/gcc/arm-none-eabi/11.3.1/thumb/v7-m/nofp\libgcc.a(_arm_addsubsf3.o)
 .ARM.attributes
                0x000000000000077a       0x1d F:/Development/Programs/Programing/STM32/STM32IDE/STM32CubeIDE_1.12.1/STM32CubeIDE/plugins/com.st.stm32cube.ide.mcu.externaltools.gnu-tools-for-stm32.11.3.rel1.win32_1.1.100.202309141235/tools/bin/../lib/gcc/arm-none-eabi/11.3.1/thumb/v7-m/nofp\libgcc.a(_arm_muldivsf3.o)
 .ARM.attributes
                0x0000000000000797       0x1d F:/Development/Programs/Programing/STM32/STM32IDE/STM32CubeIDE_1.12.1/STM32CubeIDE/plugins/com.st.stm32cube.ide.mcu.externaltools.gnu-tools-for-stm32.11.3.rel1.win32_1.1.100.202309141235/tools/bin/../lib/gcc/arm-none-eabi/11.3.1/thumb/v7-m/nofp\libgcc.a(_arm_cmpsf2.o)
 .ARM.attributes
                0x00000000000007b4       0x1d F:/Development/Programs/Programing/STM32/STM32IDE/STM32CubeIDE_1.12.1/STM32CubeIDE/plugins/com.st.stm32cube.ide.mcu.externaltools.gnu-tools-for-stm32.11.3.rel1.win32_1.1.100.202309141235/tools/bin/../lib/gcc/arm-none-eabi/11.3.1/thumb/v7-m/nofp\libgcc.a(_arm_fixsfsi.o)
 .ARM.attributes
                0x00000000000007d1       0x1d F:/Development/Programs/Programing/STM32/STM32IDE/STM32CubeIDE_1.12.1/STM32CubeIDE/plugins/com.st.stm32cube.ide.mcu.externaltools.gnu-tools-for-stm32.11.3.rel1.win32_1.1.100.202309141235/tools/bin/../lib/gcc/arm-none-eabi/11.3.1/thumb/v7-m/nofp\libgcc.a(_arm_fixunssfsi.o)
 .ARM.attributes
                0x00000000000007ee       0x1d F:/Development/Programs/Programing/STM32/STM32IDE/STM32CubeIDE_1.12.1/STM32CubeIDE/plugins/com.st.stm32cube.ide.mcu.externaltools.gnu-tools-for-stm32.11.3.rel1.win32_1.1.100.202309141235/tools/bin/../lib/gcc/arm-none-eabi/11.3.1/thumb/v7-m/nofp/crtn.o
OUTPUT(Station.elf elf32-littlearm)
LOAD linker stubs
LOAD F:/Development/Programs/Programing/STM32/STM32IDE/STM32CubeIDE_1.12.1/STM32CubeIDE/plugins/com.st.stm32cube.ide.mcu.externaltools.gnu-tools-for-stm32.11.3.rel1.win32_1.1.100.202309141235/tools/bin/../lib/gcc/arm-none-eabi/11.3.1/../../../../arm-none-eabi/lib/thumb/v7-m/nofp\libc.a
LOAD F:/Development/Programs/Programing/STM32/STM32IDE/STM32CubeIDE_1.12.1/STM32CubeIDE/plugins/com.st.stm32cube.ide.mcu.externaltools.gnu-tools-for-stm32.11.3.rel1.win32_1.1.100.202309141235/tools/bin/../lib/gcc/arm-none-eabi/11.3.1/../../../../arm-none-eabi/lib/thumb/v7-m/nofp\libm.a
LOAD F:/Development/Programs/Programing/STM32/STM32IDE/STM32CubeIDE_1.12.1/STM32CubeIDE/plugins/com.st.stm32cube.ide.mcu.externaltools.gnu-tools-for-stm32.11.3.rel1.win32_1.1.100.202309141235/tools/bin/../lib/gcc/arm-none-eabi/11.3.1/thumb/v7-m/nofp\libgcc.a

.comment        0x0000000000000000       0x43
 .comment       0x0000000000000000       0x43 F:/Development/Programs/Programing/STM32/STM32IDE/STM32CubeIDE_1.12.1/STM32CubeIDE/plugins/com.st.stm32cube.ide.mcu.externaltools.gnu-tools-for-stm32.11.3.rel1.win32_1.1.100.202309141235/tools/bin/../lib/gcc/arm-none-eabi/11.3.1/thumb/v7-m/nofp/crtbegin.o
                                         0x44 (size before relaxing)
 .comment       0x0000000000000043       0x44 ./Core/Src/Button.o
 .comment       0x0000000000000043       0x44 ./Core/Src/Filter.o
 .comment       0x0000000000000043       0x44 ./Core/Src/Flash_Custom.o
 .comment       0x0000000000000043       0x44 ./Core/Src/Menu.o
 .comment       0x0000000000000043       0x44 ./Core/Src/OLED.o
 .comment       0x0000000000000043       0x44 ./Core/Src/PAC.o
 .comment       0x0000000000000043       0x44 ./Core/Src/PID.o
 .comment       0x0000000000000043       0x44 ./Core/Src/Soldering_Station.o
 .comment       0x0000000000000043       0x44 ./Core/Src/main.o
 .comment       0x0000000000000043       0x44 ./Core/Src/stm32f1xx_hal_msp.o
 .comment       0x0000000000000043       0x44 ./Core/Src/stm32f1xx_it.o
 .comment       0x0000000000000043       0x44 ./Core/Src/sysmem.o
 .comment       0x0000000000000043       0x44 ./Core/Src/system_stm32f1xx.o
 .comment       0x0000000000000043       0x44 ./Drivers/STM32F1xx_HAL_Driver/Src/stm32f1xx_hal.o
 .comment       0x0000000000000043       0x44 ./Drivers/STM32F1xx_HAL_Driver/Src/stm32f1xx_hal_adc.o
 .comment       0x0000000000000043       0x44 ./Drivers/STM32F1xx_HAL_Driver/Src/stm32f1xx_hal_adc_ex.o
 .comment       0x0000000000000043       0x44 ./Drivers/STM32F1xx_HAL_Driver/Src/stm32f1xx_hal_cortex.o
 .comment       0x0000000000000043       0x44 ./Drivers/STM32F1xx_HAL_Driver/Src/stm32f1xx_hal_dma.o
 .comment       0x0000000000000043       0x44 ./Drivers/STM32F1xx_HAL_Driver/Src/stm32f1xx_hal_flash.o
 .comment       0x0000000000000043       0x44 ./Drivers/STM32F1xx_HAL_Driver/Src/stm32f1xx_hal_flash_ex.o
 .comment       0x0000000000000043       0x44 ./Drivers/STM32F1xx_HAL_Driver/Src/stm32f1xx_hal_gpio.o
 .comment       0x0000000000000043       0x44 ./Drivers/STM32F1xx_HAL_Driver/Src/stm32f1xx_hal_i2c.o
 .comment       0x0000000000000043       0x44 ./Drivers/STM32F1xx_HAL_Driver/Src/stm32f1xx_hal_rcc.o
 .comment       0x0000000000000043       0x44 ./Drivers/STM32F1xx_HAL_Driver/Src/stm32f1xx_hal_rcc_ex.o
 .comment       0x0000000000000043       0x44 ./Drivers/STM32F1xx_HAL_Driver/Src/stm32f1xx_hal_tim.o
 .comment       0x0000000000000043       0x44 ./Drivers/STM32F1xx_HAL_Driver/Src/stm32f1xx_hal_tim_ex.o

.debug_info     0x0000000000000000    0x14100
 .debug_info    0x0000000000000000      0x5b8 ./Core/Src/Button.o
 .debug_info    0x00000000000005b8      0x210 ./Core/Src/Filter.o
 .debug_info    0x00000000000007c8      0x318 ./Core/Src/Flash_Custom.o
 .debug_info    0x0000000000000ae0     0x1c25 ./Core/Src/Menu.o
 .debug_info    0x0000000000002705      0x94e ./Core/Src/OLED.o
 .debug_info    0x0000000000003053      0x52c ./Core/Src/PAC.o
 .debug_info    0x000000000000357f      0x21d ./Core/Src/PID.o
 .debug_info    0x000000000000379c     0x18eb ./Core/Src/Soldering_Station.o
 .debug_info    0x0000000000005087     0x24cb ./Core/Src/main.o
 .debug_info    0x0000000000007552     0x1149 ./Core/Src/stm32f1xx_hal_msp.o
 .debug_info    0x000000000000869b      0xa01 ./Core/Src/stm32f1xx_it.o
 .debug_info    0x000000000000909c      0x168 ./Core/Src/sysmem.o
 .debug_info    0x0000000000009204      0x222 ./Core/Src/system_stm32f1xx.o
 .debug_info    0x0000000000009426       0x23 ./Core/Startup/startup_stm32f103c8tx.o
 .debug_info    0x0000000000009449      0x704 ./Drivers/STM32F1xx_HAL_Driver/Src/stm32f1xx_hal.o
 .debug_info    0x0000000000009b4d      0xc2d ./Drivers/STM32F1xx_HAL_Driver/Src/stm32f1xx_hal_adc.o
 .debug_info    0x000000000000a77a      0xa0b ./Drivers/STM32F1xx_HAL_Driver/Src/stm32f1xx_hal_adc_ex.o
 .debug_info    0x000000000000b185      0xa87 ./Drivers/STM32F1xx_HAL_Driver/Src/stm32f1xx_hal_cortex.o
 .debug_info    0x000000000000bc0c      0x6cd ./Drivers/STM32F1xx_HAL_Driver/Src/stm32f1xx_hal_dma.o
 .debug_info    0x000000000000c2d9      0x4f8 ./Drivers/STM32F1xx_HAL_Driver/Src/stm32f1xx_hal_flash.o
 .debug_info    0x000000000000c7d1      0x777 ./Drivers/STM32F1xx_HAL_Driver/Src/stm32f1xx_hal_flash_ex.o