../Core/Src/Button.c:10:6:Rotary_Switch_Handler	8	static
../Core/Src/Button.c:16:6:Rotary_Switch_EXTI	8	static
../Core/Src/Button.c:23:6:Button_EXTI	0	static
../Core/Src/Button.c:31:6:Incoder_EXTI	16	static
../Core/Src/Button.c:36:6:Button_MODE_it	16	static
../Core/Src/Button.c:73:6:Button_it	8	static
../Core/Src/Button.c:85:6:Incoder_it	0	static
../Core/Src/Button.c:89:6:Button_ini	0	static
../Core/Src/Button.c:97:6:Button_Vector_Create	24	static
../Core/Src/Button.c:115:6:Button_Vector_EXTI	8	static
../Core/Src/Button.c:123:6:Button_Vector_it	8	static
../Core/Src/Button.c:131:6:Rotary_Switch_ini	0	static
../Core/Src/Button.c:135:6:Incoder_ini	8	static
