../Core/Src/OLED.c:108:6:OLED_Send_Comand	24	static
../Core/Src/OLED.c:115:6:OLED_ON	0	static
../Core/Src/OLED.c:120:6:OLED_Search_Adress	16	static
../Core/Src/OLED.c:162:6:OLED_Set_Cursor	16	static
../Core/Src/OLED.c:170:6:OLED_Set_Char_Cursor	16	static
../Core/Src/OLED.c:179:6:OLED_Clear_Display	32	static
../Core/Src/OLED.c:130:6:OLED_ini	8	static
../Core/Src/OLED.c:187:6:OLED_Send_Char	32	static
../Core/Src/OLED.c:198:6:OLED_Clear_Char	8	static
../Core/Src/OLED.c:203:6:OLED_Clear_Line	16	static
../Core/Src/OLED.c:208:6:OLED_Send_String	168	static
