Archive member included to satisfy reference by file (symbol)

F:/Development/Programs/Programing/STM32/STM32IDE/STM32CubeIDE_1.12.1/STM32CubeIDE/plugins/com.st.stm32cube.ide.mcu.externaltools.gnu-tools-for-stm32.11.3.rel1.win32_1.1.100.202309141235/tools/bin/../lib/gcc/arm-none-eabi/11.3.1/../../../../arm-none-eabi/lib/thumb/v7-m/nofp\libc_nano.a(libc_a-exit.o)
                              F:/Development/Programs/Programing/STM32/STM32IDE/STM32CubeIDE_1.12.1/STM32CubeIDE/plugins/com.st.stm32cube.ide.mcu.externaltools.gnu-tools-for-stm32.11.3.rel1.win32_1.1.100.202309141235/tools/bin/../lib/gcc/arm-none-eabi/11.3.1/../../../../arm-none-eabi/lib/thumb/v7-m/nofp/crt0.o (exit)
F:/Development/Programs/Programing/STM32/STM32IDE/STM32CubeIDE_1.12.1/STM32CubeIDE/plugins/com.st.stm32cube.ide.mcu.externaltools.gnu-tools-for-stm32.11.3.rel1.win32_1.1.100.202309141235/tools/bin/../lib/gcc/arm-none-eabi/11.3.1/../../../../arm-none-eabi/lib/thumb/v7-m/nofp\libc_nano.a(libc_a-malloc.o)
                              ./Core/Src/Button.o (malloc)
F:/Development/Programs/Programing/STM32/STM32IDE/STM32CubeIDE_1.12.1/STM32CubeIDE/plugins/com.st.stm32cube.ide.mcu.externaltools.gnu-tools-for-stm32.11.3.rel1.win32_1.1.100.202309141235/tools/bin/../lib/gcc/arm-none-eabi/11.3.1/../../../../arm-none-eabi/lib/thumb/v7-m/nofp\libc_nano.a(libc_a-mallocr.o)
                              F:/Development/Programs/Programing/STM32/STM32IDE/STM32CubeIDE_1.12.1/STM32CubeIDE/plugins/com.st.stm32cube.ide.mcu.externaltools.gnu-tools-for-stm32.11.3.rel1.win32_1.1.100.202309141235/tools/bin/../lib/gcc/arm-none-eabi/11.3.1/../../../../arm-none-eabi/lib/thumb/v7-m/nofp\libc_nano.a(libc_a-malloc.o) (_malloc_r)
F:/Development/Programs/Programing/STM32/STM32IDE/STM32CubeIDE_1.12.1/STM32CubeIDE/plugins/com.st.stm32cube.ide.mcu.externaltools.gnu-tools-for-stm32.11.3.rel1.win32_1.1.100.202309141235/tools/bin/../lib/gcc/arm-none-eabi/11.3.1/../../../../arm-none-eabi/lib/thumb/v7-m/nofp\libc_nano.a(libc_a-mlock.o)
                              F:/Development/Programs/Programing/STM32/STM32IDE/STM32CubeIDE_1.12.1/STM32CubeIDE/plugins/com.st.stm32cube.ide.mcu.externaltools.gnu-tools-for-stm32.11.3.rel1.win32_1.1.100.202309141235/tools/bin/../lib/gcc/arm-none-eabi/11.3.1/../../../../arm-none-eabi/lib/thumb/v7-m/nofp\libc_nano.a(libc_a-mallocr.o) (__malloc_lock)
F:/Development/Programs/Programing/STM32/STM32IDE/STM32CubeIDE_1.12.1/STM32CubeIDE/plugins/com.st.stm32cube.ide.mcu.externaltools.gnu-tools-for-stm32.11.3.rel1.win32_1.1.100.202309141235/tools/bin/../lib/gcc/arm-none-eabi/11.3.1/../../../../arm-none-eabi/lib/thumb/v7-m/nofp\libc_nano.a(libc_a-findfp.o)
                              F:/Development/Programs/Programing/STM32/STM32IDE/STM32CubeIDE_1.12.1/STM32CubeIDE/plugins/com.st.stm32cube.ide.mcu.externaltools.gnu-tools-for-stm32.11.3.rel1.win32_1.1.100.202309141235/tools/bin/../lib/gcc/arm-none-eabi/11.3.1/../../../../arm-none-eabi/lib/thumb/v7-m/nofp\libc_nano.a(libc_a-exit.o) (__stdio_exit_handler)
F:/Development/Programs/Programing/STM32/STM32IDE/STM32CubeIDE_1.12.1/STM32CubeIDE/plugins/com.st.stm32cube.ide.mcu.externaltools.gnu-tools-for-stm32.11.3.rel1.win32_1.1.100.202309141235/tools/bin/../lib/gcc/arm-none-eabi/11.3.1/../../../../arm-none-eabi/lib/thumb/v7-m/nofp\libc_nano.a(libc_a-fwalk.o)
                              F:/Development/Programs/Programing/STM32/STM32IDE/STM32CubeIDE_1.12.1/STM32CubeIDE/plugins/com.st.stm32cube.ide.mcu.externaltools.gnu-tools-for-stm32.11.3.rel1.win32_1.1.100.202309141235/tools/bin/../lib/gcc/arm-none-eabi/11.3.1/../../../../arm-none-eabi/lib/thumb/v7-m/nofp\libc_nano.a(libc_a-findfp.o) (_fwalk_sglue)
F:/Development/Programs/Programing/STM32/STM32IDE/STM32CubeIDE_1.12.1/STM32CubeIDE/plugins/com.st.stm32cube.ide.mcu.externaltools.gnu-tools-for-stm32.11.3.rel1.win32_1.1.100.202309141235/tools/bin/../lib/gcc/arm-none-eabi/11.3.1/../../../../arm-none-eabi/lib/thumb/v7-m/nofp\libc_nano.a(libc_a-stdio.o)
                              F:/Development/Programs/Programing/STM32/STM32IDE/STM32CubeIDE_1.12.1/STM32CubeIDE/plugins/com.st.stm32cube.ide.mcu.externaltools.gnu-tools-for-stm32.11.3.rel1.win32_1.1.100.202309141235/tools/bin/../lib/gcc/arm-none-eabi/11.3.1/../../../../arm-none-eabi/lib/thumb/v7-m/nofp\libc_nano.a(libc_a-findfp.o) (__sread)
F:/Development/Programs/Programing/STM32/STM32IDE/STM32CubeIDE_1.12.1/STM32CubeIDE/plugins/com.st.stm32cube.ide.mcu.externaltools.gnu-tools-for-stm32.11.3.rel1.win32_1.1.100.202309141235/tools/bin/../lib/gcc/arm-none-eabi/11.3.1/../../../../arm-none-eabi/lib/thumb/v7-m/nofp\libc_nano.a(libc_a-memset.o)
                              F:/Development/Programs/Programing/STM32/STM32IDE/STM32CubeIDE_1.12.1/STM32CubeIDE/plugins/com.st.stm32cube.ide.mcu.externaltools.gnu-tools-for-stm32.11.3.rel1.win32_1.1.100.202309141235/tools/bin/../lib/gcc/arm-none-eabi/11.3.1/../../../../arm-none-eabi/lib/thumb/v7-m/nofp/crt0.o (memset)
[...]
Memory Configuration

Name             Origin             Length             Attributes
RAM              0x0000000020000000 0x0000000000005000 xrw
FLASH            0x0000000008000000 0x0000000000010000 xr
*default*        0x0000000000000000 0xffffffffffffffff

Linker script and memory map

LOAD F:/Development/Programs/Programing/STM32/STM32IDE/STM32CubeIDE_1.12.1/STM32CubeIDE/plugins/com.st.stm32cube.ide.mcu.externaltools.gnu-tools-for-stm32.11.3.rel1.win32_1.1.100.202309141235/tools/bin/../lib/gcc/arm-none-eabi/11.3.1/thumb/v7-m/nofp/crti.o
LOAD F:/Development/Programs/Programing/STM32/STM32IDE/STM32CubeIDE_1.12.1/STM32CubeIDE/plugins/com.st.stm32cube.ide.mcu.externaltools.gnu-tools-for-stm32.11.3.rel1.win32_1.1.100.202309141235/tools/bin/../lib/gcc/arm-none-eabi/11.3.1/thumb/v7-m/nofp/crtbegin.o
LOAD F:/Development/Programs/Programing/STM32/STM32IDE/STM32CubeIDE_1.12.1/STM32CubeIDE/plugins/com.st.stm32cube.ide.mcu.externaltools.gnu-tools-for-stm32.11.3.rel1.win32_1.1.100.202309141235/tools/bin/../lib/gcc/arm-none-eabi/11.3.1/../../../../arm-none-eabi/lib/thumb/v7-m/nofp/crt0.o
LOAD ./Core/Src/Button.o
LOAD ./Core/Src/Filter.o
LOAD ./Core/Src/Menu.o
LOAD ./Core/Src/OLED.o
LOAD ./Core/Src/PID.o
LOAD ./Core/Src/main.o
LOAD ./Core/Src/stm32f1xx_hal_msp.o
LOAD ./Core/Src/stm32f1xx_it.o
LOAD ./Core/Src/syscalls.o
LOAD ./Core/Src/sysmem.o
LOAD ./Core/Src/system_stm32f1xx.o
LOAD ./Core/Startup/startup_stm32f103c8tx.o
LOAD ./Drivers/STM32F1xx_HAL_Driver/Src/stm32f1xx_hal.o
LOAD ./Drivers/STM32F1xx_HAL_Driver/Src/stm32f1xx_hal_adc.o
LOAD ./Drivers/STM32F1xx_HAL_Driver/Src/stm32f1xx_hal_adc_ex.o
LOAD ./Drivers/STM32F1xx_HAL_Driver/Src/stm32f1xx_hal_cortex.o
LOAD ./Drivers/STM32F1xx_HAL_Driver/Src/stm32f1xx_hal_dma.o
LOAD ./Drivers/STM32F1xx_HAL_Driver/Src/stm32f1xx_hal_exti.o
LOAD ./Drivers/STM32F1xx_HAL_Driver/Src/stm32f1xx_hal_flash.o
LOAD ./Drivers/STM32F1xx_HAL_Driver/Src/stm32f1xx_hal_flash_ex.o
LOAD ./Drivers/STM32F1xx_HAL_Driver/Src/stm32f1xx_hal_gpio.o
LOAD ./Drivers/STM32F1xx_HAL_Driver/Src/stm32f1xx_hal_gpio_ex.o
LOAD ./Drivers/STM32F1xx_HAL_Driver/Src/stm32f1xx_hal_i2c.o
LOAD ./Drivers/STM32F1xx_HAL_Driver/Src/stm32f1xx_hal_pwr.o
LOAD ./Drivers/STM32F1xx_HAL_Driver/Src/stm32f1xx_hal_rcc.o
LOAD ./Drivers/STM32F1xx_HAL_Driver/Src/stm32f1xx_hal_rcc_ex.o
LOAD ./Drivers/STM32F1xx_HAL_Driver/Src/stm32f1xx_hal_tim.o
LOAD ./Drivers/STM32F1xx_HAL_Driver/Src/stm32f1xx_hal_tim_ex.o
START GROUP
LOAD F:/Development/Programs/Programing/STM32/STM32IDE/STM32CubeIDE_1.12.1/STM32CubeIDE/plugins/com.st.stm32cube.ide.mcu.externaltools.gnu-tools-for-stm32.11.3.rel1.win32_1.1.100.202309141235/tools/bin/../lib/gcc/arm-none-eabi/11.3.1/../../../../arm-none-eabi/lib/thumb/v7-m/nofp\libc_nano.a
LOAD F:/Development/Programs/Programing/STM32/STM32IDE/STM32CubeIDE_1.12.1/STM32CubeIDE/plugins/com.st.stm32cube.ide.mcu.externaltools.gnu-tools-for-stm32.11.3.rel1.win32_1.1.100.202309141235/tools/bin/../lib/gcc/arm-none-eabi/11.3.1/../../../../arm-none-eabi/lib/thumb/v7-m/nofp\libm.a
END GROUP
START GROUP
LOAD F:/Development/Programs/Programing/STM32/STM32IDE/STM32CubeIDE_1.12.1/STM32CubeIDE/plugins/com.st.stm32cube.ide.mcu.externaltools.gnu-tools-for-stm32.11.3.rel1.win32_1.1.100.202309141235/tools/bin/../lib/gcc/arm-none-eabi/11.3.1/thumb/v7-m/nofp\libgcc.a
LOAD F:/Development/Programs/Programing/STM32/STM32IDE/STM32CubeIDE_1.12.1/STM32CubeIDE/plugins/com.st.stm32cube.ide.mcu.externaltools.gnu-tools-for-stm32.11.3.rel1.win32_1.1.100.202309141235/tools/bin/../lib/gcc/arm-none-eabi/11.3.1/../../../../arm-none-eabi/lib/thumb/v7-m/nofp\libc_nano.a
END GROUP
START GROUP
LOAD F:/Development/Programs/Programing/STM32/STM32IDE/STM32CubeIDE_1.12.1/STM32CubeIDE/plugins/com.st.stm32cube.ide.mcu.externaltools.gnu-tools-for-stm32.11.3.rel1.win32_1.1.100.202309141235/tools/bin/../lib/gcc/arm-none-eabi/11.3.1/thumb/v7-m/nofp\libgcc.a
LOAD F:/Development/Programs/Programing/STM32/STM32IDE/STM32CubeIDE_1.12.1/STM32CubeIDE/plugins/com.st.stm32cube.ide.mcu.externaltools.gnu-tools-for-stm32.11.3.rel1.win32_1.1.100.202309141235/tools/bin/../lib/gcc/arm-none-eabi/11.3.1/../../../../arm-none-eabi/lib/thumb/v7-m/nofp\libc_nano.a
LOAD F:/Development/Programs/Programing/STM32/STM32IDE/STM32CubeIDE_1.12.1/STM32CubeIDE/plugins/com.st.stm32cube.ide.mcu.externaltools.gnu-tools-for-stm32.11.3.rel1.win32_1.1.100.202309141235/tools/bin/../lib/gcc/arm-none-eabi/11.3.1/../../../../arm-none-eabi/lib/thumb/v7-m/nofp\libnosys.a
END GROUP
START GROUP
LOAD F:/Development/Programs/Programing/STM32/STM32IDE/STM32CubeIDE_1.12.1/STM32CubeIDE/plugins/com.st.stm32cube.ide.mcu.externaltools.gnu-tools-for-stm32.11.3.rel1.win32_1.1.100.202309141235/tools/bin/../lib/gcc/arm-none-eabi/11.3.1/thumb/v7-m/nofp\libgcc.a
LOAD F:/Development/Programs/Programing/STM32/STM32IDE/STM32CubeIDE_1.12.1/STM32CubeIDE/plugins/com.st.stm32cube.ide.mcu.externaltools.gnu-tools-for-stm32.11.3.rel1.win32_1.1.100.202309141235/tools/bin/../lib/gcc/arm-none-eabi/11.3.1/../../../../arm-none-eabi/lib/thumb/v7-m/nofp\libc_nano.a
LOAD F:/Development/Programs/Programing/STM32/STM32IDE/STM32CubeIDE_1.12.1/STM32CubeIDE/plugins/com.st.stm32cube.ide.mcu.externaltools.gnu-tools-for-stm32.11.3.rel1.win32_1.1.100.202309141235/tools/bin/../lib/gcc/arm-none-eabi/11.3.1/../../../../arm-none-eabi/lib/thumb/v7-m/nofp\libnosys.a
END GROUP
LOAD F:/Development/Programs/Programing/STM32/STM32IDE/STM32CubeIDE_1.12.1/STM32CubeIDE/plugins/com.st.stm32cube.ide.mcu.externaltools.gnu-tools-for-stm32.11.3.rel1.win32_1.1.100.202309141235/tools/bin/../lib/gcc/arm-none-eabi/11.3.1/thumb/v7-m/nofp/crtend.o
LOAD F:/Development/Programs/Programing/STM32/STM32IDE/STM32CubeIDE_1.12.1/STM32CubeIDE/plugins/com.st.stm32cube.ide.mcu.externaltools.gnu-tools-for-stm32.11.3.rel1.win32_1.1.100.202309141235/tools/bin/../lib/gcc/arm-none-eabi/11.3.1/thumb/v7-m/nofp/crtn.o
                0x0000000020005000                _estack = (ORIGIN (RAM) + LENGTH (RAM))
                0x0000000000000200                _Min_Heap_Size = 0x200
                0x0000000000000400                _Min_Stack_Size = 0x400

.isr_vector     0x0000000008000000      0x10c
                0x0000000008000000                . = ALIGN (0x4)
 *(.isr_vector)
 .isr_vector    0x0000000008000000      0x10c ./Core/Startup/startup_stm32f103c8tx.o
                0x0000000008000000                g_pfnVectors
                0x000000000800010c                . = ALIGN (0x4)

.text           0x000000000800010c     0x3b90
                0x000000000800010c                . = ALIGN (0x4)
 *(.text)
 .text          0x000000000800010c       0x40 F:/Development/Programs/Programing/STM32/STM32IDE/STM32CubeIDE_1.12.1/STM32CubeIDE/plugins/com.st.stm32cube.ide.mcu.externaltools.gnu-tools-for-stm32.11.3.rel1.win32_1.1.100.202309141235/tools/bin/../lib/gcc/arm-none-eabi/11.3.1/thumb/v7-m/nofp/crtbegin.o
 .text          0x000000000800014c       0x10 F:/Development/Programs/Programing/STM32/STM32IDE/STM32CubeIDE_1.12.1/STM32CubeIDE/plugins/com.st.stm32cube.ide.mcu.externaltools.gnu-tools-for-stm32.11.3.rel1.win32_1.1.100.202309141235/tools/bin/../lib/gcc/arm-none-eabi/11.3.1/../../../../arm-none-eabi/lib/thumb/v7-m/nofp\libc_nano.a(libc_a-strlen.o)
                0x000000000800014c                strlen
 .text          0x000000000800015c      0x21c F:/Development/Programs/Programing/STM32/STM32IDE/STM32CubeIDE_1.12.1/STM32CubeIDE/plugins/com.st.stm32cube.ide.mcu.externaltools.gnu-tools-for-stm32.11.3.rel1.win32_1.1.100.202309141235/tools/bin/../lib/gcc/arm-none-eabi/11.3.1/thumb/v7-m/nofp\libgcc.a(_arm_addsubsf3.o)
                0x000000000800015c                __aeabi_frsub
                0x0000000008000164                __subsf3
                0x0000000008000164                __aeabi_fsub
                0x0000000008000168                __aeabi_fadd
                0x0000000008000168                __addsf3
                0x00000000080002c8                __aeabi_ui2f
                0x00000000080002c8                __floatunsisf
                0x00000000080002d0                __aeabi_i2f
                0x00000000080002d0                __floatsisf
                0x00000000080002ec                __aeabi_ul2f
                0x00000000080002ec                __floatundisf
                0x00000000080002fc                __aeabi_l2f
                0x00000000080002fc                __floatdisf
 .text          0x0000000008000378      0x2a0 F:/Development/Programs/Programing/STM32/STM32IDE/STM32CubeIDE_1.12.1/STM32CubeIDE/plugins/com.st.stm32cube.ide.mcu.externaltools.gnu-tools-for-stm32.11.3.rel1.win32_1.1.100.202309141235/tools/bin/../lib/gcc/arm-none-eabi/11.3.1/thumb/v7-m/nofp\libgcc.a(_arm_muldivsf3.o)
                0x0000000008000378                __mulsf3
                0x0000000008000378                __aeabi_fmul
                0x00000000080004e0                __aeabi_fdiv
                0x00000000080004e0                __divsf3
 .text          0x0000000008000618       0xec F:/Development/Programs/Programing/STM32/STM32IDE/STM32CubeIDE_1.12.1/STM32CubeIDE/plugins/com.st.stm32cube.ide.mcu.externaltools.gnu-tools-for-stm32.11.3.rel1.win32_1.1.100.202309141235/tools/bin/../lib/gcc/arm-none-eabi/11.3.1/thumb/v7-m/nofp\libgcc.a(_arm_cmpsf2.o)
                0x0000000008000618                __gesf2
                0x0000000008000618                __gtsf2
                0x0000000008000620                __lesf2
                0x0000000008000620                __ltsf2
                0x0000000008000628                __nesf2
                0x0000000008000628                __eqsf2
                0x0000000008000628                __cmpsf2
                0x0000000008000688                __aeabi_cfrcmple
                0x0000000008000690                __aeabi_cfcmpeq
                0x0000000008000690                __aeabi_cfcmple
                0x00000000080006a0                __aeabi_fcmpeq
                0x00000000080006b4                __aeabi_fcmplt
                0x00000000080006c8                __aeabi_fcmple
                0x00000000080006dc                __aeabi_fcmpge
                0x00000000080006f0                __aeabi_fcmpgt
 .text          0x0000000008000704       0x40 F:/Development/Programs/Programing/STM32/STM32IDE/STM32CubeIDE_1.12.1/STM32CubeIDE/plugins/com.st.stm32cube.ide.mcu.externaltools.gnu-tools-for-stm32.11.3.rel1.win32_1.1.100.202309141235/tools/bin/../lib/gcc/arm-none-eabi/11.3.1/thumb/v7-m/nofp\libgcc.a(_arm_fixunssfsi.o)
                0x0000000008000704                __fixunssfsi
                0x0000000008000704                __aeabi_f2uiz
 *(.text*)
 .text.Rotary_Switch_Handler
                0x0000000008000744       0x1c ./Core/Src/Button.o
                0x0000000008000744                Rotary_Switch_Handler
 .text.Rotary_Switch_EXTI
                0x0000000008000760       0x28 ./Core/Src/Button.o
                0x0000000008000760                Rotary_Switch_EXTI
 .text.Button_EXTI
                0x0000000008000788       0x18 ./Core/Src/Button.o
                0x0000000008000788                Button_EXTI
 .text.Incoder_EXTI
                0x00000000080007a0       0x18 ./Core/Src/Button.o
                0x00000000080007a0                Incoder_EXTI
 .text.Button_MODE_it
                0x00000000080007b8       0xaa ./Core/Src/Button.o
                0x00000000080007b8                Button_MODE_it
 .text.Button_it
                0x0000000008000862       0x34 ./Core/Src/Button.o
                0x0000000008000862                Button_it
 .text.Incoder_it
                0x0000000008000896        0x6 ./Core/Src/Button.o
                0x0000000008000896                Incoder_it
 .text.Button_ini
                0x000000000800089c       0x18 ./Core/Src/Button.o
                0x000000000800089c                Button_ini
 .text.Button_Vector_Create
                0x00000000080008b4       0x40 ./Core/Src/Button.o
                0x00000000080008b4                Button_Vector_Create
 .text.Button_Vector_it
                0x00000000080008f4       0x12 ./Core/Src/Button.o
                0x00000000080008f4                Button_Vector_it
 .text.Incoder_ini
                0x0000000008000906       0x16 ./Core/Src/Button.o
                0x0000000008000906                Incoder_ini
 .text.Filter_Mediana_3
                0x000000000800091c       0x22 ./Core/Src/Filter.o
                0x000000000800091c                Filter_Mediana_3
 .text.Filter_Mediana_9
                0x000000000800093e       0x34 ./Core/Src/Filter.o
                0x000000000800093e                Filter_Mediana_9
 .text.Filter_ini
                0x0000000008000972        0x6 ./Core/Src/Filter.o
                0x0000000008000972                Filter_ini
 .text.Filter_Exp_Mov_Average
                0x0000000008000978       0x28 ./Core/Src/Filter.o
                0x0000000008000978                Filter_Exp_Mov_Average
 .text.Filter_Combined
                0x00000000080009a0       0x34 ./Core/Src/Filter.o
                0x00000000080009a0                Filter_Combined
 .text.Menu_List_Element_Create
                0x00000000080009d4       0x64 ./Core/Src/Menu.o
                0x00000000080009d4                Menu_List_Element_Create
 .text.OLED_Send_Comand
                0x0000000008000a38       0x24 ./Core/Src/OLED.o
                0x0000000008000a38                OLED_Send_Comand
 .text.OLED_Search_Adress
                0x0000000008000a5c       0x24 ./Core/Src/OLED.o
                0x0000000008000a5c                OLED_Search_Adress
 .text.OLED_Set_Cursor
                0x0000000008000a80       0x28 ./Core/Src/OLED.o
                0x0000000008000a80                OLED_Set_Cursor
 .text.OLED_Set_Char_Cursor
                0x0000000008000aa8       0x2e ./Core/Src/OLED.o
                0x0000000008000aa8                OLED_Set_Char_Cursor
 *fill*         0x0000000008000ad6        0x2 
 .text.OLED_Clear_Display
                0x0000000008000ad8       0x38 ./Core/Src/OLED.o
                0x0000000008000ad8                OLED_Clear_Display
 .text.OLED_ini
                0x0000000008000b10       0x7c ./Core/Src/OLED.o
                0x0000000008000b10                OLED_ini
 .text.OLED_Send_Char
                0x0000000008000b8c       0x4c ./Core/Src/OLED.o
                0x0000000008000b8c                OLED_Send_Char
 .text.PID_ini  0x0000000008000bd8        0x8 ./Core/Src/PID.o
                0x0000000008000bd8                PID_ini
 .text.PID_it   0x0000000008000be0       0x8a ./Core/Src/PID.o
                0x0000000008000be0                PID_it
 .text.PID_Set_Point
                0x0000000008000c6a        0xe ./Core/Src/PID.o
                0x0000000008000c6a                PID_Set_Point
 .text.PID_Set_Point_Now
                0x0000000008000c78        0xe ./Core/Src/PID.o
                0x0000000008000c78                PID_Set_Point_Now
 *fill*         0x0000000008000c86        0x2 
 .text.HAL_ADC_ConvCpltCallback
                0x0000000008000c88       0x3c ./Core/Src/main.o
                0x0000000008000c88                HAL_ADC_ConvCpltCallback
 .text.HAL_GPIO_EXTI_Callback
                0x0000000008000cc4       0x28 ./Core/Src/main.o
                0x0000000008000cc4                HAL_GPIO_EXTI_Callback
 .text.Button_Handler
                0x0000000008000cec       0x68 ./Core/Src/main.o
                0x0000000008000cec                Button_Handler
 .text.Incoder_Handler
                0x0000000008000d54       0x3c ./Core/Src/main.o
                0x0000000008000d54                Incoder_Handler
 .text.HAL_TIM_PeriodElapsedCallback
                0x0000000008000d90       0x80 ./Core/Src/main.o
                0x0000000008000d90                HAL_TIM_PeriodElapsedCallback
 .text.BUTTON_INI
                0x0000000008000e10       0xd8 ./Core/Src/main.o
                0x0000000008000e10                BUTTON_INI
 .text.INCODER_INI
                0x0000000008000ee8       0x80 ./Core/Src/main.o
                0x0000000008000ee8                INCODER_INI
 .text.MENU_INI
                0x0000000008000f68       0x80 ./Core/Src/main.o
                0x0000000008000f68                MENU_INI
 .text.SystemClock_Config
                0x0000000008000fe8       0x6a ./Core/Src/main.o
                0x0000000008000fe8                SystemClock_Config
 *fill*         0x0000000008001052        0x2 
 .text.startup.main
                0x0000000008001054      0x68c ./Core/Src/main.o
                0x0000000008001054                main
 .text.Error_Handler
                0x00000000080016e0        0x4 ./Core/Src/main.o
                0x00000000080016e0                Error_Handler
 .text.HAL_MspInit
                0x00000000080016e4       0x64 ./Core/Src/stm32f1xx_hal_msp.o
                0x00000000080016e4                HAL_MspInit
 .text.HAL_ADC_MspInit
                0x0000000008001748       0xa8 ./Core/Src/stm32f1xx_hal_msp.o
                0x0000000008001748                HAL_ADC_MspInit
 .text.HAL_I2C_MspInit
                0x00000000080017f0       0x64 ./Core/Src/stm32f1xx_hal_msp.o
                0x00000000080017f0                HAL_I2C_MspInit
 .text.HAL_TIM_Base_MspInit
                0x0000000008001854       0xc4 ./Core/Src/stm32f1xx_hal_msp.o
                0x0000000008001854                HAL_TIM_Base_MspInit
 .text.HAL_TIM_MspPostInit
                0x0000000008001918       0x4c ./Core/Src/stm32f1xx_hal_msp.o
                0x0000000008001918                HAL_TIM_MspPostInit
 .text.NMI_Handler
                0x0000000008001964        0x2 ./Core/Src/stm32f1xx_it.o
                0x0000000008001964                NMI_Handler
 .text.HardFault_Handler
                0x0000000008001966        0x2 ./Core/Src/stm32f1xx_it.o
                0x0000000008001966                HardFault_Handler
 .text.MemManage_Handler
                0x0000000008001968        0x2 ./Core/Src/stm32f1xx_it.o
                0x0000000008001968                MemManage_Handler
 .text.BusFault_Handler
                0x000000000800196a        0x2 ./Core/Src/stm32f1xx_it.o
                0x000000000800196a                BusFault_Handler
 .text.UsageFault_Handler
                0x000000000800196c        0x2 ./Core/Src/stm32f1xx_it.o
                0x000000000800196c                UsageFault_Handler
 .text.SVC_Handler
                0x000000000800196e        0x2 ./Core/Src/stm32f1xx_it.o
                0x000000000800196e                SVC_Handler
 .text.DebugMon_Handler
                0x0000000008001970        0x2 ./Core/Src/stm32f1xx_it.o
                0x0000000008001970                DebugMon_Handler
 .text.PendSV_Handler
                0x0000000008001972        0x2 ./Core/Src/stm32f1xx_it.o
                0x0000000008001972                PendSV_Handler
 .text.SysTick_Handler
                0x0000000008001974        0x4 ./Core/Src/stm32f1xx_it.o
                0x0000000008001974                SysTick_Handler
 .text.FLASH_IRQHandler
                0x0000000008001978        0x4 ./Core/Src/stm32f1xx_it.o
                0x0000000008001978                FLASH_IRQHandler
 .text.RCC_IRQHandler
                0x000000000800197c        0x2 ./Core/Src/stm32f1xx_it.o
                0x000000000800197c                RCC_IRQHandler
 .text.EXTI1_IRQHandler
                0x000000000800197e        0x6 ./Core/Src/stm32f1xx_it.o
                0x000000000800197e                EXTI1_IRQHandler
 .text.EXTI2_IRQHandler
                0x0000000008001984        0x6 ./Core/Src/stm32f1xx_it.o
                0x0000000008001984                EXTI2_IRQHandler
 .text.EXTI3_IRQHandler
                0x000000000800198a        0x6 ./Core/Src/stm32f1xx_it.o
                0x000000000800198a                EXTI3_IRQHandler
 .text.EXTI4_IRQHandler
                0x0000000008001990        0x6 ./Core/Src/stm32f1xx_it.o
                0x0000000008001990                EXTI4_IRQHandler
 *fill*         0x0000000008001996        0x2 
 .text.DMA1_Channel1_IRQHandler
                0x0000000008001998        0xc ./Core/Src/stm32f1xx_it.o
                0x0000000008001998                DMA1_Channel1_IRQHandler
 .text.ADC1_2_IRQHandler
                0x00000000080019a4        0xc ./Core/Src/stm32f1xx_it.o
                0x00000000080019a4                ADC1_2_IRQHandler
 .text.EXTI9_5_IRQHandler
                0x00000000080019b0        0x6 ./Core/Src/stm32f1xx_it.o
                0x00000000080019b0                EXTI9_5_IRQHandler
 *fill*         0x00000000080019b6        0x2 
 .text.TIM1_UP_IRQHandler
                0x00000000080019b8        0xc ./Core/Src/stm32f1xx_it.o
                0x00000000080019b8                TIM1_UP_IRQHandler
 .text.TIM2_IRQHandler
                0x00000000080019c4        0xc ./Core/Src/stm32f1xx_it.o
                0x00000000080019c4                TIM2_IRQHandler
 .text.TIM3_IRQHandler
                0x00000000080019d0        0xc ./Core/Src/stm32f1xx_it.o
                0x00000000080019d0                TIM3_IRQHandler
 .text.TIM4_IRQHandler
                0x00000000080019dc        0xc ./Core/Src/stm32f1xx_it.o
                0x00000000080019dc                TIM4_IRQHandler
 .text.EXTI15_10_IRQHandler
                0x00000000080019e8       0x26 ./Core/Src/stm32f1xx_it.o
                0x00000000080019e8                EXTI15_10_IRQHandler
 *fill*         0x0000000008001a0e        0x2 
 .text._sbrk    0x0000000008001a10       0x40 ./Core/Src/sysmem.o
                0x0000000008001a10                _sbrk
 .text.SystemInit
                0x0000000008001a50        0x2 ./Core/Src/system_stm32f1xx.o
                0x0000000008001a50                SystemInit
 *fill*         0x0000000008001a52        0x2 
 .text.Reset_Handler
                0x0000000008001a54       0x48 ./Core/Startup/startup_stm32f103c8tx.o
                0x0000000008001a54                Reset_Handler
 .text.Default_Handler
                0x0000000008001a9c        0x2 ./Core/Startup/startup_stm32f103c8tx.o
                0x0000000008001a9c                RTC_Alarm_IRQHandler
                0x0000000008001a9c                TIM1_CC_IRQHandler
                0x0000000008001a9c                PVD_IRQHandler
                0x0000000008001a9c                EXTI0_IRQHandler
                0x0000000008001a9c                I2C2_EV_IRQHandler
                0x0000000008001a9c                SPI1_IRQHandler
                0x0000000008001a9c                TAMPER_IRQHandler
                0x0000000008001a9c                DMA1_Channel4_IRQHandler
                0x0000000008001a9c                USART3_IRQHandler
                0x0000000008001a9c                RTC_IRQHandler
                0x0000000008001a9c                DMA1_Channel7_IRQHandler
                0x0000000008001a9c                CAN1_RX1_IRQHandler
                0x0000000008001a9c                I2C1_EV_IRQHandler
                0x0000000008001a9c                DMA1_Channel6_IRQHandler
                0x0000000008001a9c                TIM1_TRG_COM_IRQHandler
                0x0000000008001a9c                Default_Handler
                0x0000000008001a9c                SPI2_IRQHandler
                0x0000000008001a9c                DMA1_Channel5_IRQHandler
                0x0000000008001a9c                USB_LP_CAN1_RX0_IRQHandler
                0x0000000008001a9c                USB_HP_CAN1_TX_IRQHandler
                0x0000000008001a9c                DMA1_Channel3_IRQHandler
                0x0000000008001a9c                WWDG_IRQHandler
                0x0000000008001a9c                TIM1_BRK_IRQHandler
                0x0000000008001a9c                USART2_IRQHandler
                0x0000000008001a9c                I2C2_ER_IRQHandler
                0x0000000008001a9c                DMA1_Channel2_IRQHandler
                0x0000000008001a9c                CAN1_SCE_IRQHandler
                0x0000000008001a9c                USART1_IRQHandler
                0x0000000008001a9c                I2C1_ER_IRQHandler
                0x0000000008001a9c                USBWakeUp_IRQHandler
 *fill*         0x0000000008001a9e        0x2 
 .text.HAL_InitTick
                0x0000000008001aa0       0x48 ./Drivers/STM32F1xx_HAL_Driver/Src/stm32f1xx_hal.o
                0x0000000008001aa0                HAL_InitTick
 .text.HAL_Init
                0x0000000008001ae8       0x24 ./Drivers/STM32F1xx_HAL_Driver/Src/stm32f1xx_hal.o
                0x0000000008001ae8                HAL_Init
 .text.HAL_IncTick
                0x0000000008001b0c       0x18 ./Drivers/STM32F1xx_HAL_Driver/Src/stm32f1xx_hal.o
                0x0000000008001b0c                HAL_IncTick
 .text.HAL_GetTick
                0x0000000008001b24        0xc ./Drivers/STM32F1xx_HAL_Driver/Src/stm32f1xx_hal.o
                0x0000000008001b24                HAL_GetTick
 .text.HAL_Delay
                0x0000000008001b30       0x24 ./Drivers/STM32F1xx_HAL_Driver/Src/stm32f1xx_hal.o
                0x0000000008001b30                HAL_Delay
 .text.ADC_DMAConvCplt
                0x0000000008001b54       0x4e ./Drivers/STM32F1xx_HAL_Driver/Src/stm32f1xx_hal_adc.o
                0x0000000008001b54                ADC_DMAConvCplt
 .text.HAL_ADC_ConvHalfCpltCallback
                0x0000000008001ba2        0x2 ./Drivers/STM32F1xx_HAL_Driver/Src/stm32f1xx_hal_adc.o
                0x0000000008001ba2                HAL_ADC_ConvHalfCpltCallback
 .text.ADC_DMAHalfConvCplt
                0x0000000008001ba4        0xa ./Drivers/STM32F1xx_HAL_Driver/Src/stm32f1xx_hal_adc.o
                0x0000000008001ba4                ADC_DMAHalfConvCplt
 .text.HAL_ADC_LevelOutOfWindowCallback
                0x0000000008001bae        0x2 ./Drivers/STM32F1xx_HAL_Driver/Src/stm32f1xx_hal_adc.o
                0x0000000008001bae                HAL_ADC_LevelOutOfWindowCallback
 .text.HAL_ADC_IRQHandler
                0x0000000008001bb0       0xe2 ./Drivers/STM32F1xx_HAL_Driver/Src/stm32f1xx_hal_adc.o
                0x0000000008001bb0                HAL_ADC_IRQHandler
 .text.HAL_ADC_ErrorCallback
                0x0000000008001c92        0x2 ./Drivers/STM32F1xx_HAL_Driver/Src/stm32f1xx_hal_adc.o
                0x0000000008001c92                HAL_ADC_ErrorCallback
 .text.ADC_DMAError
                0x0000000008001c94       0x1a ./Drivers/STM32F1xx_HAL_Driver/Src/stm32f1xx_hal_adc.o
                0x0000000008001c94                ADC_DMAError
 *fill*         0x0000000008001cae        0x2 
 .text.HAL_ADC_ConfigChannel
                0x0000000008001cb0       0xfc ./Drivers/STM32F1xx_HAL_Driver/Src/stm32f1xx_hal_adc.o
                0x0000000008001cb0                HAL_ADC_ConfigChannel
 .text.ADC_Enable
                0x0000000008001dac       0x78 ./Drivers/STM32F1xx_HAL_Driver/Src/stm32f1xx_hal_adc.o
                0x0000000008001dac                ADC_Enable
 .text.HAL_ADC_Start_DMA
                0x0000000008001e24      0x11c ./Drivers/STM32F1xx_HAL_Driver/Src/stm32f1xx_hal_adc.o
                0x0000000008001e24                HAL_ADC_Start_DMA
 .text.ADC_ConversionStop_Disable
                0x0000000008001f40       0x4c ./Drivers/STM32F1xx_HAL_Driver/Src/stm32f1xx_hal_adc.o
                0x0000000008001f40                ADC_ConversionStop_Disable
 .text.HAL_ADC_Init
                0x0000000008001f8c       0xfc ./Drivers/STM32F1xx_HAL_Driver/Src/stm32f1xx_hal_adc.o
                0x0000000008001f8c                HAL_ADC_Init
 .text.HAL_ADCEx_InjectedConvCpltCallback
                0x0000000008002088        0x2 ./Drivers/STM32F1xx_HAL_Driver/Src/stm32f1xx_hal_adc_ex.o
                0x0000000008002088                HAL_ADCEx_InjectedConvCpltCallback
 *fill*         0x000000000800208a        0x2 
 .text.HAL_NVIC_SetPriorityGrouping
                0x000000000800208c       0x24 ./Drivers/STM32F1xx_HAL_Driver/Src/stm32f1xx_hal_cortex.o
                0x000000000800208c                HAL_NVIC_SetPriorityGrouping
 .text.HAL_NVIC_SetPriority
                0x00000000080020b0       0x60 ./Drivers/STM32F1xx_HAL_Driver/Src/stm32f1xx_hal_cortex.o
                0x00000000080020b0                HAL_NVIC_SetPriority
 .text.HAL_NVIC_EnableIRQ
                0x0000000008002110       0x1c ./Drivers/STM32F1xx_HAL_Driver/Src/stm32f1xx_hal_cortex.o
                0x0000000008002110                HAL_NVIC_EnableIRQ
 .text.HAL_SYSTICK_Config
                0x000000000800212c       0x28 ./Drivers/STM32F1xx_HAL_Driver/Src/stm32f1xx_hal_cortex.o
                0x000000000800212c                HAL_SYSTICK_Config
 .text.HAL_DMA_Init
                0x0000000008002154       0x64 ./Drivers/STM32F1xx_HAL_Driver/Src/stm32f1xx_hal_dma.o
                0x0000000008002154                HAL_DMA_Init
 .text.HAL_DMA_Start_IT
                0x00000000080021b8       0x7e ./Drivers/STM32F1xx_HAL_Driver/Src/stm32f1xx_hal_dma.o
                0x00000000080021b8                HAL_DMA_Start_IT
 *fill*         0x0000000008002236        0x2 
 .text.HAL_DMA_IRQHandler
                0x0000000008002238      0x128 ./Drivers/STM32F1xx_HAL_Driver/Src/stm32f1xx_hal_dma.o
                0x0000000008002238                HAL_DMA_IRQHandler
 .text.FLASH_SetErrorCode
                0x0000000008002360       0x50 ./Drivers/STM32F1xx_HAL_Driver/Src/stm32f1xx_hal_flash.o
 .text.HAL_FLASH_EndOfOperationCallback
                0x00000000080023b0        0x2 ./Drivers/STM32F1xx_HAL_Driver/Src/stm32f1xx_hal_flash.o
                0x00000000080023b0                HAL_FLASH_EndOfOperationCallback
 .text.HAL_FLASH_OperationErrorCallback
                0x00000000080023b2        0x2 ./Drivers/STM32F1xx_HAL_Driver/Src/stm32f1xx_hal_flash.o
                0x00000000080023b2                HAL_FLASH_OperationErrorCallback
 .text.HAL_FLASH_IRQHandler
                0x00000000080023b4      0x114 ./Drivers/STM32F1xx_HAL_Driver/Src/stm32f1xx_hal_flash.o
                0x00000000080023b4                HAL_FLASH_IRQHandler
 .text.FLASH_PageErase
                0x00000000080024c8       0x24 ./Drivers/STM32F1xx_HAL_Driver/Src/stm32f1xx_hal_flash_ex.o
                0x00000000080024c8                FLASH_PageErase
 .text.HAL_GPIO_Init
                0x00000000080024ec      0x1b4 ./Drivers/STM32F1xx_HAL_Driver/Src/stm32f1xx_hal_gpio.o
                0x00000000080024ec                HAL_GPIO_Init
 .text.HAL_GPIO_ReadPin
                0x00000000080026a0        0xc ./Drivers/STM32F1xx_HAL_Driver/Src/stm32f1xx_hal_gpio.o
                0x00000000080026a0                HAL_GPIO_ReadPin
 .text.HAL_GPIO_WritePin
                0x00000000080026ac        0xa ./Drivers/STM32F1xx_HAL_Driver/Src/stm32f1xx_hal_gpio.o
                0x00000000080026ac                HAL_GPIO_WritePin
 .text.HAL_GPIO_TogglePin
                0x00000000080026b6       0x12 ./Drivers/STM32F1xx_HAL_Driver/Src/stm32f1xx_hal_gpio.o
                0x00000000080026b6                HAL_GPIO_TogglePin
 .text.HAL_GPIO_EXTI_IRQHandler
                0x00000000080026c8       0x18 ./Drivers/STM32F1xx_HAL_Driver/Src/stm32f1xx_hal_gpio.o
                0x00000000080026c8                HAL_GPIO_EXTI_IRQHandler
 .text.I2C_IsAcknowledgeFailed
                0x00000000080026e0       0x32 ./Drivers/STM32F1xx_HAL_Driver/Src/stm32f1xx_hal_i2c.o
 .text.I2C_WaitOnFlagUntilTimeout
                0x0000000008002712       0x80 ./Drivers/STM32F1xx_HAL_Driver/Src/stm32f1xx_hal_i2c.o
 .text.I2C_WaitOnMasterAddressFlagUntilTimeout
                0x0000000008002792       0x84 ./Drivers/STM32F1xx_HAL_Driver/Src/stm32f1xx_hal_i2c.o
 .text.I2C_WaitOnTXEFlagUntilTimeout
                0x0000000008002816       0x54 ./Drivers/STM32F1xx_HAL_Driver/Src/stm32f1xx_hal_i2c.o
 .text.I2C_WaitOnBTFFlagUntilTimeout
                0x000000000800286a       0x54 ./Drivers/STM32F1xx_HAL_Driver/Src/stm32f1xx_hal_i2c.o
 *fill*         0x00000000080028be        0x2 
 .text.HAL_I2C_Init
                0x00000000080028c0      0x150 ./Drivers/STM32F1xx_HAL_Driver/Src/stm32f1xx_hal_i2c.o
                0x00000000080028c0                HAL_I2C_Init
 .text.HAL_I2C_Master_Transmit
                0x0000000008002a10      0x1b0 ./Drivers/STM32F1xx_HAL_Driver/Src/stm32f1xx_hal_i2c.o
                0x0000000008002a10                HAL_I2C_Master_Transmit
 .text.HAL_I2C_IsDeviceReady
                0x0000000008002bc0      0x160 ./Drivers/STM32F1xx_HAL_Driver/Src/stm32f1xx_hal_i2c.o
                0x0000000008002bc0                HAL_I2C_IsDeviceReady
 .text.HAL_RCC_OscConfig
                0x0000000008002d20      0x338 ./Drivers/STM32F1xx_HAL_Driver/Src/stm32f1xx_hal_rcc.o
                0x0000000008002d20                HAL_RCC_OscConfig
 .text.HAL_RCC_GetSysClockFreq
                0x0000000008003058       0x4c ./Drivers/STM32F1xx_HAL_Driver/Src/stm32f1xx_hal_rcc.o
                0x0000000008003058                HAL_RCC_GetSysClockFreq
 .text.HAL_RCC_ClockConfig
                0x00000000080030a4      0x138 ./Drivers/STM32F1xx_HAL_Driver/Src/stm32f1xx_hal_rcc.o
                0x00000000080030a4                HAL_RCC_ClockConfig
 .text.HAL_RCC_GetPCLK1Freq
                0x00000000080031dc       0x20 ./Drivers/STM32F1xx_HAL_Driver/Src/stm32f1xx_hal_rcc.o
                0x00000000080031dc                HAL_RCC_GetPCLK1Freq
 .text.HAL_RCCEx_PeriphCLKConfig
                0x00000000080031fc       0xf4 ./Drivers/STM32F1xx_HAL_Driver/Src/stm32f1xx_hal_rcc_ex.o
                0x00000000080031fc                HAL_RCCEx_PeriphCLKConfig
 .text.TIM_OC1_SetConfig
                0x00000000080032f0       0x50 ./Drivers/STM32F1xx_HAL_Driver/Src/stm32f1xx_hal_tim.o
 .text.TIM_OC3_SetConfig
                0x0000000008003340       0x54 ./Drivers/STM32F1xx_HAL_Driver/Src/stm32f1xx_hal_tim.o
 .text.TIM_OC4_SetConfig
                0x0000000008003394       0x44 ./Drivers/STM32F1xx_HAL_Driver/Src/stm32f1xx_hal_tim.o
 .text.HAL_TIM_Base_Start_IT
                0x00000000080033d8       0x54 ./Drivers/STM32F1xx_HAL_Driver/Src/stm32f1xx_hal_tim.o
                0x00000000080033d8                HAL_TIM_Base_Start_IT
 .text.HAL_TIM_PWM_MspInit
                0x000000000800342c        0x2 ./Drivers/STM32F1xx_HAL_Driver/Src/stm32f1xx_hal_tim.o
                0x000000000800342c                HAL_TIM_PWM_MspInit
 .text.HAL_TIM_OC_DelayElapsedCallback
                0x000000000800342e        0x2 ./Drivers/STM32F1xx_HAL_Driver/Src/stm32f1xx_hal_tim.o
                0x000000000800342e                HAL_TIM_OC_DelayElapsedCallback
 .text.HAL_TIM_IC_CaptureCallback
                0x0000000008003430        0x2 ./Drivers/STM32F1xx_HAL_Driver/Src/stm32f1xx_hal_tim.o
                0x0000000008003430                HAL_TIM_IC_CaptureCallback
 .text.HAL_TIM_PWM_PulseFinishedCallback
                0x0000000008003432        0x2 ./Drivers/STM32F1xx_HAL_Driver/Src/stm32f1xx_hal_tim.o
                0x0000000008003432                HAL_TIM_PWM_PulseFinishedCallback
 .text.HAL_TIM_TriggerCallback
                0x0000000008003434        0x2 ./Drivers/STM32F1xx_HAL_Driver/Src/stm32f1xx_hal_tim.o
                0x0000000008003434                HAL_TIM_TriggerCallback
 .text.HAL_TIM_IRQHandler
                0x0000000008003436      0x144 ./Drivers/STM32F1xx_HAL_Driver/Src/stm32f1xx_hal_tim.o
                0x0000000008003436                HAL_TIM_IRQHandler
 *fill*         0x000000000800357a        0x2 
 .text.TIM_Base_SetConfig
                0x000000000800357c       0x70 ./Drivers/STM32F1xx_HAL_Driver/Src/stm32f1xx_hal_tim.o
                0x000000000800357c                TIM_Base_SetConfig
 .text.HAL_TIM_Base_Init
                0x00000000080035ec       0x58 ./Drivers/STM32F1xx_HAL_Driver/Src/stm32f1xx_hal_tim.o
                0x00000000080035ec                HAL_TIM_Base_Init
 .text.HAL_TIM_PWM_Init
                0x0000000008003644       0x58 ./Drivers/STM32F1xx_HAL_Driver/Src/stm32f1xx_hal_tim.o
                0x0000000008003644                HAL_TIM_PWM_Init
 .text.TIM_OC2_SetConfig
                0x000000000800369c       0x58 ./Drivers/STM32F1xx_HAL_Driver/Src/stm32f1xx_hal_tim.o
                0x000000000800369c                TIM_OC2_SetConfig
 .text.HAL_TIM_PWM_ConfigChannel
                0x00000000080036f4       0xb2 ./Drivers/STM32F1xx_HAL_Driver/Src/stm32f1xx_hal_tim.o
                0x00000000080036f4                HAL_TIM_PWM_ConfigChannel
 .text.TIM_ETR_SetConfig
                0x00000000080037a6       0x14 ./Drivers/STM32F1xx_HAL_Driver/Src/stm32f1xx_hal_tim.o
                0x00000000080037a6                TIM_ETR_SetConfig
 .text.HAL_TIM_ConfigClockSource
                0x00000000080037ba      0x132 ./Drivers/STM32F1xx_HAL_Driver/Src/stm32f1xx_hal_tim.o
                0x00000000080037ba                HAL_TIM_ConfigClockSource
 .text.TIM_CCxChannelCmd
                0x00000000080038ec       0x1c ./Drivers/STM32F1xx_HAL_Driver/Src/stm32f1xx_hal_tim.o
                0x00000000080038ec                TIM_CCxChannelCmd
 .text.HAL_TIM_OC_Start
                0x0000000008003908       0xa0 ./Drivers/STM32F1xx_HAL_Driver/Src/stm32f1xx_hal_tim.o
                0x0000000008003908                HAL_TIM_OC_Start
 .text.HAL_TIM_PWM_Start
                0x00000000080039a8        0x4 ./Drivers/STM32F1xx_HAL_Driver/Src/stm32f1xx_hal_tim.o
                0x00000000080039a8                HAL_TIM_PWM_Start
 .text.HAL_TIM_OC_Stop
                0x00000000080039ac       0x74 ./Drivers/STM32F1xx_HAL_Driver/Src/stm32f1xx_hal_tim.o
                0x00000000080039ac                HAL_TIM_OC_Stop
 .text.HAL_TIM_PWM_Stop
                0x0000000008003a20        0x4 ./Drivers/STM32F1xx_HAL_Driver/Src/stm32f1xx_hal_tim.o
                0x0000000008003a20                HAL_TIM_PWM_Stop
 .text.HAL_TIMEx_MasterConfigSynchronization
                0x0000000008003a24       0x5c ./Drivers/STM32F1xx_HAL_Driver/Src/stm32f1xx_hal_tim_ex.o
                0x0000000008003a24                HAL_TIMEx_MasterConfigSynchronization
 .text.HAL_TIMEx_CommutCallback
                0x0000000008003a80        0x2 ./Drivers/STM32F1xx_HAL_Driver/Src/stm32f1xx_hal_tim_ex.o
                0x0000000008003a80                HAL_TIMEx_CommutCallback
 .text.HAL_TIMEx_BreakCallback
                0x0000000008003a82        0x2 ./Drivers/STM32F1xx_HAL_Driver/Src/stm32f1xx_hal_tim_ex.o
                0x0000000008003a82                HAL_TIMEx_BreakCallback
 .text.malloc   0x0000000008003a84       0x10 F:/Development/Programs/Programing/STM32/STM32IDE/STM32CubeIDE_1.12.1/STM32CubeIDE/plugins/com.st.stm32cube.ide.mcu.externaltools.gnu-tools-for-stm32.11.3.rel1.win32_1.1.100.202309141235/tools/bin/../lib/gcc/arm-none-eabi/11.3.1/../../../../arm-none-eabi/lib/thumb/v7-m/nofp\libc_nano.a(libc_a-malloc.o)
                0x0000000008003a84                malloc
 .text.sbrk_aligned
                0x0000000008003a94       0x40 F:/Development/Programs/Programing/STM32/STM32IDE/STM32CubeIDE_1.12.1/STM32CubeIDE/plugins/com.st.stm32cube.ide.mcu.externaltools.gnu-tools-for-stm32.11.3.rel1.win32_1.1.100.202309141235/tools/bin/../lib/gcc/arm-none-eabi/11.3.1/../../../../arm-none-eabi/lib/thumb/v7-m/nofp\libc_nano.a(libc_a-mallocr.o)
 .text._malloc_r
                0x0000000008003ad4      0x100 F:/Development/Programs/Programing/STM32/STM32IDE/STM32CubeIDE_1.12.1/STM32CubeIDE/plugins/com.st.stm32cube.ide.mcu.externaltools.gnu-tools-for-stm32.11.3.rel1.win32_1.1.100.202309141235/tools/bin/../lib/gcc/arm-none-eabi/11.3.1/../../../../arm-none-eabi/lib/thumb/v7-m/nofp\libc_nano.a(libc_a-mallocr.o)
                0x0000000008003ad4                _malloc_r
 .text.__malloc_lock
                0x0000000008003bd4        0xc F:/Development/Programs/Programing/STM32/STM32IDE/STM32CubeIDE_1.12.1/STM32CubeIDE/plugins/com.st.stm32cube.ide.mcu.externaltools.gnu-tools-for-stm32.11.3.rel1.win32_1.1.100.202309141235/tools/bin/../lib/gcc/arm-none-eabi/11.3.1/../../../../arm-none-eabi/lib/thumb/v7-m/nofp\libc_nano.a(libc_a-mlock.o)
                0x0000000008003bd4                __malloc_lock
 .text.__malloc_unlock
                0x0000000008003be0        0xc F:/Development/Programs/Programing/STM32/STM32IDE/STM32CubeIDE_1.12.1/STM32CubeIDE/plugins/com.st.stm32cube.ide.mcu.externaltools.gnu-tools-for-stm32.11.3.rel1.win32_1.1.100.202309141235/tools/bin/../lib/gcc/arm-none-eabi/11.3.1/../../../../arm-none-eabi/lib/thumb/v7-m/nofp\libc_nano.a(libc_a-mlock.o)
                0x0000000008003be0                __malloc_unlock
 .text.memset   0x0000000008003bec       0x10 F:/Development/Programs/Programing/STM32/STM32IDE/STM32CubeIDE_1.12.1/STM32CubeIDE/plugins/com.st.stm32cube.ide.mcu.externaltools.gnu-tools-for-stm32.11.3.rel1.win32_1.1.100.202309141235/tools/bin/../lib/gcc/arm-none-eabi/11.3.1/../../../../arm-none-eabi/lib/thumb/v7-m/nofp\libc_nano.a(libc_a-memset.o)
                0x0000000008003bec                memset
 .text._sbrk_r  0x0000000008003bfc       0x20 F:/Development/Programs/Programing/STM32/STM32IDE/STM32CubeIDE_1.12.1/STM32CubeIDE/plugins/com.st.stm32cube.ide.mcu.externaltools.gnu-tools-for-stm32.11.3.rel1.win32_1.1.100.202309141235/tools/bin/../lib/gcc/arm-none-eabi/11.3.1/../../../../arm-none-eabi/lib/thumb/v7-m/nofp\libc_nano.a(libc_a-sbrkr.o)
                0x0000000008003bfc                _sbrk_r
 .text.__errno  0x0000000008003c1c        0xc F:/Development/Programs/Programing/STM32/STM32IDE/STM32CubeIDE_1.12.1/STM32CubeIDE/plugins/com.st.stm32cube.ide.mcu.externaltools.gnu-tools-for-stm32.11.3.rel1.win32_1.1.100.202309141235/tools/bin/../lib/gcc/arm-none-eabi/11.3.1/../../../../arm-none-eabi/lib/thumb/v7-m/nofp\libc_nano.a(libc_a-errno.o)
                0x0000000008003c1c                __errno
 .text.__libc_init_array
                0x0000000008003c28       0x48 F:/Development/Programs/Programing/STM32/STM32IDE/STM32CubeIDE_1.12.1/STM32CubeIDE/plugins/com.st.stm32cube.ide.mcu.externaltools.gnu-tools-for-stm32.11.3.rel1.win32_1.1.100.202309141235/tools/bin/../lib/gcc/arm-none-eabi/11.3.1/../../../../arm-none-eabi/lib/thumb/v7-m/nofp\libc_nano.a(libc_a-init.o)
                0x0000000008003c28                __libc_init_array
 .text.__retarget_lock_acquire_recursive
                0x0000000008003c70        0x2 F:/Development/Programs/Programing/STM32/STM32IDE/STM32CubeIDE_1.12.1/STM32CubeIDE/plugins/com.st.stm32cube.ide.mcu.externaltools.gnu-tools-for-stm32.11.3.rel1.win32_1.1.100.202309141235/tools/bin/../lib/gcc/arm-none-eabi/11.3.1/../../../../arm-none-eabi/lib/thumb/v7-m/nofp\libc_nano.a(libc_a-lock.o)
                0x0000000008003c70                __retarget_lock_acquire_recursive
 .text.__retarget_lock_release_recursive
                0x0000000008003c72        0x2 F:/Development/Programs/Programing/STM32/STM32IDE/STM32CubeIDE_1.12.1/STM32CubeIDE/plugins/com.st.stm32cube.ide.mcu.externaltools.gnu-tools-for-stm32.11.3.rel1.win32_1.1.100.202309141235/tools/bin/../lib/gcc/arm-none-eabi/11.3.1/../../../../arm-none-eabi/lib/thumb/v7-m/nofp\libc_nano.a(libc_a-lock.o)
                0x0000000008003c72                __retarget_lock_release_recursive
 .text.strcpy   0x0000000008003c74       0x10 F:/Development/Programs/Programing/STM32/STM32IDE/STM32CubeIDE_1.12.1/STM32CubeIDE/plugins/com.st.stm32cube.ide.mcu.externaltools.gnu-tools-for-stm32.11.3.rel1.win32_1.1.100.202309141235/tools/bin/../lib/gcc/arm-none-eabi/11.3.1/../../../../arm-none-eabi/lib/thumb/v7-m/nofp\libc_nano.a(libc_a-strcpy.o)
                0x0000000008003c74                strcpy
 *(.glue_7)
 .glue_7        0x0000000008003c84        0x0 linker stubs
 *(.glue_7t)
 .glue_7t       0x0000000008003c84        0x0 linker stubs
 *(.eh_frame)
 .eh_frame      0x0000000008003c84        0x0 F:/Development/Programs/Programing/STM32/STM32IDE/STM32CubeIDE_1.12.1/STM32CubeIDE/plugins/com.st.stm32cube.ide.mcu.externaltools.gnu-tools-for-stm32.11.3.rel1.win32_1.1.100.202309141235/tools/bin/../lib/gcc/arm-none-eabi/11.3.1/thumb/v7-m/nofp/crtbegin.o
 *(.init)
 .init          0x0000000008003c84        0x4 F:/Development/Programs/Programing/STM32/STM32IDE/STM32CubeIDE_1.12.1/STM32CubeIDE/plugins/com.st.stm32cube.ide.mcu.externaltools.gnu-tools-for-stm32.11.3.rel1.win32_1.1.100.202309141235/tools/bin/../lib/gcc/arm-none-eabi/11.3.1/thumb/v7-m/nofp/crti.o
                0x0000000008003c84                _init
 .init          0x0000000008003c88        0x8 F:/Development/Programs/Programing/STM32/STM32IDE/STM32CubeIDE_1.12.1/STM32CubeIDE/plugins/com.st.stm32cube.ide.mcu.externaltools.gnu-tools-for-stm32.11.3.rel1.win32_1.1.100.202309141235/tools/bin/../lib/gcc/arm-none-eabi/11.3.1/thumb/v7-m/nofp/crtn.o
 *(.fini)
 .fini          0x0000000008003c90        0x4 F:/Development/Programs/Programing/STM32/STM32IDE/STM32CubeIDE_1.12.1/STM32CubeIDE/plugins/com.st.stm32cube.ide.mcu.externaltools.gnu-tools-for-stm32.11.3.rel1.win32_1.1.100.202309141235/tools/bin/../lib/gcc/arm-none-eabi/11.3.1/thumb/v7-m/nofp/crti.o
                0x0000000008003c90                _fini
 .fini          0x0000000008003c94        0x8 F:/Development/Programs/Programing/STM32/STM32IDE/STM32CubeIDE_1.12.1/STM32CubeIDE/plugins/com.st.stm32cube.ide.mcu.externaltools.gnu-tools-for-stm32.11.3.rel1.win32_1.1.100.202309141235/tools/bin/../lib/gcc/arm-none-eabi/11.3.1/thumb/v7-m/nofp/crtn.o
                0x0000000008003c9c                . = ALIGN (0x4)
                0x0000000008003c9c                _etext = .

.vfp11_veneer   0x0000000008003c9c        0x0
 .vfp11_veneer  0x0000000008003c9c        0x0 linker stubs

.v4_bx          0x0000000008003c9c        0x0
 .v4_bx         0x0000000008003c9c        0x0 linker stubs

.iplt           0x0000000008003c9c        0x0
 .iplt          0x0000000008003c9c        0x0 F:/Development/Programs/Programing/STM32/STM32IDE/STM32CubeIDE_1.12.1/STM32CubeIDE/plugins/com.st.stm32cube.ide.mcu.externaltools.gnu-tools-for-stm32.11.3.rel1.win32_1.1.100.202309141235/tools/bin/../lib/gcc/arm-none-eabi/11.3.1/thumb/v7-m/nofp/crtbegin.o

.rodata         0x0000000008003c9c       0x50
                0x0000000008003c9c                . = ALIGN (0x4)
 *(.rodata)
 *(.rodata*)
 .rodata.MENU_INI.str1.1
                0x0000000008003c9c       0x24 ./Core/Src/main.o
 .rodata.AHBPrescTable
                0x0000000008003cc0       0x10 ./Core/Src/system_stm32f1xx.o
                0x0000000008003cc0                AHBPrescTable
 .rodata.APBPrescTable
                0x0000000008003cd0        0x8 ./Core/Src/system_stm32f1xx.o
                0x0000000008003cd0                APBPrescTable
 .rodata.aPLLMULFactorTable.1
                0x0000000008003cd8       0x10 ./Drivers/STM32F1xx_HAL_Driver/Src/stm32f1xx_hal_rcc.o
 .rodata.aPredivFactorTable.0
                0x0000000008003ce8        0x2 ./Drivers/STM32F1xx_HAL_Driver/Src/stm32f1xx_hal_rcc.o
                0x0000000008003cec                . = ALIGN (0x4)
 *fill*         0x0000000008003cea        0x2 

.rel.dyn        0x0000000008003cec        0x0
 .rel.iplt      0x0000000008003cec        0x0 F:/Development/Programs/Programing/STM32/STM32IDE/STM32CubeIDE_1.12.1/STM32CubeIDE/plugins/com.st.stm32cube.ide.mcu.externaltools.gnu-tools-for-stm32.11.3.rel1.win32_1.1.100.202309141235/tools/bin/../lib/gcc/arm-none-eabi/11.3.1/thumb/v7-m/nofp/crtbegin.o

.ARM.extab      0x0000000008003cec        0x0
                0x0000000008003cec                . = ALIGN (0x4)
 *(.ARM.extab* .gnu.linkonce.armextab.*)
                0x0000000008003cec                . = ALIGN (0x4)

.ARM            0x0000000008003cec        0x0
                0x0000000008003cec                . = ALIGN (0x4)
                0x0000000008003cec                __exidx_start = .
 *(.ARM.exidx*)
                0x0000000008003cec                __exidx_end = .
                0x0000000008003cec                . = ALIGN (0x4)

.preinit_array  0x0000000008003cec        0x0
                0x0000000008003cec                . = ALIGN (0x4)
                0x0000000008003cec                PROVIDE (__preinit_array_start = .)
 *(.preinit_array*)
                0x0000000008003cec                PROVIDE (__preinit_array_end = .)
                0x0000000008003cec                . = ALIGN (0x4)

.init_array     0x0000000008003cec        0x4
                0x0000000008003cec                . = ALIGN (0x4)
                0x0000000008003cec                PROVIDE (__init_array_start = .)
 *(SORT_BY_NAME(.init_array.*))
 *(.init_array*)
 .init_array    0x0000000008003cec        0x4 F:/Development/Programs/Programing/STM32/STM32IDE/STM32CubeIDE_1.12.1/STM32CubeIDE/plugins/com.st.stm32cube.ide.mcu.externaltools.gnu-tools-for-stm32.11.3.rel1.win32_1.1.100.202309141235/tools/bin/../lib/gcc/arm-none-eabi/11.3.1/thumb/v7-m/nofp/crtbegin.o
                0x0000000008003cf0                PROVIDE (__init_array_end = .)
                0x0000000008003cf0                . = ALIGN (0x4)

.fini_array     0x0000000008003cf0        0x4
                0x0000000008003cf0                . = ALIGN (0x4)
                [!provide]                        PROVIDE (__fini_array_start = .)
 *(SORT_BY_NAME(.fini_array.*))
 *(.fini_array*)
 .fini_array    0x0000000008003cf0        0x4 F:/Development/Programs/Programing/STM32/STM32IDE/STM32CubeIDE_1.12.1/STM32CubeIDE/plugins/com.st.stm32cube.ide.mcu.externaltools.gnu-tools-for-stm32.11.3.rel1.win32_1.1.100.202309141235/tools/bin/../lib/gcc/arm-none-eabi/11.3.1/thumb/v7-m/nofp/crtbegin.o
                [!provide]                        PROVIDE (__fini_array_end = .)
                0x0000000008003cf4                . = ALIGN (0x4)
                0x0000000008003cf4                _sidata = LOADADDR (.data)

.data           0x0000000020000000      0x4d4 load address 0x0000000008003cf4
                0x0000000020000000                . = ALIGN (0x4)
                0x0000000020000000                _sdata = .
 *(.data)
 *(.data*)
 .data.CharMass
                0x0000000020000000      0x474 ./Core/Src/OLED.o
                0x0000000020000000                CharMass
 .data.prescaler.1
                0x0000000020000474        0x1 ./Core/Src/main.o
 *fill*         0x0000000020000475        0x3 
 .data.SystemCoreClock
                0x0000000020000478        0x4 ./Core/Src/system_stm32f1xx.o
                0x0000000020000478                SystemCoreClock
 .data.uwTickFreq
                0x000000002000047c        0x1 ./Drivers/STM32F1xx_HAL_Driver/Src/stm32f1xx_hal.o
                0x000000002000047c                uwTickFreq
 *fill*         0x000000002000047d        0x3 
 .data.uwTickPrio
                0x0000000020000480        0x4 ./Drivers/STM32F1xx_HAL_Driver/Src/stm32f1xx_hal.o
                0x0000000020000480                uwTickPrio
 .data._impure_data
                0x0000000020000484       0x4c F:/Development/Programs/Programing/STM32/STM32IDE/STM32CubeIDE_1.12.1/STM32CubeIDE/plugins/com.st.stm32cube.ide.mcu.externaltools.gnu-tools-for-stm32.11.3.rel1.win32_1.1.100.202309141235/tools/bin/../lib/gcc/arm-none-eabi/11.3.1/../../../../arm-none-eabi/lib/thumb/v7-m/nofp\libc_nano.a(libc_a-impure.o)
                0x0000000020000484                _impure_data
 .data._impure_ptr
                0x00000000200004d0        0x4 F:/Development/Programs/Programing/STM32/STM32IDE/STM32CubeIDE_1.12.1/STM32CubeIDE/plugins/com.st.stm32cube.ide.mcu.externaltools.gnu-tools-for-stm32.11.3.rel1.win32_1.1.100.202309141235/tools/bin/../lib/gcc/arm-none-eabi/11.3.1/../../../../arm-none-eabi/lib/thumb/v7-m/nofp\libc_nano.a(libc_a-impure.o)
                0x00000000200004d0                _impure_ptr
 *(.RamFunc)
 *(.RamFunc*)
                0x00000000200004d4                . = ALIGN (0x4)
                0x00000000200004d4                _edata = .

.igot.plt       0x00000000200004d4        0x0 load address 0x00000000080041c8
 .igot.plt      0x00000000200004d4        0x0 F:/Development/Programs/Programing/STM32/STM32IDE/STM32CubeIDE_1.12.1/STM32CubeIDE/plugins/com.st.stm32cube.ide.mcu.externaltools.gnu-tools-for-stm32.11.3.rel1.win32_1.1.100.202309141235/tools/bin/../lib/gcc/arm-none-eabi/11.3.1/thumb/v7-m/nofp/crtbegin.o
                0x00000000200004d4                . = ALIGN (0x4)

.bss            0x00000000200004d8      0x4c8 load address 0x00000000080041c8
                0x00000000200004d8                _sbss = .
                0x00000000200004d8                __bss_start__ = _sbss
 *(.bss)
 .bss           0x00000000200004d8       0x1c F:/Development/Programs/Programing/STM32/STM32IDE/STM32CubeIDE_1.12.1/STM32CubeIDE/plugins/com.st.stm32cube.ide.mcu.externaltools.gnu-tools-for-stm32.11.3.rel1.win32_1.1.100.202309141235/tools/bin/../lib/gcc/arm-none-eabi/11.3.1/thumb/v7-m/nofp/crtbegin.o
 *(.bss*)
 .bss.Bufer     0x00000000200004f4       0x81 ./Core/Src/OLED.o
                0x00000000200004f4                Bufer
 *fill*         0x0000000020000575        0x1 
 .bss.ADC_Data  0x0000000020000576       0x18 ./Core/Src/main.o
                0x0000000020000576                ADC_Data
 *fill*         0x000000002000058e        0x2 
 .bss.Button_Vector
                0x0000000020000590        0x8 ./Core/Src/main.o
                0x0000000020000590                Button_Vector
 .bss.Incoder_P1
                0x0000000020000598       0x2c ./Core/Src/main.o
                0x0000000020000598                Incoder_P1
 .bss.Incoder_P2
                0x00000000200005c4       0x2c ./Core/Src/main.o
                0x00000000200005c4                Incoder_P2
 .bss.MENU_List_Elemet_Vector
                0x00000000200005f0       0x14 ./Core/Src/main.o
                0x00000000200005f0                MENU_List_Elemet_Vector
 .bss.OLED1     0x0000000020000604        0x8 ./Core/Src/main.o
                0x0000000020000604                OLED1
 .bss.PID_Solid
                0x000000002000060c       0x24 ./Core/Src/main.o
                0x000000002000060c                PID_Solid
 .bss.Solid_Filter
                0x0000000020000630       0x10 ./Core/Src/main.o
                0x0000000020000630                Solid_Filter
 .bss.count     0x0000000020000640        0x1 ./Core/Src/main.o
                0x0000000020000640                count
 *fill*         0x0000000020000641        0x3 
 .bss.hadc1     0x0000000020000644       0x30 ./Core/Src/main.o
                0x0000000020000644                hadc1
 .bss.hdma_adc1
                0x0000000020000674       0x44 ./Core/Src/main.o
                0x0000000020000674                hdma_adc1
 .bss.hi2c1     0x00000000200006b8       0x54 ./Core/Src/main.o
                0x00000000200006b8                hi2c1
 .bss.htim1     0x000000002000070c       0x48 ./Core/Src/main.o
                0x000000002000070c                htim1
 .bss.htim2     0x0000000020000754       0x48 ./Core/Src/main.o
                0x0000000020000754                htim2
 .bss.htim3     0x000000002000079c       0x48 ./Core/Src/main.o
                0x000000002000079c                htim3
 .bss.htim4     0x00000000200007e4       0x48 ./Core/Src/main.o
                0x00000000200007e4                htim4
 .bss.soldir_p  0x000000002000082c        0x2 ./Core/Src/main.o
                0x000000002000082c                soldir_p
 *fill*         0x000000002000082e        0x2 
 .bss.__sbrk_heap_end
                0x0000000020000830        0x4 ./Core/Src/sysmem.o
 .bss.uwTick    0x0000000020000834        0x4 ./Drivers/STM32F1xx_HAL_Driver/Src/stm32f1xx_hal.o
                0x0000000020000834                uwTick
 .bss.pFlash    0x0000000020000838       0x20 ./Drivers/STM32F1xx_HAL_Driver/Src/stm32f1xx_hal_flash.o
                0x0000000020000838                pFlash
 .bss.__malloc_free_list
                0x0000000020000858        0x4 F:/Development/Programs/Programing/STM32/STM32IDE/STM32CubeIDE_1.12.1/STM32CubeIDE/plugins/com.st.stm32cube.ide.mcu.externaltools.gnu-tools-for-stm32.11.3.rel1.win32_1.1.100.202309141235/tools/bin/../lib/gcc/arm-none-eabi/11.3.1/../../../../arm-none-eabi/lib/thumb/v7-m/nofp\libc_nano.a(libc_a-mallocr.o)
                0x0000000020000858                __malloc_free_list
 .bss.__malloc_sbrk_start
                0x000000002000085c        0x4 F:/Development/Programs/Programing/STM32/STM32IDE/STM32CubeIDE_1.12.1/STM32CubeIDE/plugins/com.st.stm32cube.ide.mcu.externaltools.gnu-tools-for-stm32.11.3.rel1.win32_1.1.100.202309141235/tools/bin/../lib/gcc/arm-none-eabi/11.3.1/../../../../arm-none-eabi/lib/thumb/v7-m/nofp\libc_nano.a(libc_a-mallocr.o)
                0x000000002000085c                __malloc_sbrk_start
 .bss.__sf      0x0000000020000860      0x138 F:/Development/Programs/Programing/STM32/STM32IDE/STM32CubeIDE_1.12.1/STM32CubeIDE/plugins/com.st.stm32cube.ide.mcu.externaltools.gnu-tools-for-stm32.11.3.rel1.win32_1.1.100.202309141235/tools/bin/../lib/gcc/arm-none-eabi/11.3.1/../../../../arm-none-eabi/lib/thumb/v7-m/nofp\libc_nano.a(libc_a-findfp.o)
                0x0000000020000860                __sf
 .bss.errno     0x0000000020000998        0x4 F:/Development/Programs/Programing/STM32/STM32IDE/STM32CubeIDE_1.12.1/STM32CubeIDE/plugins/com.st.stm32cube.ide.mcu.externaltools.gnu-tools-for-stm32.11.3.rel1.win32_1.1.100.202309141235/tools/bin/../lib/gcc/arm-none-eabi/11.3.1/../../../../arm-none-eabi/lib/thumb/v7-m/nofp\libc_nano.a(libc_a-reent.o)
                0x0000000020000998                errno
 .bss.__lock___malloc_recursive_mutex
                0x000000002000099c        0x1 F:/Development/Programs/Programing/STM32/STM32IDE/STM32CubeIDE_1.12.1/STM32CubeIDE/plugins/com.st.stm32cube.ide.mcu.externaltools.gnu-tools-for-stm32.11.3.rel1.win32_1.1.100.202309141235/tools/bin/../lib/gcc/arm-none-eabi/11.3.1/../../../../arm-none-eabi/lib/thumb/v7-m/nofp\libc_nano.a(libc_a-lock.o)
                0x000000002000099c                __lock___malloc_recursive_mutex
 *(COMMON)
                0x00000000200009a0                . = ALIGN (0x4)
 *fill*         0x000000002000099d        0x3 
                0x00000000200009a0                _ebss = .
                0x00000000200009a0                __bss_end__ = _ebss

._user_heap_stack
                0x00000000200009a0      0x600 load address 0x00000000080041c8
                0x00000000200009a0                . = ALIGN (0x8)
                [!provide]                        PROVIDE (end = .)
                0x00000000200009a0                PROVIDE (_end = .)
                0x0000000020000ba0                . = (. + _Min_Heap_Size)
 *fill*         0x00000000200009a0      0x200 
                0x0000000020000fa0                . = (. + _Min_Stack_Size)
 *fill*         0x0000000020000ba0      0x400 
                0x0000000020000fa0                . = ALIGN (0x8)

/DISCARD/
 libc.a(*)
 libm.a(*)
 libgcc.a(*)

.ARM.attributes
                0x0000000000000000       0x29
 *(.ARM.attributes)
 .ARM.attributes
                0x0000000000000000       0x1d F:/Development/Programs/Programing/STM32/STM32IDE/STM32CubeIDE_1.12.1/STM32CubeIDE/plugins/com.st.stm32cube.ide.mcu.externaltools.gnu-tools-for-stm32.11.3.rel1.win32_1.1.100.202309141235/tools/bin/../lib/gcc/arm-none-eabi/11.3.1/thumb/v7-m/nofp/crti.o
 .ARM.attributes
                0x000000000000001d       0x2d F:/Development/Programs/Programing/STM32/STM32IDE/STM32CubeIDE_1.12.1/STM32CubeIDE/plugins/com.st.stm32cube.ide.mcu.externaltools.gnu-tools-for-stm32.11.3.rel1.win32_1.1.100.202309141235/tools/bin/../lib/gcc/arm-none-eabi/11.3.1/thumb/v7-m/nofp/crtbegin.o
 .ARM.attributes
                0x000000000000004a       0x2d ./Core/Src/Button.o
 .ARM.attributes
                0x0000000000000077       0x2d ./Core/Src/Filter.o
 .ARM.attributes
                0x00000000000000a4       0x2d ./Core/Src/Menu.o
 .ARM.attributes
                0x00000000000000d1       0x2d ./Core/Src/OLED.o
 .ARM.attributes
                0x00000000000000fe       0x2d ./Core/Src/PID.o
 .ARM.attributes
                0x000000000000012b       0x2d ./Core/Src/main.o
 .ARM.attributes
                0x0000000000000158       0x2d ./Core/Src/stm32f1xx_hal_msp.o
 .ARM.attributes
                0x0000000000000185       0x2d ./Core/Src/stm32f1xx_it.o
 .ARM.attributes
                0x00000000000001b2       0x2d ./Core/Src/sysmem.o
 .ARM.attributes
                0x00000000000001df       0x2d ./Core/Src/system_stm32f1xx.o
 .ARM.attributes
                0x000000000000020c       0x21 ./Core/Startup/startup_stm32f103c8tx.o
 .ARM.attributes
                0x000000000000022d       0x2d ./Drivers/STM32F1xx_HAL_Driver/Src/stm32f1xx_hal.o
 .ARM.attributes
                0x000000000000025a       0x2d ./Drivers/STM32F1xx_HAL_Driver/Src/stm32f1xx_hal_adc.o
 .ARM.attributes
                0x0000000000000287       0x2d ./Drivers/STM32F1xx_HAL_Driver/Src/stm32f1xx_hal_adc_ex.o
 .ARM.attributes
                0x00000000000002b4       0x2d ./Drivers/STM32F1xx_HAL_Driver/Src/stm32f1xx_hal_cortex.o
 .ARM.attributes
                0x00000000000002e1       0x2d ./Drivers/STM32F1xx_HAL_Driver/Src/stm32f1xx_hal_dma.o
 .ARM.attributes
                0x000000000000030e       0x2d ./Drivers/STM32F1xx_HAL_Driver/Src/stm32f1xx_hal_flash.o
 .ARM.attributes
                0x000000000000033b       0x2d ./Drivers/STM32F1xx_HAL_Driver/Src/stm32f1xx_hal_flash_ex.o
 .ARM.attributes
                0x0000000000000368       0x2d ./Drivers/STM32F1xx_HAL_Driver/Src/stm32f1xx_hal_gpio.o
 .ARM.attributes
                0x0000000000000395       0x2d ./Drivers/STM32F1xx_HAL_Driver/Src/stm32f1xx_hal_i2c.o
 .ARM.attributes
                0x00000000000003c2       0x2d ./Drivers/STM32F1xx_HAL_Driver/Src/stm32f1xx_hal_rcc.o
 .ARM.attributes
                0x00000000000003ef       0x2d ./Drivers/STM32F1xx_HAL_Driver/Src/stm32f1xx_hal_rcc_ex.o
 .ARM.attributes
                0x000000000000041c       0x2d ./Drivers/STM32F1xx_HAL_Driver/Src/stm32f1xx_hal_tim.o
 .ARM.attributes
                0x0000000000000449       0x2d ./Drivers/STM32F1xx_HAL_Driver/Src/stm32f1xx_hal_tim_ex.o
 .ARM.attributes
                0x0000000000000476       0x2d F:/Development/Programs/Programing/STM32/STM32IDE/STM32CubeIDE_1.12.1/STM32CubeIDE/plugins/com.st.stm32cube.ide.mcu.externaltools.gnu-tools-for-stm32.11.3.rel1.win32_1.1.100.202309141235/tools/bin/../lib/gcc/arm-none-eabi/11.3.1/../../../../arm-none-eabi/lib/thumb/v7-m/nofp\libc_nano.a(libc_a-malloc.o)
 .ARM.attributes
                0x00000000000004a3       0x2d F:/Development/Programs/Programing/STM32/STM32IDE/STM32CubeIDE_1.12.1/STM32CubeIDE/plugins/com.st.stm32cube.ide.mcu.externaltools.gnu-tools-for-stm32.11.3.rel1.win32_1.1.100.202309141235/tools/bin/../lib/gcc/arm-none-eabi/11.3.1/../../../../arm-none-eabi/lib/thumb/v7-m/nofp\libc_nano.a(libc_a-mallocr.o)
 .ARM.attributes
                0x00000000000004d0       0x2d F:/Development/Programs/Programing/STM32/STM32IDE/STM32CubeIDE_1.12.1/STM32CubeIDE/plugins/com.st.stm32cube.ide.mcu.externaltools.gnu-tools-for-stm32.11.3.rel1.win32_1.1.100.202309141235/tools/bin/../lib/gcc/arm-none-eabi/11.3.1/../../../../arm-none-eabi/lib/thumb/v7-m/nofp\libc_nano.a(libc_a-mlock.o)
 .ARM.attributes
                0x00000000000004fd       0x2d F:/Development/Programs/Programing/STM32/STM32IDE/STM32CubeIDE_1.12.1/STM32CubeIDE/plugins/com.st.stm32cube.ide.mcu.externaltools.gnu-tools-for-stm32.11.3.rel1.win32_1.1.100.202309141235/tools/bin/../lib/gcc/arm-none-eabi/11.3.1/../../../../arm-none-eabi/lib/thumb/v7-m/nofp\libc_nano.a(libc_a-findfp.o)
 .ARM.attributes
                0x000000000000052a       0x2d F:/Development/Programs/Programing/STM32/STM32IDE/STM32CubeIDE_1.12.1/STM32CubeIDE/plugins/com.st.stm32cube.ide.mcu.externaltools.gnu-tools-for-stm32.11.3.rel1.win32_1.1.100.202309141235/tools/bin/../lib/gcc/arm-none-eabi/11.3.1/../../../../arm-none-eabi/lib/thumb/v7-m/nofp\libc_nano.a(libc_a-memset.o)
 .ARM.attributes
                0x0000000000000557       0x2d F:/Development/Programs/Programing/STM32/STM32IDE/STM32CubeIDE_1.12.1/STM32CubeIDE/plugins/com.st.stm32cube.ide.mcu.externaltools.gnu-tools-for-stm32.11.3.rel1.win32_1.1.100.202309141235/tools/bin/../lib/gcc/arm-none-eabi/11.3.1/../../../../arm-none-eabi/lib/thumb/v7-m/nofp\libc_nano.a(libc_a-reent.o)
 .ARM.attributes
                0x0000000000000584       0x2d F:/Development/Programs/Programing/STM32/STM32IDE/STM32CubeIDE_1.12.1/STM32CubeIDE/plugins/com.st.stm32cube.ide.mcu.externaltools.gnu-tools-for-stm32.11.3.rel1.win32_1.1.100.202309141235/tools/bin/../lib/gcc/arm-none-eabi/11.3.1/../../../../arm-none-eabi/lib/thumb/v7-m/nofp\libc_nano.a(libc_a-impure.o)
 .ARM.attributes
                0x00000000000005b1       0x2d F:/Development/Programs/Programing/STM32/STM32IDE/STM32CubeIDE_1.12.1/STM32CubeIDE/plugins/com.st.stm32cube.ide.mcu.externaltools.gnu-tools-for-stm32.11.3.rel1.win32_1.1.100.202309141235/tools/bin/../lib/gcc/arm-none-eabi/11.3.1/../../../../arm-none-eabi/lib/thumb/v7-m/nofp\libc_nano.a(libc_a-sbrkr.o)
 .ARM.attributes
                0x00000000000005de       0x2d F:/Development/Programs/Programing/STM32/STM32IDE/STM32CubeIDE_1.12.1/STM32CubeIDE/plugins/com.st.stm32cube.ide.mcu.externaltools.gnu-tools-for-stm32.11.3.rel1.win32_1.1.100.202309141235/tools/bin/../lib/gcc/arm-none-eabi/11.3.1/../../../../arm-none-eabi/lib/thumb/v7-m/nofp\libc_nano.a(libc_a-errno.o)
 .ARM.attributes
                0x000000000000060b       0x2d F:/Development/Programs/Programing/STM32/STM32IDE/STM32CubeIDE_1.12.1/STM32CubeIDE/plugins/com.st.stm32cube.ide.mcu.externaltools.gnu-tools-for-stm32.11.3.rel1.win32_1.1.100.202309141235/tools/bin/../lib/gcc/arm-none-eabi/11.3.1/../../../../arm-none-eabi/lib/thumb/v7-m/nofp\libc_nano.a(libc_a-init.o)
 .ARM.attributes
                0x0000000000000638       0x2d F:/Development/Programs/Programing/STM32/STM32IDE/STM32CubeIDE_1.12.1/STM32CubeIDE/plugins/com.st.stm32cube.ide.mcu.externaltools.gnu-tools-for-stm32.11.3.rel1.win32_1.1.100.202309141235/tools/bin/../lib/gcc/arm-none-eabi/11.3.1/../../../../arm-none-eabi/lib/thumb/v7-m/nofp\libc_nano.a(libc_a-lock.o)
 .ARM.attributes
                0x0000000000000665       0x2d F:/Development/Programs/Programing/STM32/STM32IDE/STM32CubeIDE_1.12.1/STM32CubeIDE/plugins/com.st.stm32cube.ide.mcu.externaltools.gnu-tools-for-stm32.11.3.rel1.win32_1.1.100.202309141235/tools/bin/../lib/gcc/arm-none-eabi/11.3.1/../../../../arm-none-eabi/lib/thumb/v7-m/nofp\libc_nano.a(libc_a-strcpy.o)
 .ARM.attributes
                0x0000000000000692       0x17 F:/Development/Programs/Programing/STM32/STM32IDE/STM32CubeIDE_1.12.1/STM32CubeIDE/plugins/com.st.stm32cube.ide.mcu.externaltools.gnu-tools-for-stm32.11.3.rel1.win32_1.1.100.202309141235/tools/bin/../lib/gcc/arm-none-eabi/11.3.1/../../../../arm-none-eabi/lib/thumb/v7-m/nofp\libc_nano.a(libc_a-strlen.o)
 .ARM.attributes
                0x00000000000006a9       0x1d F:/Development/Programs/Programing/STM32/STM32IDE/STM32CubeIDE_1.12.1/STM32CubeIDE/plugins/com.st.stm32cube.ide.mcu.externaltools.gnu-tools-for-stm32.11.3.rel1.win32_1.1.100.202309141235/tools/bin/../lib/gcc/arm-none-eabi/11.3.1/thumb/v7-m/nofp\libgcc.a(_arm_addsubsf3.o)
 .ARM.attributes
                0x00000000000006c6       0x1d F:/Development/Programs/Programing/STM32/STM32IDE/STM32CubeIDE_1.12.1/STM32CubeIDE/plugins/com.st.stm32cube.ide.mcu.externaltools.gnu-tools-for-stm32.11.3.rel1.win32_1.1.100.202309141235/tools/bin/../lib/gcc/arm-none-eabi/11.3.1/thumb/v7-m/nofp\libgcc.a(_arm_muldivsf3.o)
 .ARM.attributes
                0x00000000000006e3       0x1d F:/Development/Programs/Programing/STM32/STM32IDE/STM32CubeIDE_1.12.1/STM32CubeIDE/plugins/com.st.stm32cube.ide.mcu.externaltools.gnu-tools-for-stm32.11.3.rel1.win32_1.1.100.202309141235/tools/bin/../lib/gcc/arm-none-eabi/11.3.1/thumb/v7-m/nofp\libgcc.a(_arm_cmpsf2.o)
 .ARM.attributes
                0x0000000000000700       0x1d F:/Development/Programs/Programing/STM32/STM32IDE/STM32CubeIDE_1.12.1/STM32CubeIDE/plugins/com.st.stm32cube.ide.mcu.externaltools.gnu-tools-for-stm32.11.3.rel1.win32_1.1.100.202309141235/tools/bin/../lib/gcc/arm-none-eabi/11.3.1/thumb/v7-m/nofp\libgcc.a(_arm_fixunssfsi.o)
 .ARM.attributes
                0x000000000000071d       0x1d F:/Development/Programs/Programing/STM32/STM32IDE/STM32CubeIDE_1.12.1/STM32CubeIDE/plugins/com.st.stm32cube.ide.mcu.externaltools.gnu-tools-for-stm32.11.3.rel1.win32_1.1.100.202309141235/tools/bin/../lib/gcc/arm-none-eabi/11.3.1/thumb/v7-m/nofp/crtn.o
OUTPUT(Station.elf elf32-littlearm)
LOAD linker stubs
LOAD F:/Development/Programs/Programing/STM32/STM32IDE/STM32CubeIDE_1.12.1/STM32CubeIDE/plugins/com.st.stm32cube.ide.mcu.externaltools.gnu-tools-for-stm32.11.3.rel1.win32_1.1.100.202309141235/tools/bin/../lib/gcc/arm-none-eabi/11.3.1/../../../../arm-none-eabi/lib/thumb/v7-m/nofp\libc.a
LOAD F:/Development/Programs/Programing/STM32/STM32IDE/STM32CubeIDE_1.12.1/STM32CubeIDE/plugins/com.st.stm32cube.ide.mcu.externaltools.gnu-tools-for-stm32.11.3.rel1.win32_1.1.100.202309141235/tools/bin/../lib/gcc/arm-none-eabi/11.3.1/../../../../arm-none-eabi/lib/thumb/v7-m/nofp\libm.a
LOAD F:/Development/Programs/Programing/STM32/STM32IDE/STM32CubeIDE_1.12.1/STM32CubeIDE/plugins/com.st.stm32cube.ide.mcu.externaltools.gnu-tools-for-stm32.11.3.rel1.win32_1.1.100.202309141235/tools/bin/../lib/gcc/arm-none-eabi/11.3.1/thumb/v7-m/nofp\libgcc.a

.comment        0x0000000000000000       0x43
 .comment       0x0000000000000000       0x43 F:/Development/Programs/Programing/STM32/STM32IDE/STM32CubeIDE_1.12.1/STM32CubeIDE/plugins/com.st.stm32cube.ide.mcu.externaltools.gnu-tools-for-stm32.11.3.rel1.win32_1.1.100.202309141235/tools/bin/../lib/gcc/arm-none-eabi/11.3.1/thumb/v7-m/nofp/crtbegin.o
                                         0x44 (size before relaxing)
 .comment       0x0000000000000043       0x44 ./Core/Src/Button.o
 .comment       0x0000000000000043       0x44 ./Core/Src/Filter.o
 .comment       0x0000000000000043       0x44 ./Core/Src/Menu.o
 .comment       0x0000000000000043       0x44 ./Core/Src/OLED.o
 .comment       0x0000000000000043       0x44 ./Core/Src/PID.o
 .comment       0x0000000000000043       0x44 ./Core/Src/main.o
 .comment       0x0000000000000043       0x44 ./Core/Src/stm32f1xx_hal_msp.o
 .comment       0x0000000000000043       0x44 ./Core/Src/stm32f1xx_it.o
 .comment       0x0000000000000043       0x44 ./Core/Src/sysmem.o
 .comment       0x0000000000000043       0x44 ./Core/Src/system_stm32f1xx.o
 .comment       0x0000000000000043       0x44 ./Drivers/STM32F1xx_HAL_Driver/Src/stm32f1xx_hal.o
 .comment       0x0000000000000043       0x44 ./Drivers/STM32F1xx_HAL_Driver/Src/stm32f1xx_hal_adc.o
 .comment       0x0000000000000043       0x44 ./Drivers/STM32F1xx_HAL_Driver/Src/stm32f1xx_hal_adc_ex.o
 .comment       0x0000000000000043       0x44 ./Drivers/STM32F1xx_HAL_Driver/Src/stm32f1xx_hal_cortex.o
 .comment       0x0000000000000043       0x44 ./Drivers/STM32F1xx_HAL_Driver/Src/stm32f1xx_hal_dma.o
 .comment       0x0000000000000043       0x44 ./Drivers/STM32F1xx_HAL_Driver/Src/stm32f1xx_hal_flash.o
 .comment       0x0000000000000043       0x44 ./Drivers/STM32F1xx_HAL_Driver/Src/stm32f1xx_hal_flash_ex.o
 .comment       0x0000000000000043       0x44 ./Drivers/STM32F1xx_HAL_Driver/Src/stm32f1xx_hal_gpio.o
 .comment       0x0000000000000043       0x44 ./Drivers/STM32F1xx_HAL_Driver/Src/stm32f1xx_hal_i2c.o
 .comment       0x0000000000000043       0x44 ./Drivers/STM32F1xx_HAL_Driver/Src/stm32f1xx_hal_rcc.o
 .comment       0x0000000000000043       0x44 ./Drivers/STM32F1xx_HAL_Driver/Src/stm32f1xx_hal_rcc_ex.o
 .comment       0x0000000000000043       0x44 ./Drivers/STM32F1xx_HAL_Driver/Src/stm32f1xx_hal_tim.o
 .comment       0x0000000000000043       0x44 ./Drivers/STM32F1xx_HAL_Driver/Src/stm32f1xx_hal_tim_ex.o

.debug_frame    0x0000000000000000      0x504
 .debug_frame   0x0000000000000000       0x30 F:/Development/Programs/Programing/STM32/STM32IDE/STM32CubeIDE_1.12.1/STM32CubeIDE/plugins/com.st.stm32cube.ide.mcu.externaltools.gnu-tools-for-stm32.11.3.rel1.win32_1.1.100.202309141235/tools/bin/../lib/gcc/arm-none-eabi/11.3.1/../../../../arm-none-eabi/lib/thumb/v7-m/nofp\libc_nano.a(libc_a-malloc.o)
 .debug_frame   0x0000000000000030       0x50 F:/Development/Programs/Programing/STM32/STM32IDE/STM32CubeIDE_1.12.1/STM32CubeIDE/plugins/com.st.stm32cube.ide.mcu.externaltools.gnu-tools-for-stm32.11.3.rel1.win32_1.1.100.202309141235/tools/bin/../lib/gcc/arm-none-eabi/11.3.1/../../../../arm-none-eabi/lib/thumb/v7-m/nofp\libc_nano.a(libc_a-mallocr.o)
 .debug_frame   0x0000000000000080       0x30 F:/Development/Programs/Programing/STM32/STM32IDE/STM32CubeIDE_1.12.1/STM32CubeIDE/plugins/com.st.stm32cube.ide.mcu.externaltools.gnu-tools-for-stm32.11.3.rel1.win32_1.1.100.202309141235/tools/bin/../lib/gcc/arm-none-eabi/11.3.1/../../../../arm-none-eabi/lib/thumb/v7-m/nofp\libc_nano.a(libc_a-mlock.o)
 .debug_frame   0x00000000000000b0      0x144 F:/Development/Programs/Programing/STM32/STM32IDE/STM32CubeIDE_1.12.1/STM32CubeIDE/plugins/com.st.stm32cube.ide.mcu.externaltools.gnu-tools-for-stm32.11.3.rel1.win32_1.1.100.202309141235/tools/bin/../lib/gcc/arm-none-eabi/11.3.1/../../../../arm-none-eabi/lib/thumb/v7-m/nofp\libc_nano.a(libc_a-findfp.o)
 .debug_frame   0x00000000000001f4       0x20 F:/Development/Programs/Programing/STM32/STM32IDE/STM32CubeIDE_1.12.1/STM32CubeIDE/plugins/com.st.stm32cube.ide.mcu.externaltools.gnu-tools-for-stm32.11.3.rel1.win32_1.1.100.202309141235/tools/bin/../lib/gcc/arm-none-eabi/11.3.1/../../../../arm-none-eabi/lib/thumb/v7-m/nofp\libc_nano.a(libc_a-memset.o)
 .debug_frame   0x0000000000000214       0x38 F:/Development/Programs/Programing/STM32/STM32IDE/STM32CubeIDE_1.12.1/STM32CubeIDE/plugins/com.st.stm32cube.ide.mcu.externaltools.gnu-tools-for-stm32.11.3.rel1.win32_1.1.100.202309141235/tools/bin/../lib/gcc/arm-none-eabi/11.3.1/../../../../arm-none-eabi/lib/thumb/v7-m/nofp\libc_nano.a(libc_a-reent.o)
 .debug_frame   0x000000000000024c       0x2c F:/Development/Programs/Programing/STM32/STM32IDE/STM32CubeIDE_1.12.1/STM32CubeIDE/plugins/com.st.stm32cube.ide.mcu.externaltools.gnu-tools-for-stm32.11.3.rel1.win32_1.1.100.202309141235/tools/bin/../lib/gcc/arm-none-eabi/11.3.1/../../../../arm-none-eabi/lib/thumb/v7-m/nofp\libc_nano.a(libc_a-sbrkr.o)
 .debug_frame   0x0000000000000278       0x20 F:/Development/Programs/Programing/STM32/STM32IDE/STM32CubeIDE_1.12.1/STM32CubeIDE/plugins/com.st.stm32cube.ide.mcu.externaltools.gnu-tools-for-stm32.11.3.rel1.win32_1.1.100.202309141235/tools/bin/../lib/gcc/arm-none-eabi/11.3.1/../../../../arm-none-eabi/lib/thumb/v7-m/nofp\libc_nano.a(libc_a-errno.o)
 .debug_frame   0x0000000000000298       0x2c F:/Development/Programs/Programing/STM32/STM32IDE/STM32CubeIDE_1.12.1/STM32CubeIDE/plugins/com.st.stm32cube.ide.mcu.externaltools.gnu-tools-for-stm32.11.3.rel1.win32_1.1.100.202309141235/tools/bin/../lib/gcc/arm-none-eabi/11.3.1/../../../../arm-none-eabi/lib/thumb/v7-m/nofp\libc_nano.a(libc_a-init.o)
 .debug_frame   0x00000000000002c4       0xb0 F:/Development/Programs/Programing/STM32/STM32IDE/STM32CubeIDE_1.12.1/STM32CubeIDE/plugins/com.st.stm32cube.ide.mcu.externaltools.gnu-tools-for-stm32.11.3.rel1.win32_1.1.100.202309141235/tools/bin/../lib/gcc/arm-none-eabi/11.3.1/../../../../arm-none-eabi/lib/thumb/v7-m/nofp\libc_nano.a(libc_a-lock.o)
 .debug_frame   0x0000000000000374       0x20 F:/Development/Programs/Programing/STM32/STM32IDE/STM32CubeIDE_1.12.1/STM32CubeIDE/plugins/com.st.stm32cube.ide.mcu.externaltools.gnu-tools-for-stm32.11.3.rel1.win32_1.1.100.202309141235/tools/bin/../lib/gcc/arm-none-eabi/11.3.1/../../../../arm-none-eabi/lib/thumb/v7-m/nofp\libc_nano.a(libc_a-strcpy.o)
 .debug_frame   0x0000000000000394       0x4c F:/Development/Programs/Programing/STM32/STM32IDE/STM32CubeIDE_1.12.1/STM32CubeIDE/plugins/com.st.stm32cube.ide.mcu.externaltools.gnu-tools-for-stm32.11.3.rel1.win32_1.1.100.202309141235/tools/bin/../lib/gcc/arm-none-eabi/11.3.1/thumb/v7-m/nofp\libgcc.a(_arm_addsubsf3.o)
 .debug_frame   0x00000000000003e0       0x38 F:/Development/Programs/Programing/STM32/STM32IDE/STM32CubeIDE_1.12.1/STM32CubeIDE/plugins/com.st.stm32cube.ide.mcu.externaltools.gnu-tools-for-stm32.11.3.rel1.win32_1.1.100.202309141235/tools/bin/../lib/gcc/arm-none-eabi/11.3.1/thumb/v7-m/nofp\libgcc.a(_arm_muldivsf3.o)
 .debug_frame   0x0000000000000418       0xc8 F:/Development/Programs/Programing/STM32/STM32IDE/STM32CubeIDE_1.12.1/STM32CubeIDE/plugins/com.st.stm32cube.ide.mcu.externaltools.gnu-tools-for-stm32.11.3.rel1.win32_1.1.100.202309141235/tools/bin/../lib/gcc/arm-none-eabi/11.3.1/thumb/v7-m/nofp\libgcc.a(_arm_cmpsf2.o)
 .debug_frame   0x00000000000004e0       0x24 F:/Development/Programs/Programing/STM32/STM32IDE/STM32CubeIDE_1.12.1/STM32CubeIDE/plugins/com.st.stm32cube.ide.mcu.externaltools.gnu-tools-for-stm32.11.3.rel1.win32_1.1.100.202309141235/tools/bin/../lib/gcc/arm-none-eabi/11.3.1/thumb/v7-m/nofp\libgcc.a(_arm_fixunssfsi.o)
