../Core/Src/Button.c:9:6:Encoder_Handler	16	static
../Core/Src/Button.c:38:6:Button_Handler	16	static
../Core/Src/Button.c:42:6:Rotary_Switch_Handler	16	static
../Core/Src/Button.c:51:6:Rotary_Switch_EXTI	16	static
../Core/Src/Button.c:61:6:Button_EXTI	16	static
../Core/Src/Button.c:72:6:Encoder_EXTI	16	static
../Core/Src/Button.c:80:6:Button_MODE_it	16	static
../Core/Src/Button.c:133:6:Button_it	24	static
../Core/Src/Button.c:151:6:Encoder_it	16	static
../Core/Src/Button.c:158:6:Button_ini	16	static
../Core/Src/Button.c:172:6:Button_Vector_Create	40	static
../Core/Src/Button.c:193:6:Button_Vector_EXTI	24	static
../Core/Src/Button.c:205:6:Button_Vector_it	24	static
../Core/Src/Button.c:216:15:Button_Get_Pin_State	16	static
../Core/Src/Button.c:224:10:Button_Get_Event_State	16	static
../Core/Src/Button.c:231:6:Encoder_Reset_Rotary_Switch_Buffer	16	static
../Core/Src/Button.c:238:5:Encoder_Get_Rotary_Switch_Buffer	16	static
../Core/Src/Button.c:246:6:Encoder_Reset_Button_State	16	static
../Core/Src/Button.c:250:27:Encoder_Get_Button_State	16	static
../Core/Src/Button.c:254:6:Rotary_Switch_ini	16	static
../Core/Src/Button.c:258:6:Encoder_ini	16	static
