../Core/Src/Button.c:9:6:Incoder_Handler	16	static
../Core/Src/Button.c:34:6:Rotary_Switch_Handler	16	static
../Core/Src/Button.c:40:6:Rotary_Switch_EXTI	16	static
../Core/Src/Button.c:47:6:Button_EXTI	16	static
../Core/Src/Button.c:55:6:Incoder_EXTI	16	static
../Core/Src/Button.c:60:6:Button_MODE_it	24	static
../Core/Src/Button.c:110:6:Button_it	16	static
../Core/Src/Button.c:122:6:Incoder_it	16	static
../Core/Src/Button.c:126:6:Button_ini	16	static
../Core/Src/Button.c:137:6:Button_Vector_Create	40	static
../Core/Src/Button.c:155:6:Button_Vector_EXTI	24	static
../Core/Src/Button.c:163:6:Button_Vector_it	24	static
../Core/Src/Button.c:171:15:Button_Get_Pin_State	16	static
../Core/Src/Button.c:175:6:Incoder_Reset_Rotary_Switch_Buffer	16	static
../Core/Src/Button.c:179:5:Incoder_Get_Rotary_Switch_Buffer	16	static
../Core/Src/Button.c:183:6:Incoder_Reset_Button_State	16	static
../Core/Src/Button.c:187:27:Incoder_Get_Button_State	16	static
../Core/Src/Button.c:191:6:Rotary_Switch_ini	16	static
../Core/Src/Button.c:195:6:Incoder_ini	16	static
