../Core/Src/main.c:90:6:PAC_ON_Callback	16	static
../Core/Src/main.c:98:6:HAL_ADC_ConvCpltCallback	16	static
../Core/Src/main.c:107:6:HAL_GPIO_EXTI_Callback	16	static
../Core/Src/main.c:116:6:HAL_TIM_PeriodElapsedCallback	16	static
../Core/Src/main.c:142:6:BUTTON_INI	32	static
../Core/Src/main.c:207:6:Encoder_INI	8	static
../Core/Src/main.c:243:6:MENU_INI	32	static
../Core/Src/main.c:383:6:OLED_INI	8	static
../Core/Src/main.c:389:6:Soldering_Iron_INI	16	static
../Core/Src/main.c:436:6:PAC_INI	8	static
../Core/Src/main.c:443:6:Soldering_Heat_Gun_INI	32	static
../Core/Src/main.c:494:6:Soldering_Separator_INI	32	static
../Core/Src/main.c:541:5:main	16	static
../Core/Src/main.c:627:6:SystemClock_Config	88	static
../Core/Src/main.c:671:13:MX_ADC1_Init	24	static
../Core/Src/main.c:842:13:MX_I2C1_Init	8	static
../Core/Src/main.c:876:13:MX_TIM1_Init	32	static
../Core/Src/main.c:922:13:MX_TIM2_Init	64	static
../Core/Src/main.c:981:13:MX_TIM3_Init	32	static
../Core/Src/main.c:1026:13:MX_TIM4_Init	32	static
../Core/Src/main.c:1069:13:MX_DMA_Init	16	static
../Core/Src/main.c:1087:13:MX_GPIO_Init	40	static
../Core/Src/main.c:1201:6:Error_Handler	4	static,ignoring_inline_asm
