../Core/Src/Menu.c:31:6:Incoder_Handler	16	static
../Core/Src/Menu.c:71:6:Menu_Parmetr_Drow	32	static
../Core/Src/Menu.c:118:6:Menu_String_Drow	16	static
../Core/Src/Menu.c:124:6:Menu_List_Element_Drow	16	static
../Core/Src/Menu.c:130:6:Menu_Center_String_Drow	24	static
../Core/Src/Menu.c:143:6:Menu_List_Element_Vector_Drow	24	static
../Core/Src/Menu.c:163:9:Menu_List_Vector_Size	24	static
../Core/Src/Menu.c:172:6:OLED_Set_Menu_Cursor	16	static
../Core/Src/Menu.c:186:6:Value_Changing	16	static
../Core/Src/Menu.c:217:6:Value_Change	24	static
../Core/Src/Menu.c:222:6:Menu_List_Element_Value_Change	40	static
../Core/Src/Menu.c:232:6:Menu_List_Element_Vector_it	32	static
../Core/Src/Menu.c:262:6:Menu_List_Element_Create	40	static
../Core/Src/Menu.c:285:9:Menu_List_Size	24	static
../Core/Src/Menu.c:294:6:Menu_List_Vector_Drow	24	static
../Core/Src/Menu.c:313:6:OLED_Set_Menu_List_Cursor	16	static
../Core/Src/Menu.c:335:6:Menu_List_Vector_it	56	static
../Core/Src/Menu.c:379:6:Menu_List_Create	40	static
../Core/Src/Menu.c:403:6:start_Page_Drow	8	static
../Core/Src/Menu.c:434:6:Button_Handler	16	static
../Core/Src/Menu.c:491:6:Menu_it	24	static
