../Core/Src/Menu.c:19:6:Menu_Parmetr_Drow	32	static
../Core/Src/Menu.c:66:6:Menu_String_Drow	16	static
../Core/Src/Menu.c:72:6:Menu_List_Element_Drow	16	static
../Core/Src/Menu.c:78:6:Menu_Center_String_Drow	24	static
../Core/Src/Menu.c:91:6:Menu_List_Element_Vector_Drow	24	static
../Core/Src/Menu.c:111:9:Menu_List_Vector_Size	24	static
../Core/Src/Menu.c:120:6:OLED_Set_Menu_Cursor	16	static
../Core/Src/Menu.c:134:6:Value_Changing	24	static
../Core/Src/Menu.c:165:6:Value_Change	24	static
../Core/Src/Menu.c:171:6:Menu_List_Element_Value_Change	48	static
../Core/Src/Menu.c:181:6:Menu_List_Element_Vector_it	32	static
../Core/Src/Menu.c:214:6:Menu_List_Element_Create	40	static
../Core/Src/Menu.c:237:9:Menu_List_Size	24	static
../Core/Src/Menu.c:246:6:Menu_List_Vector_Drow	24	static
../Core/Src/Menu.c:265:6:OLED_Set_Menu_List_Cursor	16	static
../Core/Src/Menu.c:287:6:Menu_List_Vector_it	56	static
../Core/Src/Menu.c:333:6:Menu_List_Create	40	static
../Core/Src/Menu.c:357:6:start_Page_Drow	8	static
../Core/Src/Menu.c:388:6:Button_Handler	16	static
../Core/Src/Menu.c:445:6:Menu_it	40	static
