../Core/Src/Soldering_Station.c:3:10:Set_Temperature	32	static
../Core/Src/Soldering_Station.c:38:10:Temperatur_Correction	24	static
../Core/Src/Soldering_Station.c:71:6:Temperature_Presets_Corection_Converting	24	static
../Core/Src/Soldering_Station.c:80:10:Get_Temperature_Set_C	16	static
../Core/Src/Soldering_Station.c:87:10:Get_Current_Temperature_C	16	static
../Core/Src/Soldering_Station.c:95:10:Get_Manual_Preset_Temperature_C	16	static
../Core/Src/Soldering_Station.c:99:6:Set_Manual_Preset_Temperature_C	16	static
../Core/Src/Soldering_Station.c:109:6:Solder_Iron_it	24	static
../Core/Src/Soldering_Station.c:122:6:Solder_Iron_Sleep_Time_Resset	16	static
../Core/Src/Soldering_Station.c:131:6:Solder_Iron_tim_it	16	static
../Core/Src/Soldering_Station.c:149:6:Solder_Iron_ini	16	static
../Core/Src/Soldering_Station.c:161:6:Solder_Iron_ON	16	static
../Core/Src/Soldering_Station.c:167:6:Solder_Iron_OFF	16	static
../Core/Src/Soldering_Station.c:173:6:Solder_Iron_Set_MODE_Temperature	24	static
../Core/Src/Soldering_Station.c:191:6:Solder_Iron_Temperature_Presets_Corection_Converting	16	static
../Core/Src/Soldering_Station.c:198:6:Solder_Iron_Set_Manual_Temperature	16	static
../Core/Src/Soldering_Station.c:209:6:Solder_Iron_Set_Preset1_Temperature	16	static
../Core/Src/Soldering_Station.c:217:6:Solder_Iron_Set_Preset2_Temperature	16	static
../Core/Src/Soldering_Station.c:225:6:Solder_Iron_Set_Manual_Preset_Temperature_C	16	static
../Core/Src/Soldering_Station.c:232:6:Solder_Iron_Full_Power_ON	16	static
../Core/Src/Soldering_Station.c:241:6:Solder_Iron_Full_Power_OFF	16	static
../Core/Src/Soldering_Station.c:250:23:Solder_Iron_Get_Full_Power_State	16	static
../Core/Src/Soldering_Station.c:257:27:Solder_Iron_Get_State	16	static
../Core/Src/Soldering_Station.c:264:10:Soldering_Iron_Get_Manual_Preset_Temperature_C	16	static
../Core/Src/Soldering_Station.c:271:10:Soldering_Iron_Get_Temperature_Set_C	16	static
../Core/Src/Soldering_Station.c:278:10:Soldering_Iron_Get_Current_Temperature_C	16	static
../Core/Src/Soldering_Station.c:285:6:Vibration_Sensor_it	16	static
../Core/Src/Soldering_Station.c:298:10:Solder_Iron_Flash_Write_Struct	16	static
../Core/Src/Soldering_Station.c:306:19:Solder_Iron_Flash_Read_Struct	192	static
../Core/Src/Soldering_Station.c:321:19:Solder_Iron_Flash_Read_Manual_Temperature	16	static
../Core/Src/Soldering_Station.c:329:6:Solder_Iron_Flash_Reset_Rewrite_Timer	16	static
../Core/Src/Soldering_Station.c:339:6:Soldering_Heat_Gun_ini	16	static
../Core/Src/Soldering_Station.c:349:6:Soldering_Heat_Gun_ON	16	static
../Core/Src/Soldering_Station.c:364:6:Soldering_Heat_Gun_OFF	16	static
../Core/Src/Soldering_Station.c:376:6:Soldering_Heat_Gun_Set_MODE_Temperature	24	static
../Core/Src/Soldering_Station.c:385:6:Soldering_Heat_Gun_Temperature_Presets_Corection_Converting	16	static
../Core/Src/Soldering_Station.c:392:6:Soldering_Heat_Gun_Temperature_Coolling_Converting	24	static
../Core/Src/Soldering_Station.c:396:6:Soldering_Heat_Gun_Set_Manual_Temperature	16	static
../Core/Src/Soldering_Station.c:406:6:Soldering_Heat_Gun_Set_Preset1_Temperature	16	static
../Core/Src/Soldering_Station.c:413:6:Soldering_Heat_Gun_Set_Preset2_Temperature	16	static
../Core/Src/Soldering_Station.c:420:6:Soldering_Heat_Gun_Set_Manual_Preset_Temperature_C	16	static
../Core/Src/Soldering_Station.c:427:6:Soldering_Heat_Gun_Set_PID_MAX_Control_Value	16	static
../Core/Src/Soldering_Station.c:434:31:Soldering_Heat_Gun_Get_State	16	static
../Core/Src/Soldering_Station.c:441:10:Soldering_Heat_Gun_Get_Manual_Preset_Temperature_C	16	static
../Core/Src/Soldering_Station.c:448:10:Soldering_Heat_Gun_Get_Temperature_Set_C	16	static
../Core/Src/Soldering_Station.c:455:10:Soldering_Heat_Gun_Get_Current_Temperature_C	16	static
../Core/Src/Soldering_Station.c:462:24:Soldering_Heat_Gun_Get_PAC_Controll_State	16	static
../Core/Src/Soldering_Station.c:469:10:Soldering_Heat_Gun_Get_PAC_Controll_Value	16	static
../Core/Src/Soldering_Station.c:476:6:Soldering_Heat_Gun_it	24	static
../Core/Src/Soldering_Station.c:493:10:Soldering_Heat_Gun_Flash_Write_Struct	16	static
../Core/Src/Soldering_Station.c:501:9:Soldering_Heat_Gun_Flash_Read_Struct	176	static
../Core/Src/Soldering_Station.c:516:19:Soldering_Heat_Gun_Flash_Read_Manual_Temperature	16	static
../Core/Src/Soldering_Station.c:524:6:Soldering_Heat_Gun_Flash_Reset_Rewrite_Timer	16	static
../Core/Src/Soldering_Station.c:533:6:Soldering_Separator_ini	16	static
../Core/Src/Soldering_Station.c:543:6:Soldering_Separator_ON	16	static
../Core/Src/Soldering_Station.c:554:6:Soldering_Separator_OFF	16	static
../Core/Src/Soldering_Station.c:563:6:Soldering_Separator_Set_MODE_Temperature	24	static
../Core/Src/Soldering_Station.c:572:6:Soldering_Separator_Temperature_Presets_Corection_Converting	16	static
../Core/Src/Soldering_Station.c:576:6:Soldering_Separator_Set_Manual_Temperature	16	static
../Core/Src/Soldering_Station.c:586:6:Soldering_Separator_Set_Preset1_Temperature	16	static
../Core/Src/Soldering_Station.c:593:6:Soldering_Separator_Set_Preset2_Temperature	16	static
../Core/Src/Soldering_Station.c:600:6:Soldering_Separator_Set_Manual_Preset_Temperature_C	16	static
../Core/Src/Soldering_Station.c:607:32:Soldering_Separator_Get_State	16	static
../Core/Src/Soldering_Station.c:614:10:Soldering_Separator_Get_Temperature_Set_C	16	static
../Core/Src/Soldering_Station.c:621:10:Soldering_Separator_Get_Current_Temperature_C	16	static
../Core/Src/Soldering_Station.c:628:10:Soldering_Separator_Get_Manual_Preset_Temperature_C	16	static
../Core/Src/Soldering_Station.c:635:6:Soldering_Separator_Set_PID_MAX_Control_Value	16	static
../Core/Src/Soldering_Station.c:642:24:Soldering_Separator_Get_PAC_Controll_State	16	static
../Core/Src/Soldering_Station.c:649:10:Soldering_Separator_Get_PAC_Controll_Value	16	static
../Core/Src/Soldering_Station.c:656:6:Soldering_Separator_it	24	static
../Core/Src/Soldering_Station.c:668:10:Soldering_Separator_Flash_Write_Struct	16	static
../Core/Src/Soldering_Station.c:675:19:Soldering_Separator_Flash_Read_Struct	152	static
../Core/Src/Soldering_Station.c:689:10:Soldering_Separator_Flash_Write_Manual_Temperature	16	static
../Core/Src/Soldering_Station.c:696:19:Soldering_Separator_Flash_Read_Manual_Temperature	16	static
../Core/Src/Soldering_Station.c:704:6:Soldering_Separator_Flash_Reset_Rewrite_Timer	16	static
../Core/Src/Soldering_Station.c:711:6:Soldering_Station_Temperature_Presets_Corection_Converting	24	static
../Core/Src/Soldering_Station.c:721:19:Soldering_Station_Read_Struct	32	static
../Core/Src/Soldering_Station.c:737:19:Soldering_Station_Write_Struct	32	static
../Core/Src/Soldering_Station.c:760:10:Write_Manual_Temperature	32	static
../Core/Src/Soldering_Station.c:777:19:Flash_Read_Manual_Temperature	40	static
../Core/Src/Soldering_Station.c:798:6:Flash_Reset_Rewrite_Timer	16	static
../Core/Src/Soldering_Station.c:806:6:Flash_Rewrite_Timer_it	24	static
../Core/Src/Soldering_Station.c:818:6:Flash_Rewrite_Timer_tim_it	24	static
../Core/Src/Soldering_Station.c:827:6:Flash_Rewrite_Timer_ini	16	static
