../Core/Src/Soldering_Station.c:3:10:Set_Temperature	24	static
../Core/Src/Soldering_Station.c:33:6:Solder_Iron_it	24	static
../Core/Src/Soldering_Station.c:46:6:Solder_Iron_Sleep_Time_Resset	16	static
../Core/Src/Soldering_Station.c:55:6:Solder_Iron_tim_it	16	static
../Core/Src/Soldering_Station.c:75:6:Solder_Iron_ini	16	static
../Core/Src/Soldering_Station.c:86:6:Solder_Iron_ON	16	static
../Core/Src/Soldering_Station.c:92:6:Solder_Iron_OFF	16	static
../Core/Src/Soldering_Station.c:98:6:Solder_Iron_Set_Temperature	24	static
../Core/Src/Soldering_Station.c:119:6:Vibration_Sensor_it	16	static
../Core/Src/Soldering_Station.c:132:10:Solder_Iron_Flash_Write_Struct	16	static
../Core/Src/Soldering_Station.c:140:9:Solder_Iron_Flash_Read_Struct	176	static
../Core/Src/Soldering_Station.c:155:9:Solder_Iron_Flash_Read_Manual_Temperature	16	static
../Core/Src/Soldering_Station.c:163:6:Solder_Iron_Flash_Reset_Rewrite_Timer	16	static
../Core/Src/Soldering_Station.c:170:6:Soldering_Heat_Gun_ini	16	static
../Core/Src/Soldering_Station.c:179:6:Soldering_Heat_Gun_ON	16	static
../Core/Src/Soldering_Station.c:194:6:Soldering_Heat_Gun_OFF	16	static
../Core/Src/Soldering_Station.c:205:6:Soldering_Heat_Gun_Set_Temperature	24	static
../Core/Src/Soldering_Station.c:215:6:Soldering_Heat_Gun_it	16	static
../Core/Src/Soldering_Station.c:233:10:Soldering_Heat_Gun_Flash_Write_Struct	16	static
../Core/Src/Soldering_Station.c:241:9:Soldering_Heat_Gun_Flash_Read_Struct	160	static
../Core/Src/Soldering_Station.c:256:9:Soldering_Heat_Gun_Flash_Read_Manual_Temperature	16	static
../Core/Src/Soldering_Station.c:264:6:Soldering_Heat_Gun_Flash_Reset_Rewrite_Timer	16	static
../Core/Src/Soldering_Station.c:271:6:Soldering_Separator_ini	16	static
../Core/Src/Soldering_Station.c:280:6:Soldering_Separator_ON	16	static
../Core/Src/Soldering_Station.c:291:6:Soldering_Separator_OFF	16	static
../Core/Src/Soldering_Station.c:300:6:Soldering_Separator_Set_Temperature	24	static
../Core/Src/Soldering_Station.c:310:6:Soldering_Separator_it	16	static
../Core/Src/Soldering_Station.c:322:10:Soldering_Separator_Flash_Write_Struct	16	static
../Core/Src/Soldering_Station.c:326:9:Soldering_Separator_Flash_Read_Struct	144	static
../Core/Src/Soldering_Station.c:336:10:Soldering_Separator_Flash_Write_Manual_Temperature	16	static
../Core/Src/Soldering_Station.c:340:9:Soldering_Separator_Flash_Read_Manual_Temperature	16	static
../Core/Src/Soldering_Station.c:344:6:Soldering_Separator_Flash_Reset_Rewrite_Timer	16	static
../Core/Src/Soldering_Station.c:348:9:Soldering_Station_Read_Struct	32	static
../Core/Src/Soldering_Station.c:361:9:Soldering_Station_Write_Struct	32	static
../Core/Src/Soldering_Station.c:381:10:Write_Manual_Temperature	32	static
../Core/Src/Soldering_Station.c:395:9:Flash_Read_Manual_Temperature	40	static
../Core/Src/Soldering_Station.c:412:6:Flash_Reset_Rewrite_Timer	16	static
../Core/Src/Soldering_Station.c:417:6:Flash_Rewrite_Timer_it	24	static
../Core/Src/Soldering_Station.c:426:6:Flash_Rewrite_Timer_tim_it	24	static
../Core/Src/Soldering_Station.c:432:6:Flash_Rewrite_Timer_ini	16	static
