../Core/Src/Soldering_Station.c:3:10:Set_Temperature	32	static
../Core/Src/Soldering_Station.c:38:10:Temperatur_Correction	24	static
../Core/Src/Soldering_Station.c:71:6:Temperature_Presets_Corection_Converting	24	static
../Core/Src/Soldering_Station.c:80:10:Get_Temperature_Set_C	16	static
../Core/Src/Soldering_Station.c:87:10:Get_Current_Temperature_C	16	static
../Core/Src/Soldering_Station.c:95:10:Get_Manual_Preset_Temperature_C	16	static
../Core/Src/Soldering_Station.c:99:6:Set_Manual_Preset_Temperature_C	16	static
../Core/Src/Soldering_Station.c:109:6:Solder_Iron_it	24	static
../Core/Src/Soldering_Station.c:122:6:Solder_Iron_Sleep_Time_Resset	16	static
../Core/Src/Soldering_Station.c:131:6:Solder_Iron_tim_it	16	static
../Core/Src/Soldering_Station.c:149:6:Solder_Iron_ini	16	static
../Core/Src/Soldering_Station.c:161:6:Solder_Iron_ON	16	static
../Core/Src/Soldering_Station.c:167:6:Solder_Iron_OFF	16	static
../Core/Src/Soldering_Station.c:173:6:Solder_Iron_Set_MODE_Temperature	24	static
../Core/Src/Soldering_Station.c:191:6:Solder_Iron_Temperature_Presets_Corection_Converting	16	static
../Core/Src/Soldering_Station.c:198:6:Solder_Iron_Set_Manual_Temperature	16	static
../Core/Src/Soldering_Station.c:209:6:Solder_Iron_Set_Preset1_Temperature	16	static
../Core/Src/Soldering_Station.c:217:6:Solder_Iron_Set_Preset2_Temperature	16	static
../Core/Src/Soldering_Station.c:225:6:Solder_Iron_Set_Manual_Preset_Temperature_C	16	static
../Core/Src/Soldering_Station.c:232:6:Solder_Iron_Full_Power_ON	16	static
../Core/Src/Soldering_Station.c:241:6:Solder_Iron_Full_Power_OFF	16	static
../Core/Src/Soldering_Station.c:250:23:Solder_Iron_Get_Full_Power_State	16	static
../Core/Src/Soldering_Station.c:257:27:Solder_Iron_Get_State	16	static
../Core/Src/Soldering_Station.c:264:10:Soldering_Iron_Get_Manual_Preset_Temperature_C	16	static
../Core/Src/Soldering_Station.c:271:10:Soldering_Iron_Get_Temperature_Set_C	16	static
../Core/Src/Soldering_Station.c:278:10:Soldering_Iron_Get_Current_Temperature_C	16	static
../Core/Src/Soldering_Station.c:285:6:Vibration_Sensor_it	16	static
../Core/Src/Soldering_Station.c:298:10:Solder_Iron_Flash_Write_Struct	16	static
../Core/Src/Soldering_Station.c:306:19:Solder_Iron_Flash_Read_Struct	192	static
../Core/Src/Soldering_Station.c:321:19:Solder_Iron_Flash_Read_Manual_Temperature	16	static
../Core/Src/Soldering_Station.c:329:6:Solder_Iron_Flash_Reset_Rewrite_Timer	16	static
../Core/Src/Soldering_Station.c:339:6:Soldering_Heat_Gun_ini	16	static
../Core/Src/Soldering_Station.c:349:6:Soldering_Heat_Gun_ON	16	static
../Core/Src/Soldering_Station.c:364:6:Soldering_Heat_Gun_OFF	16	static
../Core/Src/Soldering_Station.c:374:6:Soldering_Heat_Gun_Set_MODE_Temperature	24	static
../Core/Src/Soldering_Station.c:383:6:Soldering_Heat_Gun_Temperature_Presets_Corection_Converting	16	static
../Core/Src/Soldering_Station.c:390:6:Soldering_Heat_Gun_Temperature_Coolling_Converting	24	static
../Core/Src/Soldering_Station.c:394:6:Soldering_Heat_Gun_Set_Manual_Temperature	16	static
../Core/Src/Soldering_Station.c:404:6:Soldering_Heat_Gun_Set_Preset1_Temperature	16	static
../Core/Src/Soldering_Station.c:411:6:Soldering_Heat_Gun_Set_Preset2_Temperature	16	static
../Core/Src/Soldering_Station.c:418:6:Soldering_Heat_Gun_Set_Manual_Preset_Temperature_C	16	static
../Core/Src/Soldering_Station.c:425:6:Soldering_Heat_Gun_Set_PID_MAX_Control_Value	16	static
../Core/Src/Soldering_Station.c:432:31:Soldering_Heat_Gun_Get_State	16	static
../Core/Src/Soldering_Station.c:439:10:Soldering_Heat_Gun_Get_Manual_Preset_Temperature_C	16	static
../Core/Src/Soldering_Station.c:446:10:Soldering_Heat_Gun_Get_Temperature_Set_C	16	static
../Core/Src/Soldering_Station.c:453:10:Soldering_Heat_Gun_Get_Current_Temperature_C	16	static
../Core/Src/Soldering_Station.c:460:31:Soldering_Heat_Gun_Get_PAC_Controll_State	16	static
../Core/Src/Soldering_Station.c:467:10:Soldering_Heat_Gun_Get_PAC_Controll_Value	16	static
../Core/Src/Soldering_Station.c:474:6:Soldering_Heat_Gun_it	24	static
../Core/Src/Soldering_Station.c:491:10:Soldering_Heat_Gun_Flash_Write_Struct	16	static
../Core/Src/Soldering_Station.c:499:9:Soldering_Heat_Gun_Flash_Read_Struct	176	static
../Core/Src/Soldering_Station.c:514:19:Soldering_Heat_Gun_Flash_Read_Manual_Temperature	16	static
../Core/Src/Soldering_Station.c:522:6:Soldering_Heat_Gun_Flash_Reset_Rewrite_Timer	16	static
../Core/Src/Soldering_Station.c:531:6:Soldering_Separator_ini	16	static
../Core/Src/Soldering_Station.c:541:6:Soldering_Separator_ON	16	static
../Core/Src/Soldering_Station.c:551:6:Soldering_Separator_OFF	16	static
../Core/Src/Soldering_Station.c:559:6:Soldering_Separator_Set_MODE_Temperature	24	static
../Core/Src/Soldering_Station.c:568:6:Soldering_Separator_Temperature_Presets_Corection_Converting	16	static
../Core/Src/Soldering_Station.c:572:6:Soldering_Separator_Set_Manual_Temperature	16	static
../Core/Src/Soldering_Station.c:582:6:Soldering_Separator_Set_Preset1_Temperature	16	static
../Core/Src/Soldering_Station.c:589:6:Soldering_Separator_Set_Preset2_Temperature	16	static
../Core/Src/Soldering_Station.c:596:6:Soldering_Separator_Set_Manual_Preset_Temperature_C	16	static
../Core/Src/Soldering_Station.c:603:32:Soldering_Separator_Get_State	16	static
../Core/Src/Soldering_Station.c:610:10:Soldering_Separator_Get_Temperature_Set_C	16	static
../Core/Src/Soldering_Station.c:617:10:Soldering_Separator_Get_Current_Temperature_C	16	static
../Core/Src/Soldering_Station.c:624:10:Soldering_Separator_Get_Manual_Preset_Temperature_C	16	static
../Core/Src/Soldering_Station.c:631:6:Soldering_Separator_Set_PID_MAX_Control_Value	16	static
../Core/Src/Soldering_Station.c:638:31:Soldering_Separator_Get_PAC_Controll_State	16	static
../Core/Src/Soldering_Station.c:645:10:Soldering_Separator_Get_PAC_Controll_Value	16	static
../Core/Src/Soldering_Station.c:652:6:Soldering_Separator_it	24	static
../Core/Src/Soldering_Station.c:664:10:Soldering_Separator_Flash_Write_Struct	16	static
../Core/Src/Soldering_Station.c:671:19:Soldering_Separator_Flash_Read_Struct	152	static
../Core/Src/Soldering_Station.c:685:10:Soldering_Separator_Flash_Write_Manual_Temperature	16	static
../Core/Src/Soldering_Station.c:692:19:Soldering_Separator_Flash_Read_Manual_Temperature	16	static
../Core/Src/Soldering_Station.c:700:6:Soldering_Separator_Flash_Reset_Rewrite_Timer	16	static
../Core/Src/Soldering_Station.c:707:6:Soldering_Station_Temperature_Presets_Corection_Converting	24	static
../Core/Src/Soldering_Station.c:717:19:Soldering_Station_Read_Struct	32	static
../Core/Src/Soldering_Station.c:733:19:Soldering_Station_Write_Struct	32	static
../Core/Src/Soldering_Station.c:756:10:Write_Manual_Temperature	32	static
../Core/Src/Soldering_Station.c:773:19:Flash_Read_Manual_Temperature	40	static
../Core/Src/Soldering_Station.c:794:6:Flash_Reset_Rewrite_Timer	16	static
../Core/Src/Soldering_Station.c:802:6:Flash_Rewrite_Timer_it	24	static
../Core/Src/Soldering_Station.c:814:6:Flash_Rewrite_Timer_tim_it	24	static
../Core/Src/Soldering_Station.c:823:6:Flash_Rewrite_Timer_ini	16	static
